Archive member included to satisfy reference by file (symbol)

./bin/lib/40/S32K148_lib/lib_S32K148_sdk.a(system_S32K148.o)
                              (--whole-archive)
./bin/lib/40/S32K148_lib/lib_S32K148_sdk.a(startup_S32K148.o)
                              (--whole-archive)
./bin/lib/40/S32K148_lib/lib_S32K148_sdk.a(adc_driver.o)
                              (--whole-archive)
./bin/lib/40/S32K148_lib/lib_S32K148_sdk.a(clock_S32K1xx.o)
                              (--whole-archive)
./bin/lib/40/S32K148_lib/lib_S32K148_sdk.a(crc_driver.o)
                              (--whole-archive)
./bin/lib/40/S32K148_lib/lib_S32K148_sdk.a(crc_hw_access.o)
                              (--whole-archive)
./bin/lib/40/S32K148_lib/lib_S32K148_sdk.a(edma_driver.o)
                              (--whole-archive)
./bin/lib/40/S32K148_lib/lib_S32K148_sdk.a(edma_hw_access.o)
                              (--whole-archive)
./bin/lib/40/S32K148_lib/lib_S32K148_sdk.a(edma_irq.o)
                              (--whole-archive)
./bin/lib/40/S32K148_lib/lib_S32K148_sdk.a(flash_driver.o)
                              (--whole-archive)
./bin/lib/40/S32K148_lib/lib_S32K148_sdk.a(flexcan_driver.o)
                              (--whole-archive)
./bin/lib/40/S32K148_lib/lib_S32K148_sdk.a(flexcan_hw_access.o)
                              (--whole-archive)
./bin/lib/40/S32K148_lib/lib_S32K148_sdk.a(flexcan_irq.o)
                              (--whole-archive)
./bin/lib/40/S32K148_lib/lib_S32K148_sdk.a(ftm_common.o)
                              (--whole-archive)
./bin/lib/40/S32K148_lib/lib_S32K148_sdk.a(ftm_hw_access.o)
                              (--whole-archive)
./bin/lib/40/S32K148_lib/lib_S32K148_sdk.a(ftm_ic_driver.o)
                              (--whole-archive)
./bin/lib/40/S32K148_lib/lib_S32K148_sdk.a(ftm_mc_driver.o)
                              (--whole-archive)
./bin/lib/40/S32K148_lib/lib_S32K148_sdk.a(ftm_oc_driver.o)
                              (--whole-archive)
./bin/lib/40/S32K148_lib/lib_S32K148_sdk.a(ftm_pwm_driver.o)
                              (--whole-archive)
./bin/lib/40/S32K148_lib/lib_S32K148_sdk.a(ftm_qd_driver.o)
                              (--whole-archive)
./bin/lib/40/S32K148_lib/lib_S32K148_sdk.a(interrupt_manager.o)
                              (--whole-archive)
./bin/lib/40/S32K148_lib/lib_S32K148_sdk.a(lpi2c_driver.o)
                              (--whole-archive)
./bin/lib/40/S32K148_lib/lib_S32K148_sdk.a(lpi2c_hw_access.o)
                              (--whole-archive)
./bin/lib/40/S32K148_lib/lib_S32K148_sdk.a(lpi2c_irq.o)
                              (--whole-archive)
./bin/lib/40/S32K148_lib/lib_S32K148_sdk.a(lpit_driver.o)
                              (--whole-archive)
./bin/lib/40/S32K148_lib/lib_S32K148_sdk.a(lpspi_hw_access.o)
                              (--whole-archive)
./bin/lib/40/S32K148_lib/lib_S32K148_sdk.a(lpspi_irq.o)
                              (--whole-archive)
./bin/lib/40/S32K148_lib/lib_S32K148_sdk.a(lpspi_master_driver.o)
                              (--whole-archive)
./bin/lib/40/S32K148_lib/lib_S32K148_sdk.a(lpspi_slave_driver.o)
                              (--whole-archive)
./bin/lib/40/S32K148_lib/lib_S32K148_sdk.a(lpspi_shared_function.o)
                              (--whole-archive)
./bin/lib/40/S32K148_lib/lib_S32K148_sdk.a(lpuart_driver.o)
                              (--whole-archive)
./bin/lib/40/S32K148_lib/lib_S32K148_sdk.a(lpuart_driver_mrs_lin.o)
                              (--whole-archive)
./bin/lib/40/S32K148_lib/lib_S32K148_sdk.a(lpuart_hw_access.o)
                              (--whole-archive)
./bin/lib/40/S32K148_lib/lib_S32K148_sdk.a(lpuart_irq.o)
                              (--whole-archive)
./bin/lib/40/S32K148_lib/lib_S32K148_sdk.a(lptmr_driver.o)
                              (--whole-archive)
./bin/lib/40/S32K148_lib/lib_S32K148_sdk.a(lptmr_hw_access.o)
                              (--whole-archive)
./bin/lib/40/S32K148_lib/lib_S32K148_sdk.a(pdb_driver.o)
                              (--whole-archive)
./bin/lib/40/S32K148_lib/lib_S32K148_sdk.a(pdb_hw_access.o)
                              (--whole-archive)
./bin/lib/40/S32K148_lib/lib_S32K148_sdk.a(pins_driver.o)
                              (--whole-archive)
./bin/lib/40/S32K148_lib/lib_S32K148_sdk.a(pins_port_hw_access.o)
                              (--whole-archive)
./bin/lib/40/S32K148_lib/lib_S32K148_sdk.a(rtc_driver.o)
                              (--whole-archive)
./bin/lib/40/S32K148_lib/lib_S32K148_sdk.a(rtc_hw_access.o)
                              (--whole-archive)
./bin/lib/40/S32K148_lib/lib_S32K148_sdk.a(rtc_irq.o)
                              (--whole-archive)
./bin/lib/40/S32K148_lib/lib_S32K148_sdk.a(wdog_driver.o)
                              (--whole-archive)
./bin/lib/40/S32K148_lib/lib_S32K148_sdk.a(wdog_hw_access.o)
                              (--whole-archive)
./bin/lib/40/S32K148_lib/lib_S32K148_sdk.a(lin_stack.o)
[...]
Memory Configuration

Name             Origin             Length             Attributes
m_text_bootloader 0x00000000         0x00010000         r
m_text_header    0x00010000         0x00001000         xr
m_interrupts     0x00011000         0x00000400         xr
m_flash_config   0x00011400         0x00000010         xr
m_text           0x00011410         0x0016ebf0         xr
m_flexram        0x14000000         0x00001000         rw
m_data           0x1ffe0000         0x00020000         rw
m_data_2         0x20000000         0x0001f000         rw
*default*        0x00000000         0xffffffff

Linker script and memory map

LOAD c:/users/tomas/appdata/local/applicsstudio/app-4.8.0/tools/gnuarmembedded/8.3.1/bin/../lib/gcc/arm-none-eabi/8.3.1/thumb/v7e-m+fp/hard/crti.o
LOAD c:/users/tomas/appdata/local/applicsstudio/app-4.8.0/tools/gnuarmembedded/8.3.1/bin/../lib/gcc/arm-none-eabi/8.3.1/thumb/v7e-m+fp/hard/crtbegin.o
LOAD c:/users/tomas/appdata/local/applicsstudio/app-4.8.0/tools/gnuarmembedded/8.3.1/bin/../lib/gcc/arm-none-eabi/8.3.1/../../../../arm-none-eabi/lib/thumb/v7e-m+fp/hard/crt0.o
LOAD ./bin/obj/can_db_tables.o
LOAD ./bin/obj/io_tables.o
LOAD ./bin/obj/io_variables.o
LOAD ./bin/obj/graph_code.o
LOAD ./bin/obj/graph_support.o
LOAD ./bin/obj/module_code.o
LOAD ./bin/obj/lin_db_tables.o
LOAD ./bin/obj/lin_diagnose.o
LOAD ./bin/obj/user_code.o
LOAD ./bin/obj/modulhardwarecode.o
LOAD ./bin/obj/sfl_db.o
LOAD ./bin/obj/sfl_can_db.o
LOAD ./bin/obj/sfl_can_db_tables_data.o
LOAD ./bin/obj/sfl_timer.o
LOAD ./bin/obj/sfl_math.o
LOAD ./bin/obj/sfl_ramp_generator.o
LOAD ./bin/obj/sfl_bl_protocol_s32k.o
LOAD ./bin/obj/sfl_fifo.o
LOAD ./bin/obj/adc_app.o
LOAD ./bin/obj/can_app.o
LOAD ./bin/obj/diag.o
LOAD ./bin/obj/ftm_app.o
LOAD ./bin/obj/input_proc.o
LOAD ./bin/obj/irq_cfg.o
LOAD ./bin/obj/lin_app.o
LOAD ./bin/obj/main.o
LOAD ./bin/obj/motor_app.o
LOAD ./bin/obj/sci_app.o
LOAD ./bin/obj/spi_app.o
LOAD ./bin/obj/user_api_ai.o
LOAD ./bin/obj/user_api_can.o
LOAD ./bin/obj/user_api_eeprom.o
LOAD ./bin/obj/user_api_io.o
LOAD ./bin/obj/user_api_motor.o
LOAD ./bin/obj/user_api_pwm.o
LOAD ./bin/obj/user_api_system.o
LOAD ./bin/obj/user_api_timer.o
LOAD ./bin/obj/user_api_uart.o
LOAD ./bin/obj/user_api_util.o
LOAD ./bin/lib/40/S32K148_lib/lib_S32K148_sdk.a
LOAD ./bin/lib/40/S32K148_lib/lib_S32K148_bsp_cfg.a
LOAD ./bin/lib/40/S32K148_lib/lib_S32K148_hal_impl_s32k.a
LOAD ./bin/lib/40/S32K148_lib/lib_S32K148_bl_protocol.a
LOAD c:/users/tomas/appdata/local/applicsstudio/app-4.8.0/tools/gnuarmembedded/8.3.1/bin/../lib/gcc/arm-none-eabi/8.3.1/../../../../arm-none-eabi/lib/thumb/v7e-m+fp/hard\libstdc++_nano.a
LOAD c:/users/tomas/appdata/local/applicsstudio/app-4.8.0/tools/gnuarmembedded/8.3.1/bin/../lib/gcc/arm-none-eabi/8.3.1/../../../../arm-none-eabi/lib/thumb/v7e-m+fp/hard\libm.a
START GROUP
LOAD c:/users/tomas/appdata/local/applicsstudio/app-4.8.0/tools/gnuarmembedded/8.3.1/bin/../lib/gcc/arm-none-eabi/8.3.1/thumb/v7e-m+fp/hard\libgcc.a
LOAD c:/users/tomas/appdata/local/applicsstudio/app-4.8.0/tools/gnuarmembedded/8.3.1/bin/../lib/gcc/arm-none-eabi/8.3.1/../../../../arm-none-eabi/lib/thumb/v7e-m+fp/hard\libc_nano.a
END GROUP
START GROUP
LOAD c:/users/tomas/appdata/local/applicsstudio/app-4.8.0/tools/gnuarmembedded/8.3.1/bin/../lib/gcc/arm-none-eabi/8.3.1/thumb/v7e-m+fp/hard\libgcc.a
LOAD c:/users/tomas/appdata/local/applicsstudio/app-4.8.0/tools/gnuarmembedded/8.3.1/bin/../lib/gcc/arm-none-eabi/8.3.1/../../../../arm-none-eabi/lib/thumb/v7e-m+fp/hard\libc_nano.a
LOAD c:/users/tomas/appdata/local/applicsstudio/app-4.8.0/tools/gnuarmembedded/8.3.1/bin/../lib/gcc/arm-none-eabi/8.3.1/../../../../arm-none-eabi/lib/thumb/v7e-m+fp/hard\libnosys.a
END GROUP
START GROUP
LOAD c:/users/tomas/appdata/local/applicsstudio/app-4.8.0/tools/gnuarmembedded/8.3.1/bin/../lib/gcc/arm-none-eabi/8.3.1/thumb/v7e-m+fp/hard\libgcc.a
LOAD c:/users/tomas/appdata/local/applicsstudio/app-4.8.0/tools/gnuarmembedded/8.3.1/bin/../lib/gcc/arm-none-eabi/8.3.1/../../../../arm-none-eabi/lib/thumb/v7e-m+fp/hard\libc_nano.a
LOAD c:/users/tomas/appdata/local/applicsstudio/app-4.8.0/tools/gnuarmembedded/8.3.1/bin/../lib/gcc/arm-none-eabi/8.3.1/../../../../arm-none-eabi/lib/thumb/v7e-m+fp/hard\libnosys.a
END GROUP
LOAD c:/users/tomas/appdata/local/applicsstudio/app-4.8.0/tools/gnuarmembedded/8.3.1/bin/../lib/gcc/arm-none-eabi/8.3.1/thumb/v7e-m+fp/hard/crtend.o
LOAD c:/users/tomas/appdata/local/applicsstudio/app-4.8.0/tools/gnuarmembedded/8.3.1/bin/../lib/gcc/arm-none-eabi/8.3.1/thumb/v7e-m+fp/hard/crtn.o
                0x00000400                HEAP_SIZE = DEFINED (__heap_size__)?__heap_size__:0x400
                0x00001000                STACK_SIZE = DEFINED (__stack_size__)?__stack_size__:0x1000
                0x00010000                __APP_HEADER_ADDR = 0x10000
                0x00001000                __APP_HEADER_SIZE = 0x1000
                0x0000f000                __EE_RO_FLASH_ADDR = 0xf000
                0x0000f200                __EE_CALIBR_FLASH_ADDR = 0xf200
                0x00000400                M_VECTOR_RAM_SIZE = DEFINED (__flash_vector_table__)?0x0:0x400

.APP_HEADER     0x00010000     0x1000
 *(.APP_HEADER)
 .APP_HEADER    0x00010000      0x400 ./bin/lib/40/S32K148_lib/lib_S32K148_bl_protocol.a(role_protocol_bl.o)
                0x00011000                . = ALIGN (__APP_HEADER_SIZE)
 *fill*         0x00010400      0xc00 

.interrupts     0x00011000      0x400
                0x00011000                __VECTOR_TABLE = .
                0x00011000                __interrupts_start__ = .
                0x00011000                . = ALIGN (0x4)
 *(.isr_vector)
 .isr_vector    0x00011000      0x400 ./bin/lib/40/S32K148_lib/lib_S32K148_sdk.a(startup_S32K148.o)
                0x00011000                __isr_vector
                0x00011400                __interrupts_end__ = .
                0x00011400                . = ALIGN (0x4)

.flash_config   0x00011400       0x10
                0x00011400                . = ALIGN (0x4)
 *(.FlashConfig)
 .FlashConfig   0x00011400       0x10 ./bin/lib/40/S32K148_lib/lib_S32K148_sdk.a(startup_S32K148.o)
                0x00011410                . = ALIGN (0x4)

.text           0x00011410    0x12f78
                0x00011410                . = ALIGN (0x4)
 *(.text)
 .text          0x00011410       0x40 c:/users/tomas/appdata/local/applicsstudio/app-4.8.0/tools/gnuarmembedded/8.3.1/bin/../lib/gcc/arm-none-eabi/8.3.1/thumb/v7e-m+fp/hard/crtbegin.o
 .text          0x00011450       0x4c ./bin/lib/40/S32K148_lib/lib_S32K148_sdk.a(startup_S32K148.o)
                0x00011450                Reset_Handler
                0x00011498                DebugMon_Handler
                0x00011498                HardFault_Handler
                0x00011498                Reserved103_IRQHandler
                0x00011498                Reserved50_IRQHandler
                0x00011498                FTFC_Fault_IRQHandler
                0x00011498                Reserved114_IRQHandler
                0x00011498                PendSV_Handler
                0x00011498                NMI_Handler
                0x00011498                ERM_double_fault_IRQHandler
                0x00011498                Reserved59_IRQHandler
                0x00011498                LPIT0_Ch0_IRQHandler
                0x00011498                Reserved99_IRQHandler
                0x00011498                LPIT0_Ch3_IRQHandler
                0x00011498                SWI_IRQHandler
                0x00011498                ADC0_IRQHandler
                0x00011498                UsageFault_Handler
                0x00011498                FTM4_Fault_IRQHandler
                0x00011498                DefaultISR
                0x00011498                Reserved58_IRQHandler
                0x00011498                FTM7_Fault_IRQHandler
                0x00011498                Reserved82_IRQHandler
                0x00011498                PORTD_IRQHandler
                0x00011498                SAI1_Rx_IRQHandler
                0x00011498                Reserved69_IRQHandler
                0x00011498                PORTB_IRQHandler
                0x00011498                Reserved70_IRQHandler
                0x00011498                Reserved53_IRQHandler
                0x00011498                PDB0_IRQHandler
                0x00011498                Reserved54_IRQHandler
                0x00011498                FTM6_Fault_IRQHandler
                0x00011498                LPUART1_RxTx_IRQHandler
                0x00011498                Reserved110_IRQHandler
                0x00011498                Reserved107_IRQHandler
                0x00011498                ENET_TIMER_IRQHandler
                0x00011498                Read_Collision_IRQHandler
                0x00011498                FTFC_IRQHandler
                0x00011498                FTM5_Fault_IRQHandler
                0x00011498                LPIT0_Ch1_IRQHandler
                0x00011498                SAI0_Tx_IRQHandler
                0x00011498                LPUART2_RxTx_IRQHandler
                0x00011498                WDOG_EWM_IRQHandler
                0x00011498                MemManage_Handler
                0x00011498                Reserved83_IRQHandler
                0x00011498                FTM0_Fault_IRQHandler
                0x00011498                Reserved48_IRQHandler
                0x00011498                SVC_Handler
                0x00011498                ENET_TX_IRQHandler
                0x00011498                ERM_single_fault_IRQHandler
                0x00011498                FTM2_Fault_IRQHandler
                0x00011498                FTM3_Fault_IRQHandler
                0x00011498                RCM_IRQHandler
                0x00011498                Reserved100_IRQHandler
                0x00011498                SAI0_Rx_IRQHandler
                0x00011498                SCG_IRQHandler
                0x00011498                PDB1_IRQHandler
                0x00011498                ENET_WAKE_IRQHandler
                0x00011498                FTM1_Fault_IRQHandler
                0x00011498                Reserved106_IRQHandler
                0x00011498                ENET_ERR_IRQHandler
                0x00011498                LVD_LVW_IRQHandler
                0x00011498                ENET_STOP_IRQHandler
                0x00011498                ENET_RX_IRQHandler
                0x00011498                LPIT0_Ch2_IRQHandler
                0x00011498                PORTA_IRQHandler
                0x00011498                MCM_IRQHandler
                0x00011498                PORTE_IRQHandler
                0x00011498                LPUART0_RxTx_IRQHandler
                0x00011498                LPTMR0_IRQHandler
                0x00011498                BusFault_Handler
                0x00011498                QSPI_IRQHandler
                0x00011498                CMP0_IRQHandler
                0x00011498                Reserved52_IRQHandler
                0x00011498                PORTC_IRQHandler
                0x00011498                FLEXIO_IRQHandler
                0x00011498                SAI1_Tx_IRQHandler
                0x00011498                Reserved113_IRQHandler
 .text          0x0001149c      0x378 c:/users/tomas/appdata/local/applicsstudio/app-4.8.0/tools/gnuarmembedded/8.3.1/bin/../lib/gcc/arm-none-eabi/8.3.1/thumb/v7e-m+fp/hard\libgcc.a(_arm_addsubdf3.o)
                0x0001149c                __aeabi_drsub
                0x000114a4                __aeabi_dsub
                0x000114a4                __subdf3
                0x000114a8                __aeabi_dadd
                0x000114a8                __adddf3
                0x00011720                __floatunsidf
                0x00011720                __aeabi_ui2d
                0x00011740                __floatsidf
                0x00011740                __aeabi_i2d
                0x00011764                __aeabi_f2d
                0x00011764                __extendsfdf2
                0x000117a8                __floatundidf
                0x000117a8                __aeabi_ul2d
                0x000117b8                __floatdidf
                0x000117b8                __aeabi_l2d
 .text          0x00011814      0x424 c:/users/tomas/appdata/local/applicsstudio/app-4.8.0/tools/gnuarmembedded/8.3.1/bin/../lib/gcc/arm-none-eabi/8.3.1/thumb/v7e-m+fp/hard\libgcc.a(_arm_muldivdf3.o)
                0x00011814                __aeabi_dmul
                0x00011814                __muldf3
                0x00011a68                __divdf3
                0x00011a68                __aeabi_ddiv
 .text          0x00011c38       0x40 c:/users/tomas/appdata/local/applicsstudio/app-4.8.0/tools/gnuarmembedded/8.3.1/bin/../lib/gcc/arm-none-eabi/8.3.1/thumb/v7e-m+fp/hard\libgcc.a(_arm_fixunsdfsi.o)
                0x00011c38                __aeabi_d2uiz
                0x00011c38                __fixunsdfsi
 .text          0x00011c78       0x30 c:/users/tomas/appdata/local/applicsstudio/app-4.8.0/tools/gnuarmembedded/8.3.1/bin/../lib/gcc/arm-none-eabi/8.3.1/thumb/v7e-m+fp/hard\libgcc.a(_aeabi_uldivmod.o)
                0x00011c78                __aeabi_uldivmod
 .text          0x00011ca8      0x2d0 c:/users/tomas/appdata/local/applicsstudio/app-4.8.0/tools/gnuarmembedded/8.3.1/bin/../lib/gcc/arm-none-eabi/8.3.1/thumb/v7e-m+fp/hard\libgcc.a(_udivmoddi4.o)
                0x00011ca8                __udivmoddi4
 .text          0x00011f78        0x4 c:/users/tomas/appdata/local/applicsstudio/app-4.8.0/tools/gnuarmembedded/8.3.1/bin/../lib/gcc/arm-none-eabi/8.3.1/thumb/v7e-m+fp/hard\libgcc.a(_dvmd_tls.o)
                0x00011f78                __aeabi_idiv0
                0x00011f78                __aeabi_ldiv0
 .text          0x00011f7c       0x10 c:/users/tomas/appdata/local/applicsstudio/app-4.8.0/tools/gnuarmembedded/8.3.1/bin/../lib/gcc/arm-none-eabi/8.3.1/../../../../arm-none-eabi/lib/thumb/v7e-m+fp/hard\libc_nano.a(lib_a-strlen.o)
                0x00011f7c                strlen
 *(.text*)
 .text.graphcode_init
                0x00011f8c        0x2 ./bin/obj/graph_code.o
                0x00011f8c                graphcode_init
 .text.graphcode
                0x00011f8e        0x2 ./bin/obj/graph_code.o
                0x00011f8e                graphcode
 .text.usercode_init
                0x00011f90        0x2 ./bin/obj/user_code.o
                0x00011f90                usercode_init
 *fill*         0x00011f92        0x2 
 .text.usercode
                0x00011f94       0x1c ./bin/obj/user_code.o
                0x00011f94                usercode
 .text.user_can_receive_msg_callback
                0x00011fb0       0x3c ./bin/obj/user_code.o
                0x00011fb0                user_can_receive_msg_callback
 .text.user_sci_continuous_receive_callback
                0x00011fec        0x2 ./bin/obj/user_code.o
                0x00011fec                user_sci_continuous_receive_callback
 .text.user_int_timer_1ms
                0x00011fee        0x2 ./bin/obj/user_code.o
                0x00011fee                user_int_timer_1ms
 .text.modulhardwarecode_adc_get_vrefh2
                0x00011ff0       0x38 ./bin/obj/modulhardwarecode.o
                0x00011ff0                modulhardwarecode_adc_get_vrefh2
 .text.modulhardwarecode_init
                0x00012028       0x44 ./bin/obj/modulhardwarecode.o
                0x00012028                modulhardwarecode_init
 .text.modulhardwarecode_adc_multiplex
                0x0001206c       0x3e ./bin/obj/modulhardwarecode.o
                0x0001206c                modulhardwarecode_adc_multiplex
 *fill*         0x000120aa        0x2 
 .text.modulhardwarecode_cyclic
                0x000120ac       0x50 ./bin/obj/modulhardwarecode.o
                0x000120ac                modulhardwarecode_cyclic
 .text.sfl_db_change_intel_to_motorola_32_bit
                0x000120fc       0x18 ./bin/obj/sfl_db.o
                0x000120fc                sfl_db_change_intel_to_motorola_32_bit
 .text.sfl_db_put_signal_value_to_data_block
                0x00012114       0xc2 ./bin/obj/sfl_db.o
                0x00012114                sfl_db_put_signal_value_to_data_block
 .text.sfl_db_get_signal_value_from_data_block
                0x000121d6       0xc8 ./bin/obj/sfl_db.o
                0x000121d6                sfl_db_get_signal_value_from_data_block
 *fill*         0x0001229e        0x2 
 .text.sfl_can_db_rx_fifo_init
                0x000122a0       0x18 ./bin/obj/sfl_can_db.o
                0x000122a0                sfl_can_db_rx_fifo_init
 .text.sfl_can_db_tx_fifo_init
                0x000122b8       0x18 ./bin/obj/sfl_can_db.o
                0x000122b8                sfl_can_db_tx_fifo_init
 .text.sfl_can_db_tx_callback
                0x000122d0       0x48 ./bin/obj/sfl_can_db.o
                0x000122d0                sfl_can_db_tx_callback
 .text.sfl_can_db_tx_fifo_cyclic
                0x00012318       0x3c ./bin/obj/sfl_can_db.o
                0x00012318                sfl_can_db_tx_fifo_cyclic
 .text.sfl_os_can_copy_msg
                0x00012354       0x52 ./bin/obj/sfl_can_db.o
                0x00012354                sfl_os_can_copy_msg
 *fill*         0x000123a6        0x2 
 .text.sfl_can_db_rx_wrapper
                0x000123a8       0x1c ./bin/obj/sfl_can_db.o
                0x000123a8                sfl_can_db_rx_wrapper
 .text.sfl_can_db_tx_wrapper
                0x000123c4       0x5c ./bin/obj/sfl_can_db.o
                0x000123c4                sfl_can_db_tx_wrapper
 .text.sfl_can_input_block_to_db
                0x00012420      0x1ac ./bin/obj/sfl_can_db.o
                0x00012420                sfl_can_input_block_to_db
 .text.sfl_can_queue_in_process_bus
                0x000125cc       0x98 ./bin/obj/sfl_can_db.o
                0x000125cc                sfl_can_queue_in_process_bus
 .text.sfl_can_process_block_timeouts
                0x00012664       0xf8 ./bin/obj/sfl_can_db.o
                0x00012664                sfl_can_process_block_timeouts
 .text.sfl_can_queue_in_process
                0x0001275c       0x28 ./bin/obj/sfl_can_db.o
                0x0001275c                sfl_can_queue_in_process
 .text.sfl_can_db_output_to_bus
                0x00012784      0x24c ./bin/obj/sfl_can_db.o
                0x00012784                sfl_can_db_output_to_bus
 .text.sfl_can_send_message
                0x000129d0       0x68 ./bin/obj/sfl_can_db.o
                0x000129d0                sfl_can_send_message
 .text.set_callback_can_msg_receive
                0x00012a38        0xc ./bin/obj/sfl_can_db.o
                0x00012a38                set_callback_can_msg_receive
 .text.sfl_can_db_tables_data_init_baudrate
                0x00012a44       0xc8 ./bin/obj/sfl_can_db_tables_data.o
                0x00012a44                sfl_can_db_tables_data_init_baudrate
 .text.sfl_can_db_tables_data_init
                0x00012b0c       0x18 ./bin/obj/sfl_can_db_tables_data.o
                0x00012b0c                sfl_can_db_tables_data_init
 .text.sfl_can_rx_int_enable
                0x00012b24       0x30 ./bin/obj/sfl_can_db_tables_data.o
                0x00012b24                sfl_can_rx_int_enable
 .text.sfl_can_get_handle
                0x00012b54       0x28 ./bin/obj/sfl_can_db_tables_data.o
                0x00012b54                sfl_can_get_handle
 .text.sfl_can_db_fifo_init
                0x00012b7c       0x60 ./bin/obj/sfl_can_db_tables_data.o
                0x00012b7c                sfl_can_db_fifo_init
 .text.sfl_can_db_config_mb_set_filter_mask
                0x00012bdc       0x58 ./bin/obj/sfl_can_db_tables_data.o
                0x00012bdc                sfl_can_db_config_mb_set_filter_mask
 .text.sfl_can_db_init
                0x00012c34      0x138 ./bin/obj/sfl_can_db_tables_data.o
                0x00012c34                sfl_can_db_init
 .text.sfl_timer_set_timestamp
                0x00012d6c       0x20 ./bin/obj/sfl_timer.o
                0x00012d6c                sfl_timer_set_timestamp
 .text.sfl_timer_get_time_elapsed
                0x00012d8c       0x38 ./bin/obj/sfl_timer.o
                0x00012d8c                sfl_timer_get_time_elapsed
 .text.sfl_timer_time_elapsed
                0x00012dc4       0x38 ./bin/obj/sfl_timer.o
                0x00012dc4                sfl_timer_time_elapsed
 .text.os_util_lookup1D
                0x00012dfc      0x108 ./bin/obj/sfl_math.o
                0x00012dfc                os_util_lookup1D
 .text.sfl_bl_protocol_s32k_transfer_msg_to_protocol
                0x00012f04       0x50 ./bin/obj/sfl_bl_protocol_s32k.o
 .text.sfl_bl_protocol_s32k_init
                0x00012f54       0x18 ./bin/obj/sfl_bl_protocol_s32k.o
                0x00012f54                sfl_bl_protocol_s32k_init
 .text.sfl_bl_protocol_s32k_is_msg_for_bl
                0x00012f6c       0x1c ./bin/obj/sfl_bl_protocol_s32k.o
                0x00012f6c                sfl_bl_protocol_s32k_is_msg_for_bl
 .text.sfl_bl_protocol_s32k_cyclic
                0x00012f88        0xa ./bin/obj/sfl_bl_protocol_s32k.o
                0x00012f88                sfl_bl_protocol_s32k_cyclic
 .text.sfl_bl_protocol_s32k_process_rx_msg
                0x00012f92       0x10 ./bin/obj/sfl_bl_protocol_s32k.o
                0x00012f92                sfl_bl_protocol_s32k_process_rx_msg
 *fill*         0x00012fa2        0x2 
 .text.sfl_bl_protocol_s32k_rx_tx_init
                0x00012fa4      0x108 ./bin/obj/sfl_bl_protocol_s32k.o
                0x00012fa4                sfl_bl_protocol_s32k_rx_tx_init
 .text.sfl_bl_protocol_s32k_set_baudrate
                0x000130ac      0x14c ./bin/obj/sfl_bl_protocol_s32k.o
                0x000130ac                sfl_bl_protocol_s32k_set_baudrate
 .text.sfl_bl_protocol_s32k_set_baudrate_fd
                0x000131f8       0x70 ./bin/obj/sfl_bl_protocol_s32k.o
                0x000131f8                sfl_bl_protocol_s32k_set_baudrate_fd
 .text.sfl_bl_protocol_s32k_configure_can_baudrate
                0x00013268       0x38 ./bin/obj/sfl_bl_protocol_s32k.o
                0x00013268                sfl_bl_protocol_s32k_configure_can_baudrate
 .text.sfl_fifo_init
                0x000132a0       0x28 ./bin/obj/sfl_fifo.o
                0x000132a0                sfl_fifo_init
 .text.sfl_fifo_put
                0x000132c8       0x58 ./bin/obj/sfl_fifo.o
                0x000132c8                sfl_fifo_put
 .text.sfl_fifo_get
                0x00013320       0x52 ./bin/obj/sfl_fifo.o
                0x00013320                sfl_fifo_get
 .text.sfl_fifo_get_preview
                0x00013372       0x34 ./bin/obj/sfl_fifo.o
                0x00013372                sfl_fifo_get_preview
 .text.sfl_fifo_remove
                0x000133a6       0x3a ./bin/obj/sfl_fifo.o
                0x000133a6                sfl_fifo_remove
 .text.pdb_init
                0x000133e0      0x190 ./bin/obj/adc_app.o
                0x000133e0                pdb_init
 .text.ADC_init
                0x00013570      0x140 ./bin/obj/adc_app.o
                0x00013570                ADC_init
 .text.ADC_IRQHandler
                0x000136b0       0x60 ./bin/obj/adc_app.o
                0x000136b0                ADC_IRQHandler
 .text.ADC1_IRQHandler
                0x00013710        0xc ./bin/obj/adc_app.o
                0x00013710                ADC1_IRQHandler
 .text.ADC2_IRQHandler
                0x0001371c        0xc ./bin/obj/adc_app.o
                0x0001371c                ADC2_IRQHandler
 .text.adc_get_counter
                0x00013728       0x20 ./bin/obj/adc_app.o
                0x00013728                adc_get_counter
 .text.adc_get_measurement_range
                0x00013748       0x18 ./bin/obj/adc_app.o
                0x00013748                adc_get_measurement_range
 .text.adc_copy_results_from_interrupt
                0x00013760       0x80 ./bin/obj/adc_app.o
                0x00013760                adc_copy_results_from_interrupt
 .text.adc_processing
                0x000137e0      0x1d8 ./bin/obj/adc_app.o
                0x000137e0                adc_processing
 .text.adc_wait_first_measurements
                0x000139b8       0x34 ./bin/obj/adc_app.o
                0x000139b8                adc_wait_first_measurements
 .text.CAN_Callback
                0x000139ec       0x90 ./bin/obj/can_app.o
                0x000139ec                CAN_Callback
 .text.CAN_Callback_Error
                0x00013a7c       0xdc ./bin/obj/can_app.o
                0x00013a7c                CAN_Callback_Error
 .text.ext_get_filter_and_mask
                0x00013b58       0x1c ./bin/obj/can_app.o
                0x00013b58                ext_get_filter_and_mask
 .text.user_can_init
                0x00013b74      0x1d0 ./bin/obj/can_app.o
                0x00013b74                user_can_init
 .text.diag_start_request
                0x00013d44       0x36 ./bin/obj/diag.o
                0x00013d44                diag_start_request
 *fill*         0x00013d7a        0x6 
 .text.read_data_request
                0x00013d80      0x358 ./bin/obj/diag.o
                0x00013d80                read_data_request
 .text.consecutive_frame_sending
                0x000140d8      0x270 ./bin/obj/diag.o
                0x000140d8                consecutive_frame_sending
 .text.FTM_IRQHandler
                0x00014348       0x64 ./bin/obj/ftm_app.o
                0x00014348                FTM_IRQHandler
 .text.FTM0_IRQHandler
                0x000143ac       0x14 ./bin/obj/ftm_app.o
                0x000143ac                FTM0_IRQHandler
 .text.FTM1_IRQHandler
                0x000143c0       0x14 ./bin/obj/ftm_app.o
                0x000143c0                FTM1_IRQHandler
 .text.FTM2_IRQHandler
                0x000143d4       0x14 ./bin/obj/ftm_app.o
                0x000143d4                FTM2_IRQHandler
 .text.FTM3_IRQHandler
                0x000143e8       0x14 ./bin/obj/ftm_app.o
                0x000143e8                FTM3_IRQHandler
 .text.FTM4_IRQHandler
                0x000143fc       0x14 ./bin/obj/ftm_app.o
                0x000143fc                FTM4_IRQHandler
 .text.FTM5_IRQHandler
                0x00014410       0x14 ./bin/obj/ftm_app.o
                0x00014410                FTM5_IRQHandler
 .text.FTM6_IRQHandler
                0x00014424       0x14 ./bin/obj/ftm_app.o
                0x00014424                FTM6_IRQHandler
 .text.FTM7_IRQHandler
                0x00014438       0x14 ./bin/obj/ftm_app.o
                0x00014438                FTM7_IRQHandler
 .text.lookup1D
                0x0001444c       0x64 ./bin/obj/input_proc.o
                0x0001444c                lookup1D
 .text.Get_pressure
                0x000144b0       0xa0 ./bin/obj/input_proc.o
                0x000144b0                Get_pressure
 .text.Get_throttle
                0x00014550       0x90 ./bin/obj/input_proc.o
                0x00014550                Get_throttle
 .text.Get_temp
                0x000145e0       0x70 ./bin/obj/input_proc.o
                0x000145e0                Get_temp
 .text.lin_init_all
                0x00014650        0x2 ./bin/obj/lin_app.o
                0x00014650                lin_init_all
 .text.lin_cyclic
                0x00014652        0x2 ./bin/obj/lin_app.o
                0x00014652                lin_cyclic
 .text.supporting_driver_init
                0x00014654       0x2c ./bin/obj/main.o
                0x00014654                supporting_driver_init
 .text.main     0x00014680       0xd0 ./bin/obj/main.o
                0x00014680                main
 .text.sci_init
                0x00014750       0x44 ./bin/obj/sci_app.o
                0x00014750                sci_init
 .text.user_sci_tx_empty_callback
                0x00014794        0x2 ./bin/obj/sci_app.o
                0x00014794                user_sci_tx_empty_callback
 .text.user_sci_transfer_complete_callback
                0x00014796        0x2 ./bin/obj/sci_app.o
                0x00014796                user_sci_transfer_complete_callback
 .text.UART_Callback
                0x00014798       0x90 ./bin/obj/sci_app.o
                0x00014798                UART_Callback
 .text.UART_Callback0
                0x00014828       0x10 ./bin/obj/sci_app.o
                0x00014828                UART_Callback0
 .text.UART_Callback1
                0x00014838       0x10 ./bin/obj/sci_app.o
                0x00014838                UART_Callback1
 .text.UART_Callback2
                0x00014848       0x10 ./bin/obj/sci_app.o
                0x00014848                UART_Callback2
 .text.user_ai_get_mv
                0x00014858       0x40 ./bin/obj/user_api_ai.o
                0x00014858                user_ai_get_mv
 .text.user_can_msg_send
                0x00014898       0x90 ./bin/obj/user_api_can.o
                0x00014898                user_can_msg_send
 .text.user_eeprom_ptr_to_uint16_field_member
                0x00014928      0x200 ./bin/obj/user_api_eeprom.o
                0x00014928                user_eeprom_ptr_to_uint16_field_member
 .text.user_eeprom_read_module_bootloader_version
                0x00014b28       0x1c ./bin/obj/user_api_eeprom.o
                0x00014b28                user_eeprom_read_module_bootloader_version
 .text.user_do_readback
                0x00014b44       0x68 ./bin/obj/user_api_io.o
                0x00014b44                user_do_readback
 .text.SystemInit
                0x00014bac       0x4c ./bin/lib/40/S32K148_lib/lib_S32K148_sdk.a(system_S32K148.o)
                0x00014bac                SystemInit
 .text.SystemCoreClockUpdate
                0x00014bf8       0x84 ./bin/lib/40/S32K148_lib/lib_S32K148_sdk.a(system_S32K148.o)
                0x00014bf8                SystemCoreClockUpdate
 .text.SystemSoftwareReset
                0x00014c7c       0x18 ./bin/lib/40/S32K148_lib/lib_S32K148_sdk.a(system_S32K148.o)
                0x00014c7c                SystemSoftwareReset
 .text.ADC_DRV_ConfigConverter
                0x00014c94      0x188 ./bin/lib/40/S32K148_lib/lib_S32K148_sdk.a(adc_driver.o)
                0x00014c94                ADC_DRV_ConfigConverter
 .text.ADC_DRV_ConfigChan
                0x00014e1c       0x5c ./bin/lib/40/S32K148_lib/lib_S32K148_sdk.a(adc_driver.o)
                0x00014e1c                ADC_DRV_ConfigChan
 .text.ADC_DRV_GetChanResult
                0x00014e78       0x18 ./bin/lib/40/S32K148_lib/lib_S32K148_sdk.a(adc_driver.o)
                0x00014e78                ADC_DRV_GetChanResult
 .text.ADC_DRV_AutoCalibration
                0x00014e90      0x154 ./bin/lib/40/S32K148_lib/lib_S32K148_sdk.a(adc_driver.o)
                0x00014e90                ADC_DRV_AutoCalibration
 .text.CLOCK_SYS_GetCurrentRunMode
                0x00014fe4       0x24 ./bin/lib/40/S32K148_lib/lib_S32K148_sdk.a(clock_S32K1xx.o)
 .text.CLOCK_SYS_GetSysOscFreq
                0x00015008       0x1c ./bin/lib/40/S32K148_lib/lib_S32K148_sdk.a(clock_S32K1xx.o)
 .text.CLOCK_SYS_ConfigureSOSC
                0x00015024      0x12c ./bin/lib/40/S32K148_lib/lib_S32K148_sdk.a(clock_S32K1xx.o)
 .text.CLOCK_SYS_GetSircFreq
                0x00015150       0x28 ./bin/lib/40/S32K148_lib/lib_S32K148_sdk.a(clock_S32K1xx.o)
 .text.CLOCK_SYS_ConfigureSIRC
                0x00015178       0xc4 ./bin/lib/40/S32K148_lib/lib_S32K148_sdk.a(clock_S32K1xx.o)
 .text.CLOCK_SYS_GetFircFreq
                0x0001523c       0x1c ./bin/lib/40/S32K148_lib/lib_S32K148_sdk.a(clock_S32K1xx.o)
 .text.CLOCK_SYS_ConfigureFIRC
                0x00015258       0xb8 ./bin/lib/40/S32K148_lib/lib_S32K148_sdk.a(clock_S32K1xx.o)
 .text.CLOCK_SYS_GetSysPllFreq
                0x00015310       0x44 ./bin/lib/40/S32K148_lib/lib_S32K148_sdk.a(clock_S32K1xx.o)
 .text.CLOCK_SYS_ConfigureSPLL
                0x00015354      0x104 ./bin/lib/40/S32K148_lib/lib_S32K148_sdk.a(clock_S32K1xx.o)
 .text.CLOCK_SYS_SetSystemClockConfig
                0x00015458      0x1c8 ./bin/lib/40/S32K148_lib/lib_S32K148_sdk.a(clock_S32K1xx.o)
 .text.CLOCK_SYS_TransitionSystemClock
                0x00015620       0x3c ./bin/lib/40/S32K148_lib/lib_S32K148_sdk.a(clock_S32K1xx.o)
 .text.CLOCK_SYS_GetSystemClockFreq
                0x0001565c       0x78 ./bin/lib/40/S32K148_lib/lib_S32K148_sdk.a(clock_S32K1xx.o)
 .text.CLOCK_SYS_GetQspiIpgClk
                0x000156d4       0x28 ./bin/lib/40/S32K148_lib/lib_S32K148_sdk.a(clock_S32K1xx.o)
 .text.CLOCK_SYS_GetScgClkOutFreq
                0x000156fc       0x44 ./bin/lib/40/S32K148_lib/lib_S32K148_sdk.a(clock_S32K1xx.o)
 .text.CLOCK_SYS_GetSysAsyncFreq
                0x00015740       0xd0 ./bin/lib/40/S32K148_lib/lib_S32K148_sdk.a(clock_S32K1xx.o)
 .text.CLOCK_SYS_GetSimRtcClkFreq
                0x00015810       0x50 ./bin/lib/40/S32K148_lib/lib_S32K148_sdk.a(clock_S32K1xx.o)
 .text.CLOCK_SYS_GetQSPIInternalReferenceClock
                0x00015860       0x38 ./bin/lib/40/S32K148_lib/lib_S32K148_sdk.a(clock_S32K1xx.o)
 .text.CLOCK_SYS_GetPeripheralClock
                0x00015898       0x78 ./bin/lib/40/S32K148_lib/lib_S32K148_sdk.a(clock_S32K1xx.o)
 .text.CLOCK_SYS_GetLpoFreq
                0x00015910       0x44 ./bin/lib/40/S32K148_lib/lib_S32K148_sdk.a(clock_S32K1xx.o)
 .text.CLOCK_SYS_GetSimClkOutFreq
                0x00015954       0xc0 ./bin/lib/40/S32K148_lib/lib_S32K148_sdk.a(clock_S32K1xx.o)
 .text.CLOCK_DRV_Init
                0x00015a14      0x5a8 ./bin/lib/40/S32K148_lib/lib_S32K148_sdk.a(clock_S32K1xx.o)
                0x00015a14                CLOCK_DRV_Init
 .text.CLOCK_DRV_GetFreq
                0x00015fbc      0x498 ./bin/lib/40/S32K148_lib/lib_S32K148_sdk.a(clock_S32K1xx.o)
                0x00015fbc                CLOCK_DRV_GetFreq
 .text.CLOCK_SYS_Init
                0x00016454       0x1c ./bin/lib/40/S32K148_lib/lib_S32K148_sdk.a(clock_S32K1xx.o)
                0x00016454                CLOCK_SYS_Init
 .text.CLOCK_SYS_UpdateConfiguration
                0x00016470       0xf0 ./bin/lib/40/S32K148_lib/lib_S32K148_sdk.a(clock_S32K1xx.o)
                0x00016470                CLOCK_SYS_UpdateConfiguration
 .text.CLOCK_SYS_GetFreq
                0x00016560        0x8 ./bin/lib/40/S32K148_lib/lib_S32K148_sdk.a(clock_S32K1xx.o)
                0x00016560                CLOCK_SYS_GetFreq
 .text.EDMA_DRV_ClearStructure
                0x00016568       0x10 ./bin/lib/40/S32K148_lib/lib_S32K148_sdk.a(edma_driver.o)
 .text.EDMA_DRV_InstallCallback
                0x00016578       0x20 ./bin/lib/40/S32K148_lib/lib_S32K148_sdk.a(edma_driver.o)
                0x00016578                EDMA_DRV_InstallCallback
 .text.EDMA_DRV_IRQHandler
                0x00016598       0x2c ./bin/lib/40/S32K148_lib/lib_S32K148_sdk.a(edma_driver.o)
                0x00016598                EDMA_DRV_IRQHandler
 .text.EDMA_DRV_ErrorIRQHandler
                0x000165c4       0x3c ./bin/lib/40/S32K148_lib/lib_S32K148_sdk.a(edma_driver.o)
                0x000165c4                EDMA_DRV_ErrorIRQHandler
 .text.EDMA_DRV_ConfigSingleBlockTransfer
                0x00016600      0x138 ./bin/lib/40/S32K148_lib/lib_S32K148_sdk.a(edma_driver.o)
                0x00016600                EDMA_DRV_ConfigSingleBlockTransfer
 .text.EDMA_DRV_ConfigMultiBlockTransfer
                0x00016738       0x64 ./bin/lib/40/S32K148_lib/lib_S32K148_sdk.a(edma_driver.o)
                0x00016738                EDMA_DRV_ConfigMultiBlockTransfer
 .text.EDMA_DRV_StartChannel
                0x0001679c       0x18 ./bin/lib/40/S32K148_lib/lib_S32K148_sdk.a(edma_driver.o)
                0x0001679c                EDMA_DRV_StartChannel
 .text.EDMA_DRV_StopChannel
                0x000167b4       0x18 ./bin/lib/40/S32K148_lib/lib_S32K148_sdk.a(edma_driver.o)
                0x000167b4                EDMA_DRV_StopChannel
 .text.EDMA_DRV_SetChannelRequestAndTrigger
                0x000167cc       0x44 ./bin/lib/40/S32K148_lib/lib_S32K148_sdk.a(edma_driver.o)
                0x000167cc                EDMA_DRV_SetChannelRequestAndTrigger
 .text.EDMA_DRV_ChannelInit
                0x00016810       0xa0 ./bin/lib/40/S32K148_lib/lib_S32K148_sdk.a(edma_driver.o)
                0x00016810                EDMA_DRV_ChannelInit
 .text.EDMA_DRV_Init
                0x000168b0       0xa8 ./bin/lib/40/S32K148_lib/lib_S32K148_sdk.a(edma_driver.o)
                0x000168b0                EDMA_DRV_Init
 .text.EDMA_DRV_SetSrcLastAddrAdjustment
                0x00016958       0x16 ./bin/lib/40/S32K148_lib/lib_S32K148_sdk.a(edma_driver.o)
                0x00016958                EDMA_DRV_SetSrcLastAddrAdjustment
 .text.EDMA_DRV_SetDestAddr
                0x0001696e       0x16 ./bin/lib/40/S32K148_lib/lib_S32K148_sdk.a(edma_driver.o)
                0x0001696e                EDMA_DRV_SetDestAddr
 .text.EDMA_DRV_SetMajorLoopIterationCount
                0x00016984       0x14 ./bin/lib/40/S32K148_lib/lib_S32K148_sdk.a(edma_driver.o)
                0x00016984                EDMA_DRV_SetMajorLoopIterationCount
 .text.EDMA_DRV_GetDmaRegBaseAddr
                0x00016998        0x8 ./bin/lib/40/S32K148_lib/lib_S32K148_sdk.a(edma_driver.o)
                0x00016998                EDMA_DRV_GetDmaRegBaseAddr
 .text.EDMA_SetErrorIntCmd
                0x000169a0        0xa ./bin/lib/40/S32K148_lib/lib_S32K148_sdk.a(edma_hw_access.o)
                0x000169a0                EDMA_SetErrorIntCmd
 .text.EDMA_SetDmaRequestCmd
                0x000169aa        0xa ./bin/lib/40/S32K148_lib/lib_S32K148_sdk.a(edma_hw_access.o)
                0x000169aa                EDMA_SetDmaRequestCmd
 .text.EDMA_TCDClearReg
                0x000169b4       0x4a ./bin/lib/40/S32K148_lib/lib_S32K148_sdk.a(edma_hw_access.o)
                0x000169b4                EDMA_TCDClearReg
 .text.EDMA_Init
                0x000169fe       0x22 ./bin/lib/40/S32K148_lib/lib_S32K148_sdk.a(edma_hw_access.o)
                0x000169fe                EDMA_Init
 .text.EDMA_TCDSetAttribute
                0x00016a20       0x30 ./bin/lib/40/S32K148_lib/lib_S32K148_sdk.a(edma_hw_access.o)
                0x00016a20                EDMA_TCDSetAttribute
 .text.EDMA_TCDSetNbytes
                0x00016a50       0x5c ./bin/lib/40/S32K148_lib/lib_S32K148_sdk.a(edma_hw_access.o)
                0x00016a50                EDMA_TCDSetNbytes
 .text.EDMA_TCDSetMajorCount
                0x00016aac       0x5e ./bin/lib/40/S32K148_lib/lib_S32K148_sdk.a(edma_hw_access.o)
                0x00016aac                EDMA_TCDSetMajorCount
 .text.DMAMUX_Init
                0x00016b0a        0xe ./bin/lib/40/S32K148_lib/lib_S32K148_sdk.a(edma_hw_access.o)
                0x00016b0a                DMAMUX_Init
 .text.DMA0_IRQHandler
                0x00016b18        0xa ./bin/lib/40/S32K148_lib/lib_S32K148_sdk.a(edma_irq.o)
                0x00016b18                DMA0_IRQHandler
 .text.DMA1_IRQHandler
                0x00016b22        0xa ./bin/lib/40/S32K148_lib/lib_S32K148_sdk.a(edma_irq.o)
                0x00016b22                DMA1_IRQHandler
 .text.DMA2_IRQHandler
                0x00016b2c        0xa ./bin/lib/40/S32K148_lib/lib_S32K148_sdk.a(edma_irq.o)
                0x00016b2c                DMA2_IRQHandler
 .text.DMA3_IRQHandler
                0x00016b36        0xa ./bin/lib/40/S32K148_lib/lib_S32K148_sdk.a(edma_irq.o)
                0x00016b36                DMA3_IRQHandler
 .text.DMA4_IRQHandler
                0x00016b40        0xa ./bin/lib/40/S32K148_lib/lib_S32K148_sdk.a(edma_irq.o)
                0x00016b40                DMA4_IRQHandler
 .text.DMA5_IRQHandler
                0x00016b4a        0xa ./bin/lib/40/S32K148_lib/lib_S32K148_sdk.a(edma_irq.o)
                0x00016b4a                DMA5_IRQHandler
 .text.DMA6_IRQHandler
                0x00016b54        0xa ./bin/lib/40/S32K148_lib/lib_S32K148_sdk.a(edma_irq.o)
                0x00016b54                DMA6_IRQHandler
 .text.DMA7_IRQHandler
                0x00016b5e        0xa ./bin/lib/40/S32K148_lib/lib_S32K148_sdk.a(edma_irq.o)
                0x00016b5e                DMA7_IRQHandler
 .text.DMA8_IRQHandler
                0x00016b68        0xa ./bin/lib/40/S32K148_lib/lib_S32K148_sdk.a(edma_irq.o)
                0x00016b68                DMA8_IRQHandler
 .text.DMA9_IRQHandler
                0x00016b72        0xa ./bin/lib/40/S32K148_lib/lib_S32K148_sdk.a(edma_irq.o)
                0x00016b72                DMA9_IRQHandler
 .text.DMA10_IRQHandler
                0x00016b7c        0xa ./bin/lib/40/S32K148_lib/lib_S32K148_sdk.a(edma_irq.o)
                0x00016b7c                DMA10_IRQHandler
 .text.DMA11_IRQHandler
                0x00016b86        0xa ./bin/lib/40/S32K148_lib/lib_S32K148_sdk.a(edma_irq.o)
                0x00016b86                DMA11_IRQHandler
 .text.DMA12_IRQHandler
                0x00016b90        0xa ./bin/lib/40/S32K148_lib/lib_S32K148_sdk.a(edma_irq.o)
                0x00016b90                DMA12_IRQHandler
 .text.DMA13_IRQHandler
                0x00016b9a        0xa ./bin/lib/40/S32K148_lib/lib_S32K148_sdk.a(edma_irq.o)
                0x00016b9a                DMA13_IRQHandler
 .text.DMA14_IRQHandler
                0x00016ba4        0xa ./bin/lib/40/S32K148_lib/lib_S32K148_sdk.a(edma_irq.o)
                0x00016ba4                DMA14_IRQHandler
 .text.DMA15_IRQHandler
                0x00016bae        0xa ./bin/lib/40/S32K148_lib/lib_S32K148_sdk.a(edma_irq.o)
                0x00016bae                DMA15_IRQHandler
 .text.DMA_Error_IRQHandler
                0x00016bb8       0x28 ./bin/lib/40/S32K148_lib/lib_S32K148_sdk.a(edma_irq.o)
                0x00016bb8                DMA_Error_IRQHandler
 .text.FLASH_DRV_Init
                0x00016be0       0xd8 ./bin/lib/40/S32K148_lib/lib_S32K148_sdk.a(flash_driver.o)
                0x00016be0                FLASH_DRV_Init
 .text.FLASH_DRV_Program
                0x00016cb8       0xb4 ./bin/lib/40/S32K148_lib/lib_S32K148_sdk.a(flash_driver.o)
                0x00016cb8                FLASH_DRV_Program
 .text.FLASH_DRV_ProgramCheck
                0x00016d6c       0xe0 ./bin/lib/40/S32K148_lib/lib_S32K148_sdk.a(flash_driver.o)
                0x00016d6c                FLASH_DRV_ProgramCheck
 .text.FLASH_DRV_SetFlexRamFunction
                0x00016e4c       0x68 ./bin/lib/40/S32K148_lib/lib_S32K148_sdk.a(flash_driver.o)
                0x00016e4c                FLASH_DRV_SetFlexRamFunction
 .text.FLASH_DRV_EEEWrite
                0x00016eb4       0xc8 ./bin/lib/40/S32K148_lib/lib_S32K148_sdk.a(flash_driver.o)
                0x00016eb4                FLASH_DRV_EEEWrite
 .text.FLASH_DRV_DEFlashPartition
                0x00016f7c       0x3c ./bin/lib/40/S32K148_lib/lib_S32K148_sdk.a(flash_driver.o)
                0x00016f7c                FLASH_DRV_DEFlashPartition
 .text.FLEXCAN_StartSendData
                0x00016fb8       0xa0 ./bin/lib/40/S32K148_lib/lib_S32K148_sdk.a(flexcan_driver.o)
 .text.FLEXCAN_StartRxMessageBufferData
                0x00017058       0x80 ./bin/lib/40/S32K148_lib/lib_S32K148_sdk.a(flexcan_driver.o)
 .text.FLEXCAN_CompleteRxMessageFifoData
                0x000170d8       0xa8 ./bin/lib/40/S32K148_lib/lib_S32K148_sdk.a(flexcan_driver.o)
 .text.FLEXCAN_CompleteTransfer
                0x00017180       0x38 ./bin/lib/40/S32K148_lib/lib_S32K148_sdk.a(flexcan_driver.o)
 .text.FLEXCAN_DRV_SetBitrate
                0x000171b8       0xa0 ./bin/lib/40/S32K148_lib/lib_S32K148_sdk.a(flexcan_driver.o)
                0x000171b8                FLEXCAN_DRV_SetBitrate
 .text.FLEXCAN_DRV_SetBitrateCbt
                0x00017258       0x68 ./bin/lib/40/S32K148_lib/lib_S32K148_sdk.a(flexcan_driver.o)
                0x00017258                FLEXCAN_DRV_SetBitrateCbt
 .text.FLEXCAN_DRV_SetRxMaskType
                0x000172c0       0x30 ./bin/lib/40/S32K148_lib/lib_S32K148_sdk.a(flexcan_driver.o)
                0x000172c0                FLEXCAN_DRV_SetRxMaskType
 .text.FLEXCAN_DRV_SetRxIndividualMask
                0x000172f0      0x118 ./bin/lib/40/S32K148_lib/lib_S32K148_sdk.a(flexcan_driver.o)
                0x000172f0                FLEXCAN_DRV_SetRxIndividualMask
 .text.FLEXCAN_DRV_Init
                0x00017408      0x2f4 ./bin/lib/40/S32K148_lib/lib_S32K148_sdk.a(flexcan_driver.o)
                0x00017408                FLEXCAN_DRV_Init
 .text.FLEXCAN_DRV_ConfigTxMb
                0x000176fc       0x3c ./bin/lib/40/S32K148_lib/lib_S32K148_sdk.a(flexcan_driver.o)
                0x000176fc                FLEXCAN_DRV_ConfigTxMb
 .text.FLEXCAN_DRV_Send
                0x00017738       0x34 ./bin/lib/40/S32K148_lib/lib_S32K148_sdk.a(flexcan_driver.o)
                0x00017738                FLEXCAN_DRV_Send
 .text.FLEXCAN_DRV_ConfigRxMb
                0x0001776c       0x64 ./bin/lib/40/S32K148_lib/lib_S32K148_sdk.a(flexcan_driver.o)
                0x0001776c                FLEXCAN_DRV_ConfigRxMb
 .text.FLEXCAN_DRV_Receive
                0x000177d0        0xa ./bin/lib/40/S32K148_lib/lib_S32K148_sdk.a(flexcan_driver.o)
                0x000177d0                FLEXCAN_DRV_Receive
 *fill*         0x000177da        0x2 
 .text.FLEXCAN_Error_IRQHandler
                0x000177dc       0x28 ./bin/lib/40/S32K148_lib/lib_S32K148_sdk.a(flexcan_driver.o)
                0x000177dc                FLEXCAN_Error_IRQHandler
 .text.FLEXCAN_WakeUpHandler
                0x00017804       0x6c ./bin/lib/40/S32K148_lib/lib_S32K148_sdk.a(flexcan_driver.o)
                0x00017804                FLEXCAN_WakeUpHandler
 .text.FLEXCAN_IRQHandler
                0x00017870      0x1c0 ./bin/lib/40/S32K148_lib/lib_S32K148_sdk.a(flexcan_driver.o)
                0x00017870                FLEXCAN_IRQHandler
 .text.FLEXCAN_DRV_GetTransferStatus
                0x00017a30       0x24 ./bin/lib/40/S32K148_lib/lib_S32K148_sdk.a(flexcan_driver.o)
                0x00017a30                FLEXCAN_DRV_GetTransferStatus
 .text.FLEXCAN_DRV_GetErrorStatus
                0x00017a54       0x10 ./bin/lib/40/S32K148_lib/lib_S32K148_sdk.a(flexcan_driver.o)
                0x00017a54                FLEXCAN_DRV_GetErrorStatus
 .text.FLEXCAN_DRV_AbortTransfer
                0x00017a64      0x14c ./bin/lib/40/S32K148_lib/lib_S32K148_sdk.a(flexcan_driver.o)
                0x00017a64                FLEXCAN_DRV_AbortTransfer
 .text.FLEXCAN_DRV_InstallEventCallback
                0x00017bb0       0x14 ./bin/lib/40/S32K148_lib/lib_S32K148_sdk.a(flexcan_driver.o)
                0x00017bb0                FLEXCAN_DRV_InstallEventCallback
 .text.FLEXCAN_DRV_InstallErrorCallback
                0x00017bc4       0x94 ./bin/lib/40/S32K148_lib/lib_S32K148_sdk.a(flexcan_driver.o)
                0x00017bc4                FLEXCAN_DRV_InstallErrorCallback
 .text.FLEXCAN_ComputePayloadSize
                0x00017c58       0x36 ./bin/lib/40/S32K148_lib/lib_S32K148_sdk.a(flexcan_hw_access.o)
 *fill*         0x00017c8e        0x2 
 .text.FLEXCAN_GetRxFifoMask
                0x00017c90       0x60 ./bin/lib/40/S32K148_lib/lib_S32K148_sdk.a(flexcan_hw_access.o)
                0x00017c90                FLEXCAN_GetRxFifoMask
 .text.FLEXCAN_GetMaxMbNum
                0x00017cf0       0x2c ./bin/lib/40/S32K148_lib/lib_S32K148_sdk.a(flexcan_hw_access.o)
                0x00017cf0                FLEXCAN_GetMaxMbNum
 .text.FLEXCAN_Enable
                0x00017d1c       0x2a ./bin/lib/40/S32K148_lib/lib_S32K148_sdk.a(flexcan_hw_access.o)
                0x00017d1c                FLEXCAN_Enable
 .text.FLEXCAN_Disable
                0x00017d46       0x18 ./bin/lib/40/S32K148_lib/lib_S32K148_sdk.a(flexcan_hw_access.o)
                0x00017d46                FLEXCAN_Disable
 *fill*         0x00017d5e        0x2 
 .text.FLEXCAN_Init
                0x00017d60       0x64 ./bin/lib/40/S32K148_lib/lib_S32K148_sdk.a(flexcan_hw_access.o)
                0x00017d60                FLEXCAN_Init
 .text.FLEXCAN_EnableRxFifo
                0x00017dc4       0x50 ./bin/lib/40/S32K148_lib/lib_S32K148_sdk.a(flexcan_hw_access.o)
                0x00017dc4                FLEXCAN_EnableRxFifo
 .text.FLEXCAN_SetMsgBuffIntCmd
                0x00017e14       0x3a ./bin/lib/40/S32K148_lib/lib_S32K148_sdk.a(flexcan_hw_access.o)
                0x00017e14                FLEXCAN_SetMsgBuffIntCmd
 .text.FLEXCAN_SetErrIntCmd
                0x00017e4e       0x58 ./bin/lib/40/S32K148_lib/lib_S32K148_sdk.a(flexcan_hw_access.o)
                0x00017e4e                FLEXCAN_SetErrIntCmd
 .text.FLEXCAN_ExitFreezeMode
                0x00017ea6       0x1a ./bin/lib/40/S32K148_lib/lib_S32K148_sdk.a(flexcan_hw_access.o)
                0x00017ea6                FLEXCAN_ExitFreezeMode
 .text.FLEXCAN_EnterFreezeMode
                0x00017ec0       0x40 ./bin/lib/40/S32K148_lib/lib_S32K148_sdk.a(flexcan_hw_access.o)
                0x00017ec0                FLEXCAN_EnterFreezeMode
 .text.FLEXCAN_ClearErrIntStatusFlag
                0x00017f00       0x14 ./bin/lib/40/S32K148_lib/lib_S32K148_sdk.a(flexcan_hw_access.o)
                0x00017f00                FLEXCAN_ClearErrIntStatusFlag
 .text.FLEXCAN_ReadRxFifo
                0x00017f14       0x4c ./bin/lib/40/S32K148_lib/lib_S32K148_sdk.a(flexcan_hw_access.o)
                0x00017f14                FLEXCAN_ReadRxFifo
 .text.FLEXCAN_SetOperationMode
                0x00017f60       0x5e ./bin/lib/40/S32K148_lib/lib_S32K148_sdk.a(flexcan_hw_access.o)
                0x00017f60                FLEXCAN_SetOperationMode
 .text.FLEXCAN_SetPayloadSize
                0x00017fbe       0x1a ./bin/lib/40/S32K148_lib/lib_S32K148_sdk.a(flexcan_hw_access.o)
                0x00017fbe                FLEXCAN_SetPayloadSize
 .text.FLEXCAN_GetPayloadSize
                0x00017fd8       0x1e ./bin/lib/40/S32K148_lib/lib_S32K148_sdk.a(flexcan_hw_access.o)
                0x00017fd8                FLEXCAN_GetPayloadSize
 .text.FLEXCAN_GetMsgBuffRegion
                0x00017ff6       0x30 ./bin/lib/40/S32K148_lib/lib_S32K148_sdk.a(flexcan_hw_access.o)
                0x00017ff6                FLEXCAN_GetMsgBuffRegion
 *fill*         0x00018026        0x2 
 .text.FLEXCAN_SetTxMsgBuff
                0x00018028      0x178 ./bin/lib/40/S32K148_lib/lib_S32K148_sdk.a(flexcan_hw_access.o)
                0x00018028                FLEXCAN_SetTxMsgBuff
 .text.FLEXCAN_AbortTxMsgBuff
                0x000181a0       0x14 ./bin/lib/40/S32K148_lib/lib_S32K148_sdk.a(flexcan_hw_access.o)
                0x000181a0                FLEXCAN_AbortTxMsgBuff
 .text.FLEXCAN_ResetRxMsgBuff
                0x000181b4       0x16 ./bin/lib/40/S32K148_lib/lib_S32K148_sdk.a(flexcan_hw_access.o)
                0x000181b4                FLEXCAN_ResetRxMsgBuff
 *fill*         0x000181ca        0x2 
 .text.FLEXCAN_SetRxMsgBuff
                0x000181cc       0xc8 ./bin/lib/40/S32K148_lib/lib_S32K148_sdk.a(flexcan_hw_access.o)
                0x000181cc                FLEXCAN_SetRxMsgBuff
 .text.FLEXCAN_GetMsgBuff
                0x00018294       0x90 ./bin/lib/40/S32K148_lib/lib_S32K148_sdk.a(flexcan_hw_access.o)
                0x00018294                FLEXCAN_GetMsgBuff
 .text.FLEXCAN_LockRxMsgBuff
                0x00018324        0xa ./bin/lib/40/S32K148_lib/lib_S32K148_sdk.a(flexcan_hw_access.o)
                0x00018324                FLEXCAN_LockRxMsgBuff
 .text.FLEXCAN_SetMaxMsgBuffNum
                0x0001832e       0x96 ./bin/lib/40/S32K148_lib/lib_S32K148_sdk.a(flexcan_hw_access.o)
                0x0001832e                FLEXCAN_SetMaxMsgBuffNum
 .text.CAN0_ORed_IRQHandler
                0x000183c4        0xa ./bin/lib/40/S32K148_lib/lib_S32K148_sdk.a(flexcan_irq.o)
                0x000183c4                CAN0_ORed_IRQHandler
 .text.CAN0_Error_IRQHandler
                0x000183ce        0xa ./bin/lib/40/S32K148_lib/lib_S32K148_sdk.a(flexcan_irq.o)
                0x000183ce                CAN0_Error_IRQHandler
 .text.CAN0_Wake_Up_IRQHandler
                0x000183d8        0xa ./bin/lib/40/S32K148_lib/lib_S32K148_sdk.a(flexcan_irq.o)
                0x000183d8                CAN0_Wake_Up_IRQHandler
 .text.CAN0_ORed_0_15_MB_IRQHandler
                0x000183e2        0xa ./bin/lib/40/S32K148_lib/lib_S32K148_sdk.a(flexcan_irq.o)
                0x000183e2                CAN0_ORed_0_15_MB_IRQHandler
 .text.CAN0_ORed_16_31_MB_IRQHandler
                0x000183ec        0xa ./bin/lib/40/S32K148_lib/lib_S32K148_sdk.a(flexcan_irq.o)
                0x000183ec                CAN0_ORed_16_31_MB_IRQHandler
 .text.CAN1_ORed_IRQHandler
                0x000183f6        0xa ./bin/lib/40/S32K148_lib/lib_S32K148_sdk.a(flexcan_irq.o)
                0x000183f6                CAN1_ORed_IRQHandler
 .text.CAN1_Error_IRQHandler
                0x00018400        0xa ./bin/lib/40/S32K148_lib/lib_S32K148_sdk.a(flexcan_irq.o)
                0x00018400                CAN1_Error_IRQHandler
 .text.CAN1_ORed_0_15_MB_IRQHandler
                0x0001840a        0xa ./bin/lib/40/S32K148_lib/lib_S32K148_sdk.a(flexcan_irq.o)
                0x0001840a                CAN1_ORed_0_15_MB_IRQHandler
 .text.CAN1_ORed_16_31_MB_IRQHandler
                0x00018414        0xa ./bin/lib/40/S32K148_lib/lib_S32K148_sdk.a(flexcan_irq.o)
                0x00018414                CAN1_ORed_16_31_MB_IRQHandler
 .text.CAN2_ORed_IRQHandler
                0x0001841e        0xa ./bin/lib/40/S32K148_lib/lib_S32K148_sdk.a(flexcan_irq.o)
                0x0001841e                CAN2_ORed_IRQHandler
 .text.CAN2_Error_IRQHandler
                0x00018428        0xa ./bin/lib/40/S32K148_lib/lib_S32K148_sdk.a(flexcan_irq.o)
                0x00018428                CAN2_Error_IRQHandler
 .text.CAN2_ORed_0_15_MB_IRQHandler
                0x00018432        0xa ./bin/lib/40/S32K148_lib/lib_S32K148_sdk.a(flexcan_irq.o)
                0x00018432                CAN2_ORed_0_15_MB_IRQHandler
 .text.CAN2_ORed_16_31_MB_IRQHandler
                0x0001843c        0xa ./bin/lib/40/S32K148_lib/lib_S32K148_sdk.a(flexcan_irq.o)
                0x0001843c                CAN2_ORed_16_31_MB_IRQHandler
 *fill*         0x00018446        0x2 
 .text.FTM_DRV_SetSync
                0x00018448      0x1b4 ./bin/lib/40/S32K148_lib/lib_S32K148_sdk.a(ftm_common.o)
                0x00018448                FTM_DRV_SetSync
 .text.FTM_DRV_ClearStatusFlags
                0x000185fc       0x8c ./bin/lib/40/S32K148_lib/lib_S32K148_sdk.a(ftm_common.o)
                0x000185fc                FTM_DRV_ClearStatusFlags
 .text.FTM_DRV_GetFrequency
                0x00018688       0x78 ./bin/lib/40/S32K148_lib/lib_S32K148_sdk.a(ftm_common.o)
                0x00018688                FTM_DRV_GetFrequency
 .text.FTM_DRV_Init
                0x00018700       0xe4 ./bin/lib/40/S32K148_lib/lib_S32K148_sdk.a(ftm_common.o)
                0x00018700                FTM_DRV_Init
 .text.FTM_DRV_ConvertFreqToPeriodTicks
                0x000187e4       0x14 ./bin/lib/40/S32K148_lib/lib_S32K148_sdk.a(ftm_common.o)
                0x000187e4                FTM_DRV_ConvertFreqToPeriodTicks
 .text.FTM_DRV_InitModule
                0x000187f8       0x18 ./bin/lib/40/S32K148_lib/lib_S32K148_sdk.a(ftm_hw_access.o)
                0x000187f8                FTM_DRV_InitModule
 .text.FTM_DRV_Reset
                0x00018810       0x9c ./bin/lib/40/S32K148_lib/lib_S32K148_sdk.a(ftm_hw_access.o)
                0x00018810                FTM_DRV_Reset
 .text.FTM_DRV_SetChnTriggerCmd
                0x000188ac       0x32 ./bin/lib/40/S32K148_lib/lib_S32K148_sdk.a(ftm_hw_access.o)
                0x000188ac                FTM_DRV_SetChnTriggerCmd
 .text.FTM_DRV_SetChnInputCaptureFilter
                0x000188de       0x4e ./bin/lib/40/S32K148_lib/lib_S32K148_sdk.a(ftm_hw_access.o)
                0x000188de                FTM_DRV_SetChnInputCaptureFilter
 .text.FTM_DRV_Overflow
                0x0001892c       0x54 ./bin/lib/40/S32K148_lib/lib_S32K148_sdk.a(ftm_ic_driver.o)
 .text.FTM_DRV_IrqHandler
                0x00018980      0x2c8 ./bin/lib/40/S32K148_lib/lib_S32K148_sdk.a(ftm_ic_driver.o)
 .text.FTM_DRV_InitInputCapture
                0x00018c48      0x2c0 ./bin/lib/40/S32K148_lib/lib_S32K148_sdk.a(ftm_ic_driver.o)
                0x00018c48                FTM_DRV_InitInputCapture
 .text.FTM0_Ch0_Ch1_IRQHandler
                0x00018f08        0xc ./bin/lib/40/S32K148_lib/lib_S32K148_sdk.a(ftm_ic_driver.o)
                0x00018f08                FTM0_Ch0_Ch1_IRQHandler
 .text.FTM0_Ch2_Ch3_IRQHandler
                0x00018f14        0xc ./bin/lib/40/S32K148_lib/lib_S32K148_sdk.a(ftm_ic_driver.o)
                0x00018f14                FTM0_Ch2_Ch3_IRQHandler
 .text.FTM0_Ch4_Ch5_IRQHandler
                0x00018f20        0xc ./bin/lib/40/S32K148_lib/lib_S32K148_sdk.a(ftm_ic_driver.o)
                0x00018f20                FTM0_Ch4_Ch5_IRQHandler
 .text.FTM0_Ch6_Ch7_IRQHandler
                0x00018f2c        0xc ./bin/lib/40/S32K148_lib/lib_S32K148_sdk.a(ftm_ic_driver.o)
                0x00018f2c                FTM0_Ch6_Ch7_IRQHandler
 .text.FTM1_Ch0_Ch1_IRQHandler
                0x00018f38        0xc ./bin/lib/40/S32K148_lib/lib_S32K148_sdk.a(ftm_ic_driver.o)
                0x00018f38                FTM1_Ch0_Ch1_IRQHandler
 .text.FTM1_Ch2_Ch3_IRQHandler
                0x00018f44        0xc ./bin/lib/40/S32K148_lib/lib_S32K148_sdk.a(ftm_ic_driver.o)
                0x00018f44                FTM1_Ch2_Ch3_IRQHandler
 .text.FTM1_Ch4_Ch5_IRQHandler
                0x00018f50        0xc ./bin/lib/40/S32K148_lib/lib_S32K148_sdk.a(ftm_ic_driver.o)
                0x00018f50                FTM1_Ch4_Ch5_IRQHandler
 .text.FTM1_Ch6_Ch7_IRQHandler
                0x00018f5c        0xc ./bin/lib/40/S32K148_lib/lib_S32K148_sdk.a(ftm_ic_driver.o)
                0x00018f5c                FTM1_Ch6_Ch7_IRQHandler
 .text.FTM0_Ovf_Reload_IRQHandler
                0x00018f68       0x1c ./bin/lib/40/S32K148_lib/lib_S32K148_sdk.a(ftm_ic_driver.o)
                0x00018f68                FTM0_Ovf_Reload_IRQHandler
 .text.FTM1_Ovf_Reload_IRQHandler
                0x00018f84       0x1c ./bin/lib/40/S32K148_lib/lib_S32K148_sdk.a(ftm_ic_driver.o)
                0x00018f84                FTM1_Ovf_Reload_IRQHandler
 .text.FTM2_Ch0_Ch1_IRQHandler
                0x00018fa0        0xc ./bin/lib/40/S32K148_lib/lib_S32K148_sdk.a(ftm_ic_driver.o)
                0x00018fa0                FTM2_Ch0_Ch1_IRQHandler
 .text.FTM2_Ch2_Ch3_IRQHandler
                0x00018fac        0xc ./bin/lib/40/S32K148_lib/lib_S32K148_sdk.a(ftm_ic_driver.o)
                0x00018fac                FTM2_Ch2_Ch3_IRQHandler
 .text.FTM2_Ch4_Ch5_IRQHandler
                0x00018fb8        0xc ./bin/lib/40/S32K148_lib/lib_S32K148_sdk.a(ftm_ic_driver.o)
                0x00018fb8                FTM2_Ch4_Ch5_IRQHandler
 .text.FTM2_Ch6_Ch7_IRQHandler
                0x00018fc4        0xc ./bin/lib/40/S32K148_lib/lib_S32K148_sdk.a(ftm_ic_driver.o)
                0x00018fc4                FTM2_Ch6_Ch7_IRQHandler
 .text.FTM3_Ch0_Ch1_IRQHandler
                0x00018fd0        0xc ./bin/lib/40/S32K148_lib/lib_S32K148_sdk.a(ftm_ic_driver.o)
                0x00018fd0                FTM3_Ch0_Ch1_IRQHandler
 .text.FTM3_Ch2_Ch3_IRQHandler
                0x00018fdc        0xc ./bin/lib/40/S32K148_lib/lib_S32K148_sdk.a(ftm_ic_driver.o)
                0x00018fdc                FTM3_Ch2_Ch3_IRQHandler
 .text.FTM3_Ch4_Ch5_IRQHandler
                0x00018fe8        0xc ./bin/lib/40/S32K148_lib/lib_S32K148_sdk.a(ftm_ic_driver.o)
                0x00018fe8                FTM3_Ch4_Ch5_IRQHandler
 .text.FTM3_Ch6_Ch7_IRQHandler
                0x00018ff4        0xc ./bin/lib/40/S32K148_lib/lib_S32K148_sdk.a(ftm_ic_driver.o)
                0x00018ff4                FTM3_Ch6_Ch7_IRQHandler
 .text.FTM2_Ovf_Reload_IRQHandler
                0x00019000       0x1c ./bin/lib/40/S32K148_lib/lib_S32K148_sdk.a(ftm_ic_driver.o)
                0x00019000                FTM2_Ovf_Reload_IRQHandler
 .text.FTM3_Ovf_Reload_IRQHandler
                0x0001901c       0x1c ./bin/lib/40/S32K148_lib/lib_S32K148_sdk.a(ftm_ic_driver.o)
                0x0001901c                FTM3_Ovf_Reload_IRQHandler
 .text.FTM4_Ch0_Ch1_IRQHandler
                0x00019038        0xc ./bin/lib/40/S32K148_lib/lib_S32K148_sdk.a(ftm_ic_driver.o)
                0x00019038                FTM4_Ch0_Ch1_IRQHandler
 .text.FTM4_Ch2_Ch3_IRQHandler
                0x00019044        0xc ./bin/lib/40/S32K148_lib/lib_S32K148_sdk.a(ftm_ic_driver.o)
                0x00019044                FTM4_Ch2_Ch3_IRQHandler
 .text.FTM4_Ch4_Ch5_IRQHandler
                0x00019050        0xc ./bin/lib/40/S32K148_lib/lib_S32K148_sdk.a(ftm_ic_driver.o)
                0x00019050                FTM4_Ch4_Ch5_IRQHandler
 .text.FTM4_Ch6_Ch7_IRQHandler
                0x0001905c        0xc ./bin/lib/40/S32K148_lib/lib_S32K148_sdk.a(ftm_ic_driver.o)
                0x0001905c                FTM4_Ch6_Ch7_IRQHandler
 .text.FTM5_Ch0_Ch1_IRQHandler
                0x00019068        0xc ./bin/lib/40/S32K148_lib/lib_S32K148_sdk.a(ftm_ic_driver.o)
                0x00019068                FTM5_Ch0_Ch1_IRQHandler
 .text.FTM5_Ch2_Ch3_IRQHandler
                0x00019074        0xc ./bin/lib/40/S32K148_lib/lib_S32K148_sdk.a(ftm_ic_driver.o)
                0x00019074                FTM5_Ch2_Ch3_IRQHandler
 .text.FTM5_Ch4_Ch5_IRQHandler
                0x00019080        0xc ./bin/lib/40/S32K148_lib/lib_S32K148_sdk.a(ftm_ic_driver.o)
                0x00019080                FTM5_Ch4_Ch5_IRQHandler
 .text.FTM5_Ch6_Ch7_IRQHandler
                0x0001908c        0xc ./bin/lib/40/S32K148_lib/lib_S32K148_sdk.a(ftm_ic_driver.o)
                0x0001908c                FTM5_Ch6_Ch7_IRQHandler
 .text.FTM4_Ovf_Reload_IRQHandler
                0x00019098       0x1c ./bin/lib/40/S32K148_lib/lib_S32K148_sdk.a(ftm_ic_driver.o)
                0x00019098                FTM4_Ovf_Reload_IRQHandler
 .text.FTM5_Ovf_Reload_IRQHandler
                0x000190b4       0x1c ./bin/lib/40/S32K148_lib/lib_S32K148_sdk.a(ftm_ic_driver.o)
                0x000190b4                FTM5_Ovf_Reload_IRQHandler
 .text.FTM6_Ch0_Ch1_IRQHandler
                0x000190d0        0xc ./bin/lib/40/S32K148_lib/lib_S32K148_sdk.a(ftm_ic_driver.o)
                0x000190d0                FTM6_Ch0_Ch1_IRQHandler
 .text.FTM6_Ch2_Ch3_IRQHandler
                0x000190dc        0xc ./bin/lib/40/S32K148_lib/lib_S32K148_sdk.a(ftm_ic_driver.o)
                0x000190dc                FTM6_Ch2_Ch3_IRQHandler
 .text.FTM6_Ch4_Ch5_IRQHandler
                0x000190e8        0xc ./bin/lib/40/S32K148_lib/lib_S32K148_sdk.a(ftm_ic_driver.o)
                0x000190e8                FTM6_Ch4_Ch5_IRQHandler
 .text.FTM6_Ch6_Ch7_IRQHandler
                0x000190f4        0xc ./bin/lib/40/S32K148_lib/lib_S32K148_sdk.a(ftm_ic_driver.o)
                0x000190f4                FTM6_Ch6_Ch7_IRQHandler
 .text.FTM7_Ch0_Ch1_IRQHandler
                0x00019100        0xc ./bin/lib/40/S32K148_lib/lib_S32K148_sdk.a(ftm_ic_driver.o)
                0x00019100                FTM7_Ch0_Ch1_IRQHandler
 .text.FTM7_Ch2_Ch3_IRQHandler
                0x0001910c        0xc ./bin/lib/40/S32K148_lib/lib_S32K148_sdk.a(ftm_ic_driver.o)
                0x0001910c                FTM7_Ch2_Ch3_IRQHandler
 .text.FTM7_Ch4_Ch5_IRQHandler
                0x00019118        0xc ./bin/lib/40/S32K148_lib/lib_S32K148_sdk.a(ftm_ic_driver.o)
                0x00019118                FTM7_Ch4_Ch5_IRQHandler
 .text.FTM7_Ch6_Ch7_IRQHandler
                0x00019124        0xc ./bin/lib/40/S32K148_lib/lib_S32K148_sdk.a(ftm_ic_driver.o)
                0x00019124                FTM7_Ch6_Ch7_IRQHandler
 .text.FTM6_Ovf_Reload_IRQHandler
                0x00019130       0x1c ./bin/lib/40/S32K148_lib/lib_S32K148_sdk.a(ftm_ic_driver.o)
                0x00019130                FTM6_Ovf_Reload_IRQHandler
 .text.FTM7_Ovf_Reload_IRQHandler
                0x0001914c       0x1c ./bin/lib/40/S32K148_lib/lib_S32K148_sdk.a(ftm_ic_driver.o)
                0x0001914c                FTM7_Ovf_Reload_IRQHandler
 .text.FTM_DRV_UpdatePwmChannel
                0x00019168       0xf8 ./bin/lib/40/S32K148_lib/lib_S32K148_sdk.a(ftm_pwm_driver.o)
                0x00019168                FTM_DRV_UpdatePwmChannel
 .text.FTM_DRV_InitPwm
                0x00019260      0x63c ./bin/lib/40/S32K148_lib/lib_S32K148_sdk.a(ftm_pwm_driver.o)
                0x00019260                FTM_DRV_InitPwm
 .text.INT_SYS_InstallHandler
                0x0001989c       0x30 ./bin/lib/40/S32K148_lib/lib_S32K148_sdk.a(interrupt_manager.o)
                0x0001989c                INT_SYS_InstallHandler
 .text.INT_SYS_EnableIRQ
                0x000198cc       0x18 ./bin/lib/40/S32K148_lib/lib_S32K148_sdk.a(interrupt_manager.o)
                0x000198cc                INT_SYS_EnableIRQ
 .text.INT_SYS_DisableIRQ
                0x000198e4       0x1c ./bin/lib/40/S32K148_lib/lib_S32K148_sdk.a(interrupt_manager.o)
                0x000198e4                INT_SYS_DisableIRQ
 .text.INT_SYS_EnableIRQGlobal
                0x00019900       0x1c ./bin/lib/40/S32K148_lib/lib_S32K148_sdk.a(interrupt_manager.o)
                0x00019900                INT_SYS_EnableIRQGlobal
 .text.INT_SYS_DisableIRQGlobal
                0x0001991c       0x10 ./bin/lib/40/S32K148_lib/lib_S32K148_sdk.a(interrupt_manager.o)
                0x0001991c                INT_SYS_DisableIRQGlobal
 .text.INT_SYS_SetPriority
                0x0001992c       0x58 ./bin/lib/40/S32K148_lib/lib_S32K148_sdk.a(interrupt_manager.o)
                0x0001992c                INT_SYS_SetPriority
 .text.INT_SYS_ClearPending
                0x00019984       0x1c ./bin/lib/40/S32K148_lib/lib_S32K148_sdk.a(interrupt_manager.o)
                0x00019984                INT_SYS_ClearPending
 .text.LPI2C_DRV_MasterQueueData
                0x000199a0       0x4c ./bin/lib/40/S32K148_lib/lib_S32K148_sdk.a(lpi2c_driver.o)
 .text.LPI2C_DRV_SlaveEndTransfer
                0x000199ec       0x4e ./bin/lib/40/S32K148_lib/lib_S32K148_sdk.a(lpi2c_driver.o)
 .text.LPI2C_DRV_MasterEndTransfer
                0x00019a3a       0x68 ./bin/lib/40/S32K148_lib/lib_S32K148_sdk.a(lpi2c_driver.o)
 .text.LPI2C_DRV_SlaveEndTransferHandler
                0x00019aa2       0x3a ./bin/lib/40/S32K148_lib/lib_S32K148_sdk.a(lpi2c_driver.o)
 .text.LPI2C_DRV_ConfigureDmaTransfer
                0x00019adc       0x68 ./bin/lib/40/S32K148_lib/lib_S32K148_sdk.a(lpi2c_driver.o)
 .text.LPI2C_DRV_SlaveStartDmaTransfer
                0x00019b44       0x9c ./bin/lib/40/S32K148_lib/lib_S32K148_sdk.a(lpi2c_driver.o)
 .text.LPI2C_DRV_MasterSetBaudRate
                0x00019be0      0x148 ./bin/lib/40/S32K148_lib/lib_S32K148_sdk.a(lpi2c_driver.o)
                0x00019be0                LPI2C_DRV_MasterSetBaudRate
 .text.LPI2C_DRV_MasterReinit
                0x00019d28       0x60 ./bin/lib/40/S32K148_lib/lib_S32K148_sdk.a(lpi2c_driver.o)
 .text.LPI2C_DRV_MasterIRQHandler
                0x00019d88      0x22c ./bin/lib/40/S32K148_lib/lib_S32K148_sdk.a(lpi2c_driver.o)
                0x00019d88                LPI2C_DRV_MasterIRQHandler
 .text.LPI2C_DRV_SlaveIRQHandler
                0x00019fb4      0x1b8 ./bin/lib/40/S32K148_lib/lib_S32K148_sdk.a(lpi2c_driver.o)
                0x00019fb4                LPI2C_DRV_SlaveIRQHandler
 .text.LPI2C_Init
                0x0001a16c       0x1e ./bin/lib/40/S32K148_lib/lib_S32K148_sdk.a(lpi2c_hw_access.o)
                0x0001a16c                LPI2C_Init
 .text.LPI2C0_Master_IRQHandler
                0x0001a18a        0xa ./bin/lib/40/S32K148_lib/lib_S32K148_sdk.a(lpi2c_irq.o)
                0x0001a18a                LPI2C0_Master_IRQHandler
 .text.LPI2C0_Slave_IRQHandler
                0x0001a194        0xa ./bin/lib/40/S32K148_lib/lib_S32K148_sdk.a(lpi2c_irq.o)
                0x0001a194                LPI2C0_Slave_IRQHandler
 .text.LPI2C1_Master_IRQHandler
                0x0001a19e        0xa ./bin/lib/40/S32K148_lib/lib_S32K148_sdk.a(lpi2c_irq.o)
                0x0001a19e                LPI2C1_Master_IRQHandler
 .text.LPI2C1_Slave_IRQHandler
                0x0001a1a8        0xa ./bin/lib/40/S32K148_lib/lib_S32K148_sdk.a(lpi2c_irq.o)
                0x0001a1a8                LPI2C1_Slave_IRQHandler
 .text.LPSPI_SetFlushFifoCmd
                0x0001a1b2        0xe ./bin/lib/40/S32K148_lib/lib_S32K148_sdk.a(lpspi_hw_access.o)
                0x0001a1b2                LPSPI_SetFlushFifoCmd
 .text.LPSPI_ClearStatusFlag
                0x0001a1c0       0x1e ./bin/lib/40/S32K148_lib/lib_S32K148_sdk.a(lpspi_hw_access.o)
                0x0001a1c0                LPSPI_ClearStatusFlag
 .text.LPSPI0_IRQHandler
                0x0001a1de        0xa ./bin/lib/40/S32K148_lib/lib_S32K148_sdk.a(lpspi_irq.o)
                0x0001a1de                LPSPI0_IRQHandler
 .text.LPSPI1_IRQHandler
                0x0001a1e8        0xa ./bin/lib/40/S32K148_lib/lib_S32K148_sdk.a(lpspi_irq.o)
                0x0001a1e8                LPSPI1_IRQHandler
 .text.LPSPI2_IRQHandler
                0x0001a1f2        0xa ./bin/lib/40/S32K148_lib/lib_S32K148_sdk.a(lpspi_irq.o)
                0x0001a1f2                LPSPI2_IRQHandler
 .text.LPSPI_DRV_MasterCompleteTransfer
                0x0001a1fc       0x78 ./bin/lib/40/S32K148_lib/lib_S32K148_sdk.a(lpspi_master_driver.o)
 .text.LPSPI_DRV_MasterAbortTransfer
                0x0001a274       0x28 ./bin/lib/40/S32K148_lib/lib_S32K148_sdk.a(lpspi_master_driver.o)
                0x0001a274                LPSPI_DRV_MasterAbortTransfer
 .text.LPSPI_DRV_MasterIRQHandler
                0x0001a29c       0xb4 ./bin/lib/40/S32K148_lib/lib_S32K148_sdk.a(lpspi_master_driver.o)
                0x0001a29c                LPSPI_DRV_MasterIRQHandler
 .text.LPSPI_DRV_SlaveAbortTransfer
                0x0001a350       0x74 ./bin/lib/40/S32K148_lib/lib_S32K148_sdk.a(lpspi_slave_driver.o)
                0x0001a350                LPSPI_DRV_SlaveAbortTransfer
 .text.LPSPI_DRV_SlaveIRQHandler
                0x0001a3c4       0xdc ./bin/lib/40/S32K148_lib/lib_S32K148_sdk.a(lpspi_slave_driver.o)
                0x0001a3c4                LPSPI_DRV_SlaveIRQHandler
 .text.LPSPI_DRV_IRQHandler
                0x0001a4a0       0x28 ./bin/lib/40/S32K148_lib/lib_S32K148_sdk.a(lpspi_shared_function.o)
                0x0001a4a0                LPSPI_DRV_IRQHandler
 .text.LPSPI_DRV_FillupTxBuffer
                0x0001a4c8       0xc0 ./bin/lib/40/S32K148_lib/lib_S32K148_sdk.a(lpspi_shared_function.o)
                0x0001a4c8                LPSPI_DRV_FillupTxBuffer
 .text.LPSPI_DRV_ReadRXBuffer
                0x0001a588       0x88 ./bin/lib/40/S32K148_lib/lib_S32K148_sdk.a(lpspi_shared_function.o)
                0x0001a588                LPSPI_DRV_ReadRXBuffer
 .text.LPSPI_DRV_DisableTEIEInterrupts
                0x0001a610       0x30 ./bin/lib/40/S32K148_lib/lib_S32K148_sdk.a(lpspi_shared_function.o)
                0x0001a610                LPSPI_DRV_DisableTEIEInterrupts
 .text.LPUART_DRV_CompleteSendDataUsingInt
                0x0001a640       0x64 ./bin/lib/40/S32K148_lib/lib_S32K148_sdk.a(lpuart_driver.o)
 .text.LPUART_DRV_StopTxDma
                0x0001a6a4       0x64 ./bin/lib/40/S32K148_lib/lib_S32K148_sdk.a(lpuart_driver.o)
 .text.LPUART_DRV_PutData
                0x0001a708       0x44 ./bin/lib/40/S32K148_lib/lib_S32K148_sdk.a(lpuart_driver.o)
 .text.LPUART_DRV_StartReceiveDataUsingInt
                0x0001a74c       0x44 ./bin/lib/40/S32K148_lib/lib_S32K148_sdk.a(lpuart_driver.o)
 .text.LPUART_DRV_StartReceiveDataUsingDma
                0x0001a790       0x88 ./bin/lib/40/S32K148_lib/lib_S32K148_sdk.a(lpuart_driver.o)
 .text.LPUART_DRV_CompleteReceiveDataUsingInt
                0x0001a818       0x50 ./bin/lib/40/S32K148_lib/lib_S32K148_sdk.a(lpuart_driver.o)
 .text.LPUART_DRV_StopRxDma
                0x0001a868       0x54 ./bin/lib/40/S32K148_lib/lib_S32K148_sdk.a(lpuart_driver.o)
 .text.LPUART_DRV_RxDmaCallback
                0x0001a8bc       0xa0 ./bin/lib/40/S32K148_lib/lib_S32K148_sdk.a(lpuart_driver.o)
 .text.LPUART_DRV_GetData
                0x0001a95c       0x5c ./bin/lib/40/S32K148_lib/lib_S32K148_sdk.a(lpuart_driver.o)
 .text.LPUART_DRV_InstallRxCallback
                0x0001a9b8       0x14 ./bin/lib/40/S32K148_lib/lib_S32K148_sdk.a(lpuart_driver.o)
                0x0001a9b8                LPUART_DRV_InstallRxCallback
 .text.LPUART_DRV_InstallTxCallback
                0x0001a9cc       0x14 ./bin/lib/40/S32K148_lib/lib_S32K148_sdk.a(lpuart_driver.o)
                0x0001a9cc                LPUART_DRV_InstallTxCallback
 .text.LPUART_DRV_ReceiveData
                0x0001a9e0       0x24 ./bin/lib/40/S32K148_lib/lib_S32K148_sdk.a(lpuart_driver.o)
                0x0001a9e0                LPUART_DRV_ReceiveData
 .text.LPUART_DRV_SetBaudRate
                0x0001aa04       0xd4 ./bin/lib/40/S32K148_lib/lib_S32K148_sdk.a(lpuart_driver.o)
                0x0001aa04                LPUART_DRV_SetBaudRate
 .text.LPUART_DRV_Init
                0x0001aad8      0x100 ./bin/lib/40/S32K148_lib/lib_S32K148_sdk.a(lpuart_driver.o)
                0x0001aad8                LPUART_DRV_Init
 .text.LPUART_DRV_SetRxBuffer
                0x0001abd8       0x14 ./bin/lib/40/S32K148_lib/lib_S32K148_sdk.a(lpuart_driver.o)
                0x0001abd8                LPUART_DRV_SetRxBuffer
 .text.LPUART_DRV_IRQHandler
                0x0001abec      0x2c8 ./bin/lib/40/S32K148_lib/lib_S32K148_sdk.a(lpuart_driver.o)
                0x0001abec                LPUART_DRV_IRQHandler
 .text.LIN_MRS_DRV_IRQHandler
                0x0001aeb4      0x13c ./bin/lib/40/S32K148_lib/lib_S32K148_sdk.a(lpuart_driver_mrs_lin.o)
                0x0001aeb4                LIN_MRS_DRV_IRQHandler
 .text.LIN_MRS_DRV_LinIsActive
                0x0001aff0        0xc ./bin/lib/40/S32K148_lib/lib_S32K148_sdk.a(lpuart_driver_mrs_lin.o)
                0x0001aff0                LIN_MRS_DRV_LinIsActive
 .text.LPUART_Init
                0x0001affc       0x24 ./bin/lib/40/S32K148_lib/lib_S32K148_sdk.a(lpuart_hw_access.o)
                0x0001affc                LPUART_Init
 .text.LPUART_SetBitCountPerChar
                0x0001b020       0x30 ./bin/lib/40/S32K148_lib/lib_S32K148_sdk.a(lpuart_hw_access.o)
                0x0001b020                LPUART_SetBitCountPerChar
 .text.LPUART_SetParityMode
                0x0001b050       0x1e ./bin/lib/40/S32K148_lib/lib_S32K148_sdk.a(lpuart_hw_access.o)
                0x0001b050                LPUART_SetParityMode
 .text.LPUART_Putchar9
                0x0001b06e       0x16 ./bin/lib/40/S32K148_lib/lib_S32K148_sdk.a(lpuart_hw_access.o)
                0x0001b06e                LPUART_Putchar9
 .text.LPUART_Putchar10
                0x0001b084       0x22 ./bin/lib/40/S32K148_lib/lib_S32K148_sdk.a(lpuart_hw_access.o)
                0x0001b084                LPUART_Putchar10
 .text.LPUART_Getchar9
                0x0001b0a6       0x12 ./bin/lib/40/S32K148_lib/lib_S32K148_sdk.a(lpuart_hw_access.o)
                0x0001b0a6                LPUART_Getchar9
 .text.LPUART_Getchar10
                0x0001b0b8       0x1e ./bin/lib/40/S32K148_lib/lib_S32K148_sdk.a(lpuart_hw_access.o)
                0x0001b0b8                LPUART_Getchar10
 .text.LPUART_SetIntMode
                0x0001b0d6       0x70 ./bin/lib/40/S32K148_lib/lib_S32K148_sdk.a(lpuart_hw_access.o)
                0x0001b0d6                LPUART_SetIntMode
 .text.LPUART_GetIntMode
                0x0001b146       0x52 ./bin/lib/40/S32K148_lib/lib_S32K148_sdk.a(lpuart_hw_access.o)
                0x0001b146                LPUART_GetIntMode
 .text.LPUART_GetStatusFlag
                0x0001b198       0x50 ./bin/lib/40/S32K148_lib/lib_S32K148_sdk.a(lpuart_hw_access.o)
                0x0001b198                LPUART_GetStatusFlag
 .text.LPUART_ClearStatusFlag
                0x0001b1e8      0x13c ./bin/lib/40/S32K148_lib/lib_S32K148_sdk.a(lpuart_hw_access.o)
                0x0001b1e8                LPUART_ClearStatusFlag
 .text.LPUART_SetErrorInterrupts
                0x0001b324       0x4c ./bin/lib/40/S32K148_lib/lib_S32K148_sdk.a(lpuart_hw_access.o)
                0x0001b324                LPUART_SetErrorInterrupts
 .text.LPUART0_IrqHandler
                0x0001b370       0x1a ./bin/lib/40/S32K148_lib/lib_S32K148_sdk.a(lpuart_irq.o)
                0x0001b370                LPUART0_IrqHandler
 .text.LPUART1_IrqHandler
                0x0001b38a       0x1a ./bin/lib/40/S32K148_lib/lib_S32K148_sdk.a(lpuart_irq.o)
                0x0001b38a                LPUART1_IrqHandler
 .text.LPUART2_IrqHandler
                0x0001b3a4       0x1a ./bin/lib/40/S32K148_lib/lib_S32K148_sdk.a(lpuart_irq.o)
                0x0001b3a4                LPUART2_IrqHandler
 *fill*         0x0001b3be        0x2 
 .text.PDB_DRV_Init
                0x0001b3c0       0x70 ./bin/lib/40/S32K148_lib/lib_S32K148_sdk.a(pdb_driver.o)
                0x0001b3c0                PDB_DRV_Init
 .text.PDB_DRV_Enable
                0x0001b430       0x14 ./bin/lib/40/S32K148_lib/lib_S32K148_sdk.a(pdb_driver.o)
                0x0001b430                PDB_DRV_Enable
 .text.PDB_DRV_SoftTriggerCmd
                0x0001b444       0x14 ./bin/lib/40/S32K148_lib/lib_S32K148_sdk.a(pdb_driver.o)
                0x0001b444                PDB_DRV_SoftTriggerCmd
 .text.PDB_DRV_LoadValuesCmd
                0x0001b458       0x14 ./bin/lib/40/S32K148_lib/lib_S32K148_sdk.a(pdb_driver.o)
                0x0001b458                PDB_DRV_LoadValuesCmd
 .text.PDB_DRV_SetTimerModulusValue
                0x0001b46c       0x18 ./bin/lib/40/S32K148_lib/lib_S32K148_sdk.a(pdb_driver.o)
                0x0001b46c                PDB_DRV_SetTimerModulusValue
 .text.PDB_DRV_ConfigAdcPreTrigger
                0x0001b484       0x44 ./bin/lib/40/S32K148_lib/lib_S32K148_sdk.a(pdb_driver.o)
                0x0001b484                PDB_DRV_ConfigAdcPreTrigger
 .text.PDB_DRV_SetAdcPreTriggerDelayValue
                0x0001b4c8       0x24 ./bin/lib/40/S32K148_lib/lib_S32K148_sdk.a(pdb_driver.o)
                0x0001b4c8                PDB_DRV_SetAdcPreTriggerDelayValue
 .text.PDB_Init
                0x0001b4ec       0x62 ./bin/lib/40/S32K148_lib/lib_S32K148_sdk.a(pdb_hw_access.o)
                0x0001b4ec                PDB_Init
 *fill*         0x0001b54e        0x2 
 .text.PDB_ConfigTimer
                0x0001b550       0x5c ./bin/lib/40/S32K148_lib/lib_S32K148_sdk.a(pdb_hw_access.o)
                0x0001b550                PDB_ConfigTimer
 .text.PDB_SetAdcPreTriggerBackToBackEnable
                0x0001b5ac       0x32 ./bin/lib/40/S32K148_lib/lib_S32K148_sdk.a(pdb_hw_access.o)
                0x0001b5ac                PDB_SetAdcPreTriggerBackToBackEnable
 .text.PDB_SetAdcPreTriggerOutputEnable
                0x0001b5de       0x2e ./bin/lib/40/S32K148_lib/lib_S32K148_sdk.a(pdb_hw_access.o)
                0x0001b5de                PDB_SetAdcPreTriggerOutputEnable
 .text.PDB_SetAdcPreTriggerEnable
                0x0001b60c       0x2a ./bin/lib/40/S32K148_lib/lib_S32K148_sdk.a(pdb_hw_access.o)
                0x0001b60c                PDB_SetAdcPreTriggerEnable
 .text.PINS_DRV_Init
                0x0001b636       0x22 ./bin/lib/40/S32K148_lib/lib_S32K148_sdk.a(pins_driver.o)
                0x0001b636                PINS_DRV_Init
 .text.PINS_DRV_GetPinsOutput
                0x0001b658        0x4 ./bin/lib/40/S32K148_lib/lib_S32K148_sdk.a(pins_driver.o)
                0x0001b658                PINS_DRV_GetPinsOutput
 .text.PINS_DRV_SetPins
                0x0001b65c        0x4 ./bin/lib/40/S32K148_lib/lib_S32K148_sdk.a(pins_driver.o)
                0x0001b65c                PINS_DRV_SetPins
 .text.PINS_DRV_ClearPins
                0x0001b660        0x4 ./bin/lib/40/S32K148_lib/lib_S32K148_sdk.a(pins_driver.o)
                0x0001b660                PINS_DRV_ClearPins
 .text.PINS_DRV_TogglePins
                0x0001b664        0x4 ./bin/lib/40/S32K148_lib/lib_S32K148_sdk.a(pins_driver.o)
                0x0001b664                PINS_DRV_TogglePins
 .text.PINS_Init
                0x0001b668       0xda ./bin/lib/40/S32K148_lib/lib_S32K148_sdk.a(pins_port_hw_access.o)
                0x0001b668                PINS_Init
 *fill*         0x0001b742        0x2 
 .text.RTC_DRV_IRQHandler
                0x0001b744       0x7c ./bin/lib/40/S32K148_lib/lib_S32K148_sdk.a(rtc_driver.o)
                0x0001b744                RTC_DRV_IRQHandler
 .text.RTC_DRV_SecondsIRQHandler
                0x0001b7c0       0x1c ./bin/lib/40/S32K148_lib/lib_S32K148_sdk.a(rtc_driver.o)
                0x0001b7c0                RTC_DRV_SecondsIRQHandler
 .text.RTC_IRQHandler
                0x0001b7dc        0xa ./bin/lib/40/S32K148_lib/lib_S32K148_sdk.a(rtc_irq.o)
                0x0001b7dc                RTC_IRQHandler
 .text.RTC_Seconds_IRQHandler
                0x0001b7e6        0xa ./bin/lib/40/S32K148_lib/lib_S32K148_sdk.a(rtc_irq.o)
                0x0001b7e6                RTC_Seconds_IRQHandler
 .text.irq_priority_get
                0x0001b7f0       0x50 ./bin/lib/40/S32K148_lib/lib_S32K148_sdk.a(irq_priority.o)
                0x0001b7f0                irq_priority_get
 .text.irq_priority_set_all_predefined
                0x0001b840       0x50 ./bin/lib/40/S32K148_lib/lib_S32K148_sdk.a(irq_priority.o)
                0x0001b840                irq_priority_set_all_predefined
 .text.init_data_bss
                0x0001b890       0xd0 ./bin/lib/40/S32K148_lib/lib_S32K148_bsp_cfg.a(startup.o)
                0x0001b890                init_data_bss
 .text.ext_osif_Tick
                0x0001b960       0x10 ./bin/lib/40/S32K148_lib/lib_S32K148_bsp_cfg.a(osif_baremetal.o)
                0x0001b960                ext_osif_Tick
 .text.OSIF_TimeDelay
                0x0001b970       0x48 ./bin/lib/40/S32K148_lib/lib_S32K148_bsp_cfg.a(osif_baremetal.o)
                0x0001b970                OSIF_TimeDelay
 .text.OSIF_SemaPost
                0x0001b9b8       0x26 ./bin/lib/40/S32K148_lib/lib_S32K148_bsp_cfg.a(osif_baremetal.o)
                0x0001b9b8                OSIF_SemaPost
 .text.OSIF_SemaCreate
                0x0001b9de       0x14 ./bin/lib/40/S32K148_lib/lib_S32K148_bsp_cfg.a(osif_baremetal.o)
                0x0001b9de                OSIF_SemaCreate
 .text.OSIF_SemaDestroy
                0x0001b9f2        0x4 ./bin/lib/40/S32K148_lib/lib_S32K148_bsp_cfg.a(osif_baremetal.o)
                0x0001b9f2                OSIF_SemaDestroy
 *fill*         0x0001b9f6        0x2 
 .text.can_handle_check
                0x0001b9f8       0x34 ./bin/lib/40/S32K148_lib/lib_S32K148_hal_impl_s32k.a(hal_can_s32k.o)
 .text.hal_can_init
                0x0001ba2c       0xd8 ./bin/lib/40/S32K148_lib/lib_S32K148_hal_impl_s32k.a(hal_can_s32k.o)
                0x0001ba2c                hal_can_init
 .text.hal_can_receive
                0x0001bb04       0x94 ./bin/lib/40/S32K148_lib/lib_S32K148_hal_impl_s32k.a(hal_can_s32k.o)
                0x0001bb04                hal_can_receive
 .text.hal_can_set_filter
                0x0001bb98       0x50 ./bin/lib/40/S32K148_lib/lib_S32K148_hal_impl_s32k.a(hal_can_s32k.o)
                0x0001bb98                hal_can_set_filter
 .text.hal_can_set_receive_callback
                0x0001bbe8       0x16 ./bin/lib/40/S32K148_lib/lib_S32K148_hal_impl_s32k.a(hal_can_s32k.o)
                0x0001bbe8                hal_can_set_receive_callback
 .text.hal_can_set_error_callback
                0x0001bbfe       0x16 ./bin/lib/40/S32K148_lib/lib_S32K148_hal_impl_s32k.a(hal_can_s32k.o)
                0x0001bbfe                hal_can_set_error_callback
 .text.hal_can_set_baudrate
                0x0001bc14       0x84 ./bin/lib/40/S32K148_lib/lib_S32K148_hal_impl_s32k.a(hal_can_s32k.o)
                0x0001bc14                hal_can_set_baudrate
 .text.hal_can_set_fd_data_baudrate
                0x0001bc98       0x5c ./bin/lib/40/S32K148_lib/lib_S32K148_hal_impl_s32k.a(hal_can_s32k.o)
                0x0001bc98                hal_can_set_fd_data_baudrate
 .text.hal_can_dlc_to_len
                0x0001bcf4       0x36 ./bin/lib/40/S32K148_lib/lib_S32K148_hal_impl_s32k.a(hal_can_s32k.o)
                0x0001bcf4                hal_can_dlc_to_len
 *fill*         0x0001bd2a        0x2 
 .text.hal_can_send
                0x0001bd2c       0xa0 ./bin/lib/40/S32K148_lib/lib_S32K148_hal_impl_s32k.a(hal_can_s32k.o)
                0x0001bd2c                hal_can_send
 .text.hal_can_len_to_dlc
                0x0001bdcc       0x64 ./bin/lib/40/S32K148_lib/lib_S32K148_hal_impl_s32k.a(hal_can_s32k.o)
                0x0001bdcc                hal_can_len_to_dlc
 .text.hal_io_init
                0x0001be30       0xa8 ./bin/lib/40/S32K148_lib/lib_S32K148_hal_impl_s32k.a(hal_io_s32k.o)
                0x0001be30                hal_io_init
 .text.hal_io_init_pin
                0x0001bed8       0x44 ./bin/lib/40/S32K148_lib/lib_S32K148_hal_impl_s32k.a(hal_io_s32k.o)
                0x0001bed8                hal_io_init_pin
 .text.hal_io_do_readback
                0x0001bf1c       0x4c ./bin/lib/40/S32K148_lib/lib_S32K148_hal_impl_s32k.a(hal_io_s32k.o)
                0x0001bf1c                hal_io_do_readback
 .text.hal_io_do_set
                0x0001bf68       0x74 ./bin/lib/40/S32K148_lib/lib_S32K148_hal_impl_s32k.a(hal_io_s32k.o)
                0x0001bf68                hal_io_do_set
 .text.hal_io_do_toggle
                0x0001bfdc       0x44 ./bin/lib/40/S32K148_lib/lib_S32K148_hal_impl_s32k.a(hal_io_s32k.o)
                0x0001bfdc                hal_io_do_toggle
 .text.hal_pwm_init
                0x0001c020      0x170 ./bin/lib/40/S32K148_lib/lib_S32K148_hal_impl_s32k.a(hal_pwm_s32k.o)
                0x0001c020                hal_pwm_init
 .text.hal_freq_init
                0x0001c190       0xe0 ./bin/lib/40/S32K148_lib/lib_S32K148_hal_impl_s32k.a(hal_pwm_s32k.o)
                0x0001c190                hal_freq_init
 .text.hal_pwm_set_duty
                0x0001c270       0x9c ./bin/lib/40/S32K148_lib/lib_S32K148_hal_impl_s32k.a(hal_pwm_s32k.o)
                0x0001c270                hal_pwm_set_duty
 .text.hal_pwm_readback_do
                0x0001c30c       0x3c ./bin/lib/40/S32K148_lib/lib_S32K148_hal_impl_s32k.a(hal_pwm_s32k.o)
                0x0001c30c                hal_pwm_readback_do
 .text.hal_sci_receive
                0x0001c348       0x18 ./bin/lib/40/S32K148_lib/lib_S32K148_hal_impl_s32k.a(hal_sci_s32k.o)
                0x0001c348                hal_sci_receive
 .text.hal_sci_set_callback
                0x0001c360       0x26 ./bin/lib/40/S32K148_lib/lib_S32K148_hal_impl_s32k.a(hal_sci_s32k.o)
                0x0001c360                hal_sci_set_callback
 .text.hal_sci_set_baudrate
                0x0001c386       0x1e ./bin/lib/40/S32K148_lib/lib_S32K148_hal_impl_s32k.a(hal_sci_s32k.o)
                0x0001c386                hal_sci_set_baudrate
 .text.hal_sci_init
                0x0001c3a4       0x8c ./bin/lib/40/S32K148_lib/lib_S32K148_hal_impl_s32k.a(hal_sci_s32k.o)
                0x0001c3a4                hal_sci_init
 .text.hal_nvm_init
                0x0001c430       0x88 ./bin/lib/40/S32K148_lib/lib_S32K148_hal_impl_s32k.a(hal_nvm_s32k.o)
                0x0001c430                hal_nvm_init
 .text.set_callback_timer_1ms
                0x0001c4b8        0xc ./bin/lib/40/S32K148_lib/lib_S32K148_hal_impl_s32k.a(hal_tick_s32k.o)
                0x0001c4b8                set_callback_timer_1ms
 .text.hal_tick_init
                0x0001c4c4        0xc ./bin/lib/40/S32K148_lib/lib_S32K148_hal_impl_s32k.a(hal_tick_s32k.o)
                0x0001c4c4                hal_tick_init
 .text.hal_get_timestamp
                0x0001c4d0       0x1c ./bin/lib/40/S32K148_lib/lib_S32K148_hal_impl_s32k.a(hal_tick_s32k.o)
                0x0001c4d0                hal_get_timestamp
 .text.hal_tick_set_tick_next
                0x0001c4ec       0x1e ./bin/lib/40/S32K148_lib/lib_S32K148_hal_impl_s32k.a(hal_tick_s32k.o)
                0x0001c4ec                hal_tick_set_tick_next
 *fill*         0x0001c50a        0x2 
 .text.hal_tick_set_tick
                0x0001c50c      0x228 ./bin/lib/40/S32K148_lib/lib_S32K148_hal_impl_s32k.a(hal_tick_s32k.o)
                0x0001c50c                hal_tick_set_tick
 .text.SysTick_Handler
                0x0001c734       0x28 ./bin/lib/40/S32K148_lib/lib_S32K148_hal_impl_s32k.a(hal_tick_s32k.o)
                0x0001c734                SysTick_Handler
 .text.kick_watchdog
                0x0001c75c       0x50 ./bin/lib/40/S32K148_lib/lib_S32K148_hal_impl_s32k.a(hal_watchdog_s32k.o)
 .text.hal_watchdog_start
                0x0001c7ac       0x78 ./bin/lib/40/S32K148_lib/lib_S32K148_hal_impl_s32k.a(hal_watchdog_s32k.o)
                0x0001c7ac                hal_watchdog_start
 .text.hal_watchdog_mask
                0x0001c824       0x1c ./bin/lib/40/S32K148_lib/lib_S32K148_hal_impl_s32k.a(hal_watchdog_s32k.o)
                0x0001c824                hal_watchdog_mask
 .text.hal_watchdog_signal
                0x0001c840       0x90 ./bin/lib/40/S32K148_lib/lib_S32K148_hal_impl_s32k.a(hal_watchdog_s32k.o)
                0x0001c840                hal_watchdog_signal
 .text.hal_sys_disable_all_interrupts
                0x0001c8d0        0x4 ./bin/lib/40/S32K148_lib/lib_S32K148_hal_impl_s32k.a(hal_sys_s32k.o)
                0x0001c8d0                hal_sys_disable_all_interrupts
 .text.hal_sys_enable_all_interrupts
                0x0001c8d4        0x4 ./bin/lib/40/S32K148_lib/lib_S32K148_hal_impl_s32k.a(hal_sys_s32k.o)
                0x0001c8d4                hal_sys_enable_all_interrupts
 .text.init     0x0001c8d8       0x28 ./bin/lib/40/S32K148_lib/lib_S32K148_bl_protocol.a(role.o)
 .text.role_constructor
                0x0001c900       0x30 ./bin/lib/40/S32K148_lib/lib_S32K148_bl_protocol.a(role.o)
 .text.role_dothis
                0x0001c930      0x198 ./bin/lib/40/S32K148_lib/lib_S32K148_bl_protocol.a(role.o)
                0x0001c930                role_dothis
 .text.role_play
                0x0001cac8       0x34 ./bin/lib/40/S32K148_lib/lib_S32K148_bl_protocol.a(role.o)
                0x0001cac8                role_play
 .text.role_private_play
                0x0001cafc       0x40 ./bin/lib/40/S32K148_lib/lib_S32K148_bl_protocol.a(role_phy_can.o)
 .text.role_private_dothis
                0x0001cb3c      0xab0 ./bin/lib/40/S32K148_lib/lib_S32K148_bl_protocol.a(role_phy_can.o)
 .text.role_phy_can_constructor
                0x0001d5ec       0x44 ./bin/lib/40/S32K148_lib/lib_S32K148_bl_protocol.a(role_phy_can.o)
                0x0001d5ec                role_phy_can_constructor
 .text.role_phy_tick_update
                0x0001d630       0x50 ./bin/lib/40/S32K148_lib/lib_S32K148_bl_protocol.a(role_phy_tick.o)
 .text.role_private_play
                0x0001d680       0x20 ./bin/lib/40/S32K148_lib/lib_S32K148_bl_protocol.a(role_phy_tick.o)
 .text.role_phy_tick_timestamp
                0x0001d6a0       0x54 ./bin/lib/40/S32K148_lib/lib_S32K148_bl_protocol.a(role_phy_tick.o)
 .text.role_phy_tick_is_timeout
                0x0001d6f4       0x48 ./bin/lib/40/S32K148_lib/lib_S32K148_bl_protocol.a(role_phy_tick.o)
 .text.role_private_dothis
                0x0001d73c      0x2c8 ./bin/lib/40/S32K148_lib/lib_S32K148_bl_protocol.a(role_phy_tick.o)
 .text.role_phy_tick_constructor
                0x0001da04       0x2c ./bin/lib/40/S32K148_lib/lib_S32K148_bl_protocol.a(role_phy_tick.o)
                0x0001da04                role_phy_tick_constructor
 .text.role_private_play
                0x0001da30       0x1c ./bin/lib/40/S32K148_lib/lib_S32K148_bl_protocol.a(role_phy_sys.o)
 .text.role_private_dothis
                0x0001da4c      0x3f0 ./bin/lib/40/S32K148_lib/lib_S32K148_bl_protocol.a(role_phy_sys.o)
 .text.role_phy_sys_constructor
                0x0001de3c       0x2c ./bin/lib/40/S32K148_lib/lib_S32K148_bl_protocol.a(role_phy_sys.o)
                0x0001de3c                role_phy_sys_constructor
 .text.CCIF_Handler
                0x0001de68       0x10 ./bin/lib/40/S32K148_lib/lib_S32K148_bl_protocol.a(role_phy_flash.o)
 .text.role_private_play
                0x0001de78       0x1c ./bin/lib/40/S32K148_lib/lib_S32K148_bl_protocol.a(role_phy_flash.o)
 .text.role_private_dothis
                0x0001de94      0x2c8 ./bin/lib/40/S32K148_lib/lib_S32K148_bl_protocol.a(role_phy_flash.o)
 .text.role_phy_flash_constructor
                0x0001e15c       0x2c ./bin/lib/40/S32K148_lib/lib_S32K148_bl_protocol.a(role_phy_flash.o)
                0x0001e15c                role_phy_flash_constructor
 .text.ee_version_get_compatible
                0x0001e188       0xf8 ./bin/lib/40/S32K148_lib/lib_S32K148_bl_protocol.a(ee_helper.o)
                0x0001e188                ee_version_get_compatible
 .text.ee_is_id_match
                0x0001e280       0x64 ./bin/lib/40/S32K148_lib/lib_S32K148_bl_protocol.a(ee_helper.o)
                0x0001e280                ee_is_id_match
 .text.ee_is_address_mapping_used
                0x0001e2e4       0x18 ./bin/lib/40/S32K148_lib/lib_S32K148_bl_protocol.a(ee_helper.o)
                0x0001e2e4                ee_is_address_mapping_used
 .text.bl_ee_binary_search
                0x0001e2fc      0x130 ./bin/lib/40/S32K148_lib/lib_S32K148_bl_protocol.a(ee_helper.o)
 .text.bl_ee_transform_addr
                0x0001e42c       0x60 ./bin/lib/40/S32K148_lib/lib_S32K148_bl_protocol.a(ee_helper.o)
 .text.ee_read  0x0001e48c       0x60 ./bin/lib/40/S32K148_lib/lib_S32K148_bl_protocol.a(ee_helper.o)
                0x0001e48c                ee_read
 .text.ee_write
                0x0001e4ec       0xc0 ./bin/lib/40/S32K148_lib/lib_S32K148_bl_protocol.a(ee_helper.o)
                0x0001e4ec                ee_write
 .text.ee_write_max32
                0x0001e5ac       0x12 ./bin/lib/40/S32K148_lib/lib_S32K148_bl_protocol.a(ee_helper.o)
                0x0001e5ac                ee_write_max32
 .text.bl_ee_working_addr
                0x0001e5be       0x1a ./bin/lib/40/S32K148_lib/lib_S32K148_bl_protocol.a(ee_helper.o)
                0x0001e5be                bl_ee_working_addr
 .text.ee_set_defaults
                0x0001e5d8      0x260 ./bin/lib/40/S32K148_lib/lib_S32K148_bl_protocol.a(ee_helper.o)
                0x0001e5d8                ee_set_defaults
 .text.bl_protocol_bl_set_eeprom_access
                0x0001e838       0x48 ./bin/lib/40/S32K148_lib/lib_S32K148_bl_protocol.a(role_protocol_bl.o)
 .text.bl_protocol_bl_send_notification
                0x0001e880       0x3c ./bin/lib/40/S32K148_lib/lib_S32K148_bl_protocol.a(role_protocol_bl.o)
 .text.bl_protocol_bl_set_flasher_state