Archive member included to satisfy reference by file (symbol)

./bin/lib/40/S32K148_lib/lib_S32K148_sdk.a(system_S32K148.o)
                              (--whole-archive)
./bin/lib/40/S32K148_lib/lib_S32K148_sdk.a(startup_S32K148.o)
                              (--whole-archive)
./bin/lib/40/S32K148_lib/lib_S32K148_sdk.a(adc_driver.o)
                              (--whole-archive)
./bin/lib/40/S32K148_lib/lib_S32K148_sdk.a(clock_S32K1xx.o)
                              (--whole-archive)
./bin/lib/40/S32K148_lib/lib_S32K148_sdk.a(crc_driver.o)
                              (--whole-archive)
./bin/lib/40/S32K148_lib/lib_S32K148_sdk.a(crc_hw_access.o)
                              (--whole-archive)
./bin/lib/40/S32K148_lib/lib_S32K148_sdk.a(edma_driver.o)
                              (--whole-archive)
./bin/lib/40/S32K148_lib/lib_S32K148_sdk.a(edma_hw_access.o)
                              (--whole-archive)
./bin/lib/40/S32K148_lib/lib_S32K148_sdk.a(edma_irq.o)
                              (--whole-archive)
./bin/lib/40/S32K148_lib/lib_S32K148_sdk.a(flash_driver.o)
                              (--whole-archive)
./bin/lib/40/S32K148_lib/lib_S32K148_sdk.a(flexcan_driver.o)
                              (--whole-archive)
./bin/lib/40/S32K148_lib/lib_S32K148_sdk.a(flexcan_hw_access.o)
                              (--whole-archive)
./bin/lib/40/S32K148_lib/lib_S32K148_sdk.a(flexcan_irq.o)
                              (--whole-archive)
./bin/lib/40/S32K148_lib/lib_S32K148_sdk.a(ftm_common.o)
                              (--whole-archive)
./bin/lib/40/S32K148_lib/lib_S32K148_sdk.a(ftm_hw_access.o)
                              (--whole-archive)
./bin/lib/40/S32K148_lib/lib_S32K148_sdk.a(ftm_ic_driver.o)
                              (--whole-archive)
./bin/lib/40/S32K148_lib/lib_S32K148_sdk.a(ftm_mc_driver.o)
                              (--whole-archive)
./bin/lib/40/S32K148_lib/lib_S32K148_sdk.a(ftm_oc_driver.o)
                              (--whole-archive)
./bin/lib/40/S32K148_lib/lib_S32K148_sdk.a(ftm_pwm_driver.o)
                              (--whole-archive)
./bin/lib/40/S32K148_lib/lib_S32K148_sdk.a(ftm_qd_driver.o)
                              (--whole-archive)
./bin/lib/40/S32K148_lib/lib_S32K148_sdk.a(interrupt_manager.o)
                              (--whole-archive)
./bin/lib/40/S32K148_lib/lib_S32K148_sdk.a(lpi2c_driver.o)
                              (--whole-archive)
./bin/lib/40/S32K148_lib/lib_S32K148_sdk.a(lpi2c_hw_access.o)
                              (--whole-archive)
./bin/lib/40/S32K148_lib/lib_S32K148_sdk.a(lpi2c_irq.o)
                              (--whole-archive)
./bin/lib/40/S32K148_lib/lib_S32K148_sdk.a(lpit_driver.o)
                              (--whole-archive)
./bin/lib/40/S32K148_lib/lib_S32K148_sdk.a(lpspi_hw_access.o)
                              (--whole-archive)
./bin/lib/40/S32K148_lib/lib_S32K148_sdk.a(lpspi_irq.o)
                              (--whole-archive)
./bin/lib/40/S32K148_lib/lib_S32K148_sdk.a(lpspi_master_driver.o)
                              (--whole-archive)
./bin/lib/40/S32K148_lib/lib_S32K148_sdk.a(lpspi_slave_driver.o)
                              (--whole-archive)
./bin/lib/40/S32K148_lib/lib_S32K148_sdk.a(lpspi_shared_function.o)
                              (--whole-archive)
./bin/lib/40/S32K148_lib/lib_S32K148_sdk.a(lpuart_driver.o)
                              (--whole-archive)
./bin/lib/40/S32K148_lib/lib_S32K148_sdk.a(lpuart_driver_mrs_lin.o)
                              (--whole-archive)
./bin/lib/40/S32K148_lib/lib_S32K148_sdk.a(lpuart_hw_access.o)
                              (--whole-archive)
./bin/lib/40/S32K148_lib/lib_S32K148_sdk.a(lpuart_irq.o)
                              (--whole-archive)
./bin/lib/40/S32K148_lib/lib_S32K148_sdk.a(lptmr_driver.o)
                              (--whole-archive)
./bin/lib/40/S32K148_lib/lib_S32K148_sdk.a(lptmr_hw_access.o)
                              (--whole-archive)
./bin/lib/40/S32K148_lib/lib_S32K148_sdk.a(pdb_driver.o)
                              (--whole-archive)
./bin/lib/40/S32K148_lib/lib_S32K148_sdk.a(pdb_hw_access.o)
                              (--whole-archive)
./bin/lib/40/S32K148_lib/lib_S32K148_sdk.a(pins_driver.o)
                              (--whole-archive)
./bin/lib/40/S32K148_lib/lib_S32K148_sdk.a(pins_port_hw_access.o)
                              (--whole-archive)
./bin/lib/40/S32K148_lib/lib_S32K148_sdk.a(rtc_driver.o)
                              (--whole-archive)
./bin/lib/40/S32K148_lib/lib_S32K148_sdk.a(rtc_hw_access.o)
                              (--whole-archive)
./bin/lib/40/S32K148_lib/lib_S32K148_sdk.a(rtc_irq.o)
                              (--whole-archive)
./bin/lib/40/S32K148_lib/lib_S32K148_sdk.a(wdog_driver.o)
                              (--whole-archive)
./bin/lib/40/S32K148_lib/lib_S32K148_sdk.a(wdog_hw_access.o)
                              (--whole-archive)
./bin/lib/40/S32K148_lib/lib_S32K148_sdk.a(lin_stack.o)
[...]
Memory Configuration

Name             Origin             Length             Attributes
m_text_bootloader 0x00000000         0x00010000         r
m_text_header    0x00010000         0x00001000         xr
m_interrupts     0x00011000         0x00000400         xr
m_flash_config   0x00011400         0x00000010         xr
m_text           0x00011410         0x0016ebf0         xr
m_flexram        0x14000000         0x00001000         rw
m_data           0x1ffe0000         0x00020000         rw
m_data_2         0x20000000         0x0001f000         rw
*default*        0x00000000         0xffffffff

Linker script and memory map

LOAD c:/users/tomas/appdata/local/applicsstudio/app-4.16.0/tools/gnuarmembedded/8.3.1/bin/../lib/gcc/arm-none-eabi/8.3.1/thumb/v7e-m+fp/hard/crti.o
LOAD c:/users/tomas/appdata/local/applicsstudio/app-4.16.0/tools/gnuarmembedded/8.3.1/bin/../lib/gcc/arm-none-eabi/8.3.1/thumb/v7e-m+fp/hard/crtbegin.o
LOAD c:/users/tomas/appdata/local/applicsstudio/app-4.16.0/tools/gnuarmembedded/8.3.1/bin/../lib/gcc/arm-none-eabi/8.3.1/../../../../arm-none-eabi/lib/thumb/v7e-m+fp/hard/crt0.o
LOAD ./bin/obj/can_db_tables.o
LOAD ./bin/obj/io_tables.o
LOAD ./bin/obj/io_variables.o
LOAD ./bin/obj/graph_code.o
LOAD ./bin/obj/graph_support.o
LOAD ./bin/obj/module_code.o
LOAD ./bin/obj/lin_db_tables.o
LOAD ./bin/obj/lin_diagnose.o
LOAD ./bin/obj/user_code.o
LOAD ./bin/obj/modulhardwarecode.o
LOAD ./bin/obj/sfl_db.o
LOAD ./bin/obj/sfl_can_db.o
LOAD ./bin/obj/sfl_can_db_tables_data.o
LOAD ./bin/obj/sfl_timer.o
LOAD ./bin/obj/sfl_math.o
LOAD ./bin/obj/sfl_ramp_generator.o
LOAD ./bin/obj/sfl_bl_protocol_s32k.o
LOAD ./bin/obj/sfl_fifo.o
LOAD ./bin/obj/adc_app.o
LOAD ./bin/obj/can_app.o
LOAD ./bin/obj/diag.o
LOAD ./bin/obj/ftm_app.o
LOAD ./bin/obj/input_proc.o
LOAD ./bin/obj/irq_cfg.o
LOAD ./bin/obj/lin_app.o
LOAD ./bin/obj/main.o
LOAD ./bin/obj/motor_app.o
LOAD ./bin/obj/sci_app.o
LOAD ./bin/obj/spi_app.o
LOAD ./bin/obj/user_api_ai.o
LOAD ./bin/obj/user_api_can.o
LOAD ./bin/obj/user_api_eeprom.o
LOAD ./bin/obj/user_api_io.o
LOAD ./bin/obj/user_api_motor.o
LOAD ./bin/obj/user_api_pwm.o
LOAD ./bin/obj/user_api_system.o
LOAD ./bin/obj/user_api_timer.o
LOAD ./bin/obj/user_api_uart.o
LOAD ./bin/obj/user_api_util.o
LOAD ./bin/lib/40/S32K148_lib/lib_S32K148_sdk.a
LOAD ./bin/lib/40/S32K148_lib/lib_S32K148_bsp_cfg.a
LOAD ./bin/lib/40/S32K148_lib/lib_S32K148_hal_impl_s32k.a
LOAD ./bin/lib/40/S32K148_lib/lib_S32K148_bl_protocol.a
LOAD c:/users/tomas/appdata/local/applicsstudio/app-4.16.0/tools/gnuarmembedded/8.3.1/bin/../lib/gcc/arm-none-eabi/8.3.1/../../../../arm-none-eabi/lib/thumb/v7e-m+fp/hard\libstdc++_nano.a
LOAD c:/users/tomas/appdata/local/applicsstudio/app-4.16.0/tools/gnuarmembedded/8.3.1/bin/../lib/gcc/arm-none-eabi/8.3.1/../../../../arm-none-eabi/lib/thumb/v7e-m+fp/hard\libm.a
START GROUP
LOAD c:/users/tomas/appdata/local/applicsstudio/app-4.16.0/tools/gnuarmembedded/8.3.1/bin/../lib/gcc/arm-none-eabi/8.3.1/thumb/v7e-m+fp/hard\libgcc.a
LOAD c:/users/tomas/appdata/local/applicsstudio/app-4.16.0/tools/gnuarmembedded/8.3.1/bin/../lib/gcc/arm-none-eabi/8.3.1/../../../../arm-none-eabi/lib/thumb/v7e-m+fp/hard\libc_nano.a
END GROUP
START GROUP
LOAD c:/users/tomas/appdata/local/applicsstudio/app-4.16.0/tools/gnuarmembedded/8.3.1/bin/../lib/gcc/arm-none-eabi/8.3.1/thumb/v7e-m+fp/hard\libgcc.a
LOAD c:/users/tomas/appdata/local/applicsstudio/app-4.16.0/tools/gnuarmembedded/8.3.1/bin/../lib/gcc/arm-none-eabi/8.3.1/../../../../arm-none-eabi/lib/thumb/v7e-m+fp/hard\libc_nano.a
LOAD c:/users/tomas/appdata/local/applicsstudio/app-4.16.0/tools/gnuarmembedded/8.3.1/bin/../lib/gcc/arm-none-eabi/8.3.1/../../../../arm-none-eabi/lib/thumb/v7e-m+fp/hard\libnosys.a
END GROUP
START GROUP
LOAD c:/users/tomas/appdata/local/applicsstudio/app-4.16.0/tools/gnuarmembedded/8.3.1/bin/../lib/gcc/arm-none-eabi/8.3.1/thumb/v7e-m+fp/hard\libgcc.a
LOAD c:/users/tomas/appdata/local/applicsstudio/app-4.16.0/tools/gnuarmembedded/8.3.1/bin/../lib/gcc/arm-none-eabi/8.3.1/../../../../arm-none-eabi/lib/thumb/v7e-m+fp/hard\libc_nano.a
LOAD c:/users/tomas/appdata/local/applicsstudio/app-4.16.0/tools/gnuarmembedded/8.3.1/bin/../lib/gcc/arm-none-eabi/8.3.1/../../../../arm-none-eabi/lib/thumb/v7e-m+fp/hard\libnosys.a
END GROUP
LOAD c:/users/tomas/appdata/local/applicsstudio/app-4.16.0/tools/gnuarmembedded/8.3.1/bin/../lib/gcc/arm-none-eabi/8.3.1/thumb/v7e-m+fp/hard/crtend.o
LOAD c:/users/tomas/appdata/local/applicsstudio/app-4.16.0/tools/gnuarmembedded/8.3.1/bin/../lib/gcc/arm-none-eabi/8.3.1/thumb/v7e-m+fp/hard/crtn.o
                0x00000400                HEAP_SIZE = DEFINED (__heap_size__)?__heap_size__:0x400
                0x00001000                STACK_SIZE = DEFINED (__stack_size__)?__stack_size__:0x1000
                0x00010000                __APP_HEADER_ADDR = 0x10000
                0x00001000                __APP_HEADER_SIZE = 0x1000
                0x0000f000                __EE_RO_FLASH_ADDR = 0xf000
                0x0000f200                __EE_CALIBR_FLASH_ADDR = 0xf200
                0x00000400                M_VECTOR_RAM_SIZE = DEFINED (__flash_vector_table__)?0x0:0x400

.APP_HEADER     0x00010000     0x1000
 *(.APP_HEADER)
 .APP_HEADER    0x00010000      0x400 ./bin/lib/40/S32K148_lib/lib_S32K148_bl_protocol.a(role_protocol_bl.o)
                0x00011000                . = ALIGN (__APP_HEADER_SIZE)
 *fill*         0x00010400      0xc00 

.interrupts     0x00011000      0x400
                0x00011000                __VECTOR_TABLE = .
                0x00011000                __interrupts_start__ = .
                0x00011000                . = ALIGN (0x4)
 *(.isr_vector)
 .isr_vector    0x00011000      0x400 ./bin/lib/40/S32K148_lib/lib_S32K148_sdk.a(startup_S32K148.o)
                0x00011000                __isr_vector
                0x00011400                __interrupts_end__ = .
                0x00011400                . = ALIGN (0x4)

.flash_config   0x00011400       0x10
                0x00011400                . = ALIGN (0x4)
 *(.FlashConfig)
 .FlashConfig   0x00011400       0x10 ./bin/lib/40/S32K148_lib/lib_S32K148_sdk.a(startup_S32K148.o)
                0x00011410                . = ALIGN (0x4)

.text           0x00011410    0x12c70
                0x00011410                . = ALIGN (0x4)
 *(.text)
 .text          0x00011410       0x40 c:/users/tomas/appdata/local/applicsstudio/app-4.16.0/tools/gnuarmembedded/8.3.1/bin/../lib/gcc/arm-none-eabi/8.3.1/thumb/v7e-m+fp/hard/crtbegin.o
 .text          0x00011450       0x4c ./bin/lib/40/S32K148_lib/lib_S32K148_sdk.a(startup_S32K148.o)
                0x00011450                Reset_Handler
                0x00011498                DebugMon_Handler
                0x00011498                HardFault_Handler
                0x00011498                Reserved103_IRQHandler
                0x00011498                Reserved50_IRQHandler
                0x00011498                FTFC_Fault_IRQHandler
                0x00011498                Reserved114_IRQHandler
                0x00011498                PendSV_Handler
                0x00011498                NMI_Handler
                0x00011498                ERM_double_fault_IRQHandler
                0x00011498                Reserved59_IRQHandler
                0x00011498                LPIT0_Ch0_IRQHandler
                0x00011498                Reserved99_IRQHandler
                0x00011498                LPIT0_Ch3_IRQHandler
                0x00011498                SWI_IRQHandler
                0x00011498                ADC0_IRQHandler
                0x00011498                UsageFault_Handler
                0x00011498                FTM4_Fault_IRQHandler
                0x00011498                DefaultISR
                0x00011498                Reserved58_IRQHandler
                0x00011498                FTM7_Fault_IRQHandler
                0x00011498                Reserved82_IRQHandler
                0x00011498                PORTD_IRQHandler
                0x00011498                SAI1_Rx_IRQHandler
                0x00011498                Reserved69_IRQHandler
                0x00011498                PORTB_IRQHandler
                0x00011498                Reserved70_IRQHandler
                0x00011498                Reserved53_IRQHandler
                0x00011498                PDB0_IRQHandler
                0x00011498                Reserved54_IRQHandler
                0x00011498                FTM6_Fault_IRQHandler
                0x00011498                LPUART1_RxTx_IRQHandler
                0x00011498                Reserved110_IRQHandler
                0x00011498                Reserved107_IRQHandler
                0x00011498                ENET_TIMER_IRQHandler
                0x00011498                Read_Collision_IRQHandler
                0x00011498                FTFC_IRQHandler
                0x00011498                FTM5_Fault_IRQHandler
                0x00011498                LPIT0_Ch1_IRQHandler
                0x00011498                SAI0_Tx_IRQHandler
                0x00011498                LPUART2_RxTx_IRQHandler
                0x00011498                WDOG_EWM_IRQHandler
                0x00011498                MemManage_Handler
                0x00011498                Reserved83_IRQHandler
                0x00011498                FTM0_Fault_IRQHandler
                0x00011498                Reserved48_IRQHandler
                0x00011498                SVC_Handler
                0x00011498                ENET_TX_IRQHandler
                0x00011498                ERM_single_fault_IRQHandler
                0x00011498                FTM2_Fault_IRQHandler
                0x00011498                FTM3_Fault_IRQHandler
                0x00011498                RCM_IRQHandler
                0x00011498                Reserved100_IRQHandler
                0x00011498                SAI0_Rx_IRQHandler
                0x00011498                SCG_IRQHandler
                0x00011498                PDB1_IRQHandler
                0x00011498                ENET_WAKE_IRQHandler
                0x00011498                FTM1_Fault_IRQHandler
                0x00011498                Reserved106_IRQHandler
                0x00011498                ENET_ERR_IRQHandler
                0x00011498                LVD_LVW_IRQHandler
                0x00011498                ENET_STOP_IRQHandler
                0x00011498                ENET_RX_IRQHandler
                0x00011498                LPIT0_Ch2_IRQHandler
                0x00011498                PORTA_IRQHandler
                0x00011498                MCM_IRQHandler
                0x00011498                PORTE_IRQHandler
                0x00011498                LPUART0_RxTx_IRQHandler
                0x00011498                LPTMR0_IRQHandler
                0x00011498                BusFault_Handler
                0x00011498                QSPI_IRQHandler
                0x00011498                CMP0_IRQHandler
                0x00011498                Reserved52_IRQHandler
                0x00011498                PORTC_IRQHandler
                0x00011498                FLEXIO_IRQHandler
                0x00011498                SAI1_Tx_IRQHandler
                0x00011498                Reserved113_IRQHandler
 .text          0x0001149c      0x378 c:/users/tomas/appdata/local/applicsstudio/app-4.16.0/tools/gnuarmembedded/8.3.1/bin/../lib/gcc/arm-none-eabi/8.3.1/thumb/v7e-m+fp/hard\libgcc.a(_arm_addsubdf3.o)
                0x0001149c                __aeabi_drsub
                0x000114a4                __aeabi_dsub
                0x000114a4                __subdf3
                0x000114a8                __aeabi_dadd
                0x000114a8                __adddf3
                0x00011720                __floatunsidf
                0x00011720                __aeabi_ui2d
                0x00011740                __floatsidf
                0x00011740                __aeabi_i2d
                0x00011764                __aeabi_f2d
                0x00011764                __extendsfdf2
                0x000117a8                __floatundidf
                0x000117a8                __aeabi_ul2d
                0x000117b8                __floatdidf
                0x000117b8                __aeabi_l2d
 .text          0x00011814      0x424 c:/users/tomas/appdata/local/applicsstudio/app-4.16.0/tools/gnuarmembedded/8.3.1/bin/../lib/gcc/arm-none-eabi/8.3.1/thumb/v7e-m+fp/hard\libgcc.a(_arm_muldivdf3.o)
                0x00011814                __aeabi_dmul
                0x00011814                __muldf3
                0x00011a68                __divdf3
                0x00011a68                __aeabi_ddiv
 .text          0x00011c38       0x40 c:/users/tomas/appdata/local/applicsstudio/app-4.16.0/tools/gnuarmembedded/8.3.1/bin/../lib/gcc/arm-none-eabi/8.3.1/thumb/v7e-m+fp/hard\libgcc.a(_arm_fixunsdfsi.o)
                0x00011c38                __aeabi_d2uiz
                0x00011c38                __fixunsdfsi
 .text          0x00011c78       0x30 c:/users/tomas/appdata/local/applicsstudio/app-4.16.0/tools/gnuarmembedded/8.3.1/bin/../lib/gcc/arm-none-eabi/8.3.1/thumb/v7e-m+fp/hard\libgcc.a(_aeabi_uldivmod.o)
                0x00011c78                __aeabi_uldivmod
 .text          0x00011ca8      0x2d0 c:/users/tomas/appdata/local/applicsstudio/app-4.16.0/tools/gnuarmembedded/8.3.1/bin/../lib/gcc/arm-none-eabi/8.3.1/thumb/v7e-m+fp/hard\libgcc.a(_udivmoddi4.o)
                0x00011ca8                __udivmoddi4
 .text          0x00011f78        0x4 c:/users/tomas/appdata/local/applicsstudio/app-4.16.0/tools/gnuarmembedded/8.3.1/bin/../lib/gcc/arm-none-eabi/8.3.1/thumb/v7e-m+fp/hard\libgcc.a(_dvmd_tls.o)
                0x00011f78                __aeabi_idiv0
                0x00011f78                __aeabi_ldiv0
 .text          0x00011f7c       0x10 c:/users/tomas/appdata/local/applicsstudio/app-4.16.0/tools/gnuarmembedded/8.3.1/bin/../lib/gcc/arm-none-eabi/8.3.1/../../../../arm-none-eabi/lib/thumb/v7e-m+fp/hard\libc_nano.a(lib_a-strlen.o)
                0x00011f7c                strlen
 *fill*         0x00011f8c        0x4 
 .text          0x00011f90       0xa0 c:/users/tomas/appdata/local/applicsstudio/app-4.16.0/tools/gnuarmembedded/8.3.1/bin/../lib/gcc/arm-none-eabi/8.3.1/../../../../arm-none-eabi/lib/thumb/v7e-m+fp/hard\libc_nano.a(lib_a-memchr.o)
                0x00011f90                memchr
 *(.text*)
 .text.graphcode_init
                0x00012030        0x2 ./bin/obj/graph_code.o
                0x00012030                graphcode_init
 .text.graphcode
                0x00012032        0x2 ./bin/obj/graph_code.o
                0x00012032                graphcode
 .text.usercode_init
                0x00012034        0x8 ./bin/obj/user_code.o
                0x00012034                usercode_init
 .text.usercode
                0x0001203c       0x10 ./bin/obj/user_code.o
                0x0001203c                usercode
 .text.user_can_receive_msg_callback
                0x0001204c       0x38 ./bin/obj/user_code.o
                0x0001204c                user_can_receive_msg_callback
 .text.user_sci_continuous_receive_callback
                0x00012084        0x2 ./bin/obj/user_code.o
                0x00012084                user_sci_continuous_receive_callback
 .text.user_int_timer_1ms
                0x00012086        0x2 ./bin/obj/user_code.o
                0x00012086                user_int_timer_1ms
 .text.modulhardwarecode_adc_get_vrefh2
                0x00012088       0x38 ./bin/obj/modulhardwarecode.o
                0x00012088                modulhardwarecode_adc_get_vrefh2
 .text.modulhardwarecode_init
                0x000120c0       0x44 ./bin/obj/modulhardwarecode.o
                0x000120c0                modulhardwarecode_init
 .text.modulhardwarecode_adc_multiplex
                0x00012104       0x3e ./bin/obj/modulhardwarecode.o
                0x00012104                modulhardwarecode_adc_multiplex
 *fill*         0x00012142        0x2 
 .text.modulhardwarecode_cyclic
                0x00012144       0x50 ./bin/obj/modulhardwarecode.o
                0x00012144                modulhardwarecode_cyclic
 .text.sfl_db_change_intel_to_motorola_32_bit
                0x00012194       0x18 ./bin/obj/sfl_db.o
                0x00012194                sfl_db_change_intel_to_motorola_32_bit
 .text.sfl_db_put_signal_value_to_data_block
                0x000121ac       0xc2 ./bin/obj/sfl_db.o
                0x000121ac                sfl_db_put_signal_value_to_data_block
 .text.sfl_db_get_signal_value_from_data_block
                0x0001226e       0xc8 ./bin/obj/sfl_db.o
                0x0001226e                sfl_db_get_signal_value_from_data_block
 *fill*         0x00012336        0x2 
 .text.sfl_can_db_rx_fifo_init
                0x00012338       0x18 ./bin/obj/sfl_can_db.o
                0x00012338                sfl_can_db_rx_fifo_init
 .text.sfl_can_db_tx_fifo_init
                0x00012350       0x18 ./bin/obj/sfl_can_db.o
                0x00012350                sfl_can_db_tx_fifo_init
 .text.sfl_can_db_tx_callback
                0x00012368       0x48 ./bin/obj/sfl_can_db.o
                0x00012368                sfl_can_db_tx_callback
 .text.sfl_can_db_tx_fifo_cyclic
                0x000123b0       0x3c ./bin/obj/sfl_can_db.o
                0x000123b0                sfl_can_db_tx_fifo_cyclic
 .text.sfl_os_can_copy_msg
                0x000123ec       0x52 ./bin/obj/sfl_can_db.o
                0x000123ec                sfl_os_can_copy_msg
 *fill*         0x0001243e        0x2 
 .text.sfl_can_db_rx_wrapper
                0x00012440       0x1c ./bin/obj/sfl_can_db.o
                0x00012440                sfl_can_db_rx_wrapper
 .text.sfl_can_db_tx_wrapper
                0x0001245c       0x5c ./bin/obj/sfl_can_db.o
                0x0001245c                sfl_can_db_tx_wrapper
 .text.sfl_can_input_block_to_db
                0x000124b8      0x1ac ./bin/obj/sfl_can_db.o
                0x000124b8                sfl_can_input_block_to_db
 .text.sfl_can_queue_in_process_bus
                0x00012664       0x98 ./bin/obj/sfl_can_db.o
                0x00012664                sfl_can_queue_in_process_bus
 .text.sfl_can_process_block_timeouts
                0x000126fc       0xf8 ./bin/obj/sfl_can_db.o
                0x000126fc                sfl_can_process_block_timeouts
 .text.sfl_can_queue_in_process
                0x000127f4       0x28 ./bin/obj/sfl_can_db.o
                0x000127f4                sfl_can_queue_in_process
 .text.sfl_can_db_output_to_bus
                0x0001281c      0x24c ./bin/obj/sfl_can_db.o
                0x0001281c                sfl_can_db_output_to_bus
 .text.sfl_can_send_message
                0x00012a68       0x68 ./bin/obj/sfl_can_db.o
                0x00012a68                sfl_can_send_message
 .text.set_callback_can_msg_receive
                0x00012ad0        0xc ./bin/obj/sfl_can_db.o
                0x00012ad0                set_callback_can_msg_receive
 .text.sfl_can_db_tables_data_init_baudrate
                0x00012adc       0xc8 ./bin/obj/sfl_can_db_tables_data.o
                0x00012adc                sfl_can_db_tables_data_init_baudrate
 .text.sfl_can_db_tables_data_init
                0x00012ba4       0x18 ./bin/obj/sfl_can_db_tables_data.o
                0x00012ba4                sfl_can_db_tables_data_init
 .text.sfl_can_rx_int_enable
                0x00012bbc       0x30 ./bin/obj/sfl_can_db_tables_data.o
                0x00012bbc                sfl_can_rx_int_enable
 .text.sfl_can_get_handle
                0x00012bec       0x28 ./bin/obj/sfl_can_db_tables_data.o
                0x00012bec                sfl_can_get_handle
 .text.sfl_can_db_fifo_init
                0x00012c14       0x60 ./bin/obj/sfl_can_db_tables_data.o
                0x00012c14                sfl_can_db_fifo_init
 .text.sfl_can_db_config_mb_set_filter_mask
                0x00012c74       0x58 ./bin/obj/sfl_can_db_tables_data.o
                0x00012c74                sfl_can_db_config_mb_set_filter_mask
 .text.sfl_can_db_init
                0x00012ccc      0x138 ./bin/obj/sfl_can_db_tables_data.o
                0x00012ccc                sfl_can_db_init
 .text.sfl_timer_set_timestamp
                0x00012e04       0x20 ./bin/obj/sfl_timer.o
                0x00012e04                sfl_timer_set_timestamp
 .text.sfl_timer_get_time_elapsed
                0x00012e24       0x38 ./bin/obj/sfl_timer.o
                0x00012e24                sfl_timer_get_time_elapsed
 .text.sfl_timer_time_elapsed
                0x00012e5c       0x38 ./bin/obj/sfl_timer.o
                0x00012e5c                sfl_timer_time_elapsed
 .text.os_util_lookup1D
                0x00012e94      0x108 ./bin/obj/sfl_math.o
                0x00012e94                os_util_lookup1D
 .text.sfl_bl_protocol_s32k_transfer_msg_to_protocol
                0x00012f9c       0x50 ./bin/obj/sfl_bl_protocol_s32k.o
 .text.sfl_bl_protocol_s32k_init
                0x00012fec       0x18 ./bin/obj/sfl_bl_protocol_s32k.o
                0x00012fec                sfl_bl_protocol_s32k_init
 .text.sfl_bl_protocol_s32k_is_msg_for_bl
                0x00013004       0x1c ./bin/obj/sfl_bl_protocol_s32k.o
                0x00013004                sfl_bl_protocol_s32k_is_msg_for_bl
 .text.sfl_bl_protocol_s32k_cyclic
                0x00013020        0xa ./bin/obj/sfl_bl_protocol_s32k.o
                0x00013020                sfl_bl_protocol_s32k_cyclic
 .text.sfl_bl_protocol_s32k_process_rx_msg
                0x0001302a       0x10 ./bin/obj/sfl_bl_protocol_s32k.o
                0x0001302a                sfl_bl_protocol_s32k_process_rx_msg
 *fill*         0x0001303a        0x2 
 .text.sfl_bl_protocol_s32k_rx_tx_init
                0x0001303c      0x108 ./bin/obj/sfl_bl_protocol_s32k.o
                0x0001303c                sfl_bl_protocol_s32k_rx_tx_init
 .text.sfl_bl_protocol_s32k_set_baudrate
                0x00013144      0x14c ./bin/obj/sfl_bl_protocol_s32k.o
                0x00013144                sfl_bl_protocol_s32k_set_baudrate
 .text.sfl_bl_protocol_s32k_set_baudrate_fd
                0x00013290       0x70 ./bin/obj/sfl_bl_protocol_s32k.o
                0x00013290                sfl_bl_protocol_s32k_set_baudrate_fd
 .text.sfl_bl_protocol_s32k_configure_can_baudrate
                0x00013300       0x38 ./bin/obj/sfl_bl_protocol_s32k.o
                0x00013300                sfl_bl_protocol_s32k_configure_can_baudrate
 .text.sfl_fifo_init
                0x00013338       0x28 ./bin/obj/sfl_fifo.o
                0x00013338                sfl_fifo_init
 .text.sfl_fifo_put
                0x00013360       0x58 ./bin/obj/sfl_fifo.o
                0x00013360                sfl_fifo_put
 .text.sfl_fifo_get
                0x000133b8       0x52 ./bin/obj/sfl_fifo.o
                0x000133b8                sfl_fifo_get
 .text.sfl_fifo_get_preview
                0x0001340a       0x34 ./bin/obj/sfl_fifo.o
                0x0001340a                sfl_fifo_get_preview
 .text.sfl_fifo_remove
                0x0001343e       0x3a ./bin/obj/sfl_fifo.o
                0x0001343e                sfl_fifo_remove
 .text.pdb_init
                0x00013478      0x190 ./bin/obj/adc_app.o
                0x00013478                pdb_init
 .text.ADC_init
                0x00013608      0x140 ./bin/obj/adc_app.o
                0x00013608                ADC_init
 .text.ADC_IRQHandler
                0x00013748       0x60 ./bin/obj/adc_app.o
                0x00013748                ADC_IRQHandler
 .text.ADC1_IRQHandler
                0x000137a8        0xc ./bin/obj/adc_app.o
                0x000137a8                ADC1_IRQHandler
 .text.ADC2_IRQHandler
                0x000137b4        0xc ./bin/obj/adc_app.o
                0x000137b4                ADC2_IRQHandler
 .text.adc_get_counter
                0x000137c0       0x20 ./bin/obj/adc_app.o
                0x000137c0                adc_get_counter
 .text.adc_get_measurement_range
                0x000137e0       0x18 ./bin/obj/adc_app.o
                0x000137e0                adc_get_measurement_range
 .text.adc_copy_results_from_interrupt
                0x000137f8       0x80 ./bin/obj/adc_app.o
                0x000137f8                adc_copy_results_from_interrupt
 .text.adc_processing
                0x00013878      0x1d8 ./bin/obj/adc_app.o
                0x00013878                adc_processing
 .text.adc_wait_first_measurements
                0x00013a50       0x34 ./bin/obj/adc_app.o
                0x00013a50                adc_wait_first_measurements
 .text.CAN_Callback
                0x00013a84       0x90 ./bin/obj/can_app.o
                0x00013a84                CAN_Callback
 .text.CAN_Callback_Error
                0x00013b14       0xdc ./bin/obj/can_app.o
                0x00013b14                CAN_Callback_Error
 .text.ext_get_filter_and_mask
                0x00013bf0       0x1c ./bin/obj/can_app.o
                0x00013bf0                ext_get_filter_and_mask
 .text.user_can_init
                0x00013c0c      0x1d0 ./bin/obj/can_app.o
                0x00013c0c                user_can_init
 .text.DecToHexStr
                0x00013ddc       0x14 ./bin/obj/diag.o
                0x00013ddc                DecToHexStr
 .text.diag_start_request
                0x00013df0       0x36 ./bin/obj/diag.o
                0x00013df0                diag_start_request
 *fill*         0x00013e26        0x2 
 .text.read_data_request
                0x00013e28      0x300 ./bin/obj/diag.o
                0x00013e28                read_data_request
 .text.consecutive_frame_sending
                0x00014128      0x270 ./bin/obj/diag.o
                0x00014128                consecutive_frame_sending
 .text.FTM_IRQHandler
                0x00014398       0x64 ./bin/obj/ftm_app.o
                0x00014398                FTM_IRQHandler
 .text.FTM0_IRQHandler
                0x000143fc       0x14 ./bin/obj/ftm_app.o
                0x000143fc                FTM0_IRQHandler
 .text.FTM1_IRQHandler
                0x00014410       0x14 ./bin/obj/ftm_app.o
                0x00014410                FTM1_IRQHandler
 .text.FTM2_IRQHandler
                0x00014424       0x14 ./bin/obj/ftm_app.o
                0x00014424                FTM2_IRQHandler
 .text.FTM3_IRQHandler
                0x00014438       0x14 ./bin/obj/ftm_app.o
                0x00014438                FTM3_IRQHandler
 .text.FTM4_IRQHandler
                0x0001444c       0x14 ./bin/obj/ftm_app.o
                0x0001444c                FTM4_IRQHandler
 .text.FTM5_IRQHandler
                0x00014460       0x14 ./bin/obj/ftm_app.o
                0x00014460                FTM5_IRQHandler
 .text.FTM6_IRQHandler
                0x00014474       0x14 ./bin/obj/ftm_app.o
                0x00014474                FTM6_IRQHandler
 .text.FTM7_IRQHandler
                0x00014488       0x14 ./bin/obj/ftm_app.o
                0x00014488                FTM7_IRQHandler
 .text.Fill_lookup_tables
                0x0001449c       0x1c ./bin/obj/input_proc.o
                0x0001449c                Fill_lookup_tables
 .text.lookup1d
                0x000144b8       0x8c ./bin/obj/input_proc.o
                0x000144b8                lookup1d
 .text.Get_input_data
                0x00014544       0x1c ./bin/obj/input_proc.o
                0x00014544                Get_input_data
 .text.lin_init_all
                0x00014560        0x2 ./bin/obj/lin_app.o
                0x00014560                lin_init_all
 .text.lin_cyclic
                0x00014562        0x2 ./bin/obj/lin_app.o
                0x00014562                lin_cyclic
 .text.supporting_driver_init
                0x00014564       0x2c ./bin/obj/main.o
                0x00014564                supporting_driver_init
 .text.main     0x00014590       0xd0 ./bin/obj/main.o
                0x00014590                main
 .text.sci_init
                0x00014660       0x44 ./bin/obj/sci_app.o
                0x00014660                sci_init
 .text.user_sci_tx_empty_callback
                0x000146a4        0x2 ./bin/obj/sci_app.o
                0x000146a4                user_sci_tx_empty_callback
 .text.user_sci_transfer_complete_callback
                0x000146a6        0x2 ./bin/obj/sci_app.o
                0x000146a6                user_sci_transfer_complete_callback
 .text.UART_Callback
                0x000146a8       0x90 ./bin/obj/sci_app.o
                0x000146a8                UART_Callback
 .text.UART_Callback0
                0x00014738       0x10 ./bin/obj/sci_app.o
                0x00014738                UART_Callback0
 .text.UART_Callback1
                0x00014748       0x10 ./bin/obj/sci_app.o
                0x00014748                UART_Callback1
 .text.UART_Callback2
                0x00014758       0x10 ./bin/obj/sci_app.o
                0x00014758                UART_Callback2
 .text.user_ai_get_mv
                0x00014768       0x40 ./bin/obj/user_api_ai.o
                0x00014768                user_ai_get_mv
 .text.user_can_msg_send
                0x000147a8       0x90 ./bin/obj/user_api_can.o
                0x000147a8                user_can_msg_send
 .text.user_eeprom_ptr_to_uint16_field_member
                0x00014838      0x200 ./bin/obj/user_api_eeprom.o
                0x00014838                user_eeprom_ptr_to_uint16_field_member
 .text.user_eeprom_read_module_bootloader_version
                0x00014a38       0x1c ./bin/obj/user_api_eeprom.o
                0x00014a38                user_eeprom_read_module_bootloader_version
 .text.user_do_readback
                0x00014a54       0x68 ./bin/obj/user_api_io.o
                0x00014a54                user_do_readback
 .text.SystemInit
                0x00014abc       0x4c ./bin/lib/40/S32K148_lib/lib_S32K148_sdk.a(system_S32K148.o)
                0x00014abc                SystemInit
 .text.SystemCoreClockUpdate
                0x00014b08       0x84 ./bin/lib/40/S32K148_lib/lib_S32K148_sdk.a(system_S32K148.o)
                0x00014b08                SystemCoreClockUpdate
 .text.SystemSoftwareReset
                0x00014b8c       0x18 ./bin/lib/40/S32K148_lib/lib_S32K148_sdk.a(system_S32K148.o)
                0x00014b8c                SystemSoftwareReset
 .text.ADC_DRV_ConfigConverter
                0x00014ba4      0x188 ./bin/lib/40/S32K148_lib/lib_S32K148_sdk.a(adc_driver.o)
                0x00014ba4                ADC_DRV_ConfigConverter
 .text.ADC_DRV_ConfigChan
                0x00014d2c       0x5c ./bin/lib/40/S32K148_lib/lib_S32K148_sdk.a(adc_driver.o)
                0x00014d2c                ADC_DRV_ConfigChan
 .text.ADC_DRV_GetChanResult
                0x00014d88       0x18 ./bin/lib/40/S32K148_lib/lib_S32K148_sdk.a(adc_driver.o)
                0x00014d88                ADC_DRV_GetChanResult
 .text.ADC_DRV_AutoCalibration
                0x00014da0      0x154 ./bin/lib/40/S32K148_lib/lib_S32K148_sdk.a(adc_driver.o)
                0x00014da0                ADC_DRV_AutoCalibration
 .text.CLOCK_SYS_GetCurrentRunMode
                0x00014ef4       0x24 ./bin/lib/40/S32K148_lib/lib_S32K148_sdk.a(clock_S32K1xx.o)
 .text.CLOCK_SYS_GetSysOscFreq
                0x00014f18       0x1c ./bin/lib/40/S32K148_lib/lib_S32K148_sdk.a(clock_S32K1xx.o)
 .text.CLOCK_SYS_ConfigureSOSC
                0x00014f34      0x12c ./bin/lib/40/S32K148_lib/lib_S32K148_sdk.a(clock_S32K1xx.o)
 .text.CLOCK_SYS_GetSircFreq
                0x00015060       0x28 ./bin/lib/40/S32K148_lib/lib_S32K148_sdk.a(clock_S32K1xx.o)
 .text.CLOCK_SYS_ConfigureSIRC
                0x00015088       0xc4 ./bin/lib/40/S32K148_lib/lib_S32K148_sdk.a(clock_S32K1xx.o)
 .text.CLOCK_SYS_GetFircFreq
                0x0001514c       0x1c ./bin/lib/40/S32K148_lib/lib_S32K148_sdk.a(clock_S32K1xx.o)
 .text.CLOCK_SYS_ConfigureFIRC
                0x00015168       0xb8 ./bin/lib/40/S32K148_lib/lib_S32K148_sdk.a(clock_S32K1xx.o)
 .text.CLOCK_SYS_GetSysPllFreq
                0x00015220       0x44 ./bin/lib/40/S32K148_lib/lib_S32K148_sdk.a(clock_S32K1xx.o)
 .text.CLOCK_SYS_ConfigureSPLL
                0x00015264      0x104 ./bin/lib/40/S32K148_lib/lib_S32K148_sdk.a(clock_S32K1xx.o)
 .text.CLOCK_SYS_SetSystemClockConfig
                0x00015368      0x1c8 ./bin/lib/40/S32K148_lib/lib_S32K148_sdk.a(clock_S32K1xx.o)
 .text.CLOCK_SYS_TransitionSystemClock
                0x00015530       0x3c ./bin/lib/40/S32K148_lib/lib_S32K148_sdk.a(clock_S32K1xx.o)
 .text.CLOCK_SYS_GetSystemClockFreq
                0x0001556c       0x78 ./bin/lib/40/S32K148_lib/lib_S32K148_sdk.a(clock_S32K1xx.o)
 .text.CLOCK_SYS_GetQspiIpgClk
                0x000155e4       0x28 ./bin/lib/40/S32K148_lib/lib_S32K148_sdk.a(clock_S32K1xx.o)
 .text.CLOCK_SYS_GetScgClkOutFreq
                0x0001560c       0x44 ./bin/lib/40/S32K148_lib/lib_S32K148_sdk.a(clock_S32K1xx.o)
 .text.CLOCK_SYS_GetSysAsyncFreq
                0x00015650       0xd0 ./bin/lib/40/S32K148_lib/lib_S32K148_sdk.a(clock_S32K1xx.o)
 .text.CLOCK_SYS_GetSimRtcClkFreq
                0x00015720       0x50 ./bin/lib/40/S32K148_lib/lib_S32K148_sdk.a(clock_S32K1xx.o)
 .text.CLOCK_SYS_GetQSPIInternalReferenceClock
                0x00015770       0x38 ./bin/lib/40/S32K148_lib/lib_S32K148_sdk.a(clock_S32K1xx.o)
 .text.CLOCK_SYS_GetPeripheralClock
                0x000157a8       0x78 ./bin/lib/40/S32K148_lib/lib_S32K148_sdk.a(clock_S32K1xx.o)
 .text.CLOCK_SYS_GetLpoFreq
                0x00015820       0x44 ./bin/lib/40/S32K148_lib/lib_S32K148_sdk.a(clock_S32K1xx.o)
 .text.CLOCK_SYS_GetSimClkOutFreq
                0x00015864       0xc0 ./bin/lib/40/S32K148_lib/lib_S32K148_sdk.a(clock_S32K1xx.o)
 .text.CLOCK_DRV_Init
                0x00015924      0x5a8 ./bin/lib/40/S32K148_lib/lib_S32K148_sdk.a(clock_S32K1xx.o)
                0x00015924                CLOCK_DRV_Init
 .text.CLOCK_DRV_GetFreq
                0x00015ecc      0x498 ./bin/lib/40/S32K148_lib/lib_S32K148_sdk.a(clock_S32K1xx.o)
                0x00015ecc                CLOCK_DRV_GetFreq
 .text.CLOCK_SYS_Init
                0x00016364       0x1c ./bin/lib/40/S32K148_lib/lib_S32K148_sdk.a(clock_S32K1xx.o)
                0x00016364                CLOCK_SYS_Init
 .text.CLOCK_SYS_UpdateConfiguration
                0x00016380       0xf0 ./bin/lib/40/S32K148_lib/lib_S32K148_sdk.a(clock_S32K1xx.o)
                0x00016380                CLOCK_SYS_UpdateConfiguration
 .text.CLOCK_SYS_GetFreq
                0x00016470        0x8 ./bin/lib/40/S32K148_lib/lib_S32K148_sdk.a(clock_S32K1xx.o)
                0x00016470                CLOCK_SYS_GetFreq
 .text.EDMA_DRV_ClearStructure
                0x00016478       0x10 ./bin/lib/40/S32K148_lib/lib_S32K148_sdk.a(edma_driver.o)
 .text.EDMA_DRV_InstallCallback
                0x00016488       0x20 ./bin/lib/40/S32K148_lib/lib_S32K148_sdk.a(edma_driver.o)
                0x00016488                EDMA_DRV_InstallCallback
 .text.EDMA_DRV_IRQHandler
                0x000164a8       0x2c ./bin/lib/40/S32K148_lib/lib_S32K148_sdk.a(edma_driver.o)
                0x000164a8                EDMA_DRV_IRQHandler
 .text.EDMA_DRV_ErrorIRQHandler
                0x000164d4       0x3c ./bin/lib/40/S32K148_lib/lib_S32K148_sdk.a(edma_driver.o)
                0x000164d4                EDMA_DRV_ErrorIRQHandler
 .text.EDMA_DRV_ConfigSingleBlockTransfer
                0x00016510      0x138 ./bin/lib/40/S32K148_lib/lib_S32K148_sdk.a(edma_driver.o)
                0x00016510                EDMA_DRV_ConfigSingleBlockTransfer
 .text.EDMA_DRV_ConfigMultiBlockTransfer
                0x00016648       0x64 ./bin/lib/40/S32K148_lib/lib_S32K148_sdk.a(edma_driver.o)
                0x00016648                EDMA_DRV_ConfigMultiBlockTransfer
 .text.EDMA_DRV_StartChannel
                0x000166ac       0x18 ./bin/lib/40/S32K148_lib/lib_S32K148_sdk.a(edma_driver.o)
                0x000166ac                EDMA_DRV_StartChannel
 .text.EDMA_DRV_StopChannel
                0x000166c4       0x18 ./bin/lib/40/S32K148_lib/lib_S32K148_sdk.a(edma_driver.o)
                0x000166c4                EDMA_DRV_StopChannel
 .text.EDMA_DRV_SetChannelRequestAndTrigger
                0x000166dc       0x44 ./bin/lib/40/S32K148_lib/lib_S32K148_sdk.a(edma_driver.o)
                0x000166dc                EDMA_DRV_SetChannelRequestAndTrigger
 .text.EDMA_DRV_ChannelInit
                0x00016720       0xa0 ./bin/lib/40/S32K148_lib/lib_S32K148_sdk.a(edma_driver.o)
                0x00016720                EDMA_DRV_ChannelInit
 .text.EDMA_DRV_Init
                0x000167c0       0xa8 ./bin/lib/40/S32K148_lib/lib_S32K148_sdk.a(edma_driver.o)
                0x000167c0                EDMA_DRV_Init
 .text.EDMA_DRV_SetSrcLastAddrAdjustment
                0x00016868       0x16 ./bin/lib/40/S32K148_lib/lib_S32K148_sdk.a(edma_driver.o)
                0x00016868                EDMA_DRV_SetSrcLastAddrAdjustment
 .text.EDMA_DRV_SetDestAddr
                0x0001687e       0x16 ./bin/lib/40/S32K148_lib/lib_S32K148_sdk.a(edma_driver.o)
                0x0001687e                EDMA_DRV_SetDestAddr
 .text.EDMA_DRV_SetMajorLoopIterationCount
                0x00016894       0x14 ./bin/lib/40/S32K148_lib/lib_S32K148_sdk.a(edma_driver.o)
                0x00016894                EDMA_DRV_SetMajorLoopIterationCount
 .text.EDMA_DRV_GetDmaRegBaseAddr
                0x000168a8        0x8 ./bin/lib/40/S32K148_lib/lib_S32K148_sdk.a(edma_driver.o)
                0x000168a8                EDMA_DRV_GetDmaRegBaseAddr
 .text.EDMA_SetErrorIntCmd
                0x000168b0        0xa ./bin/lib/40/S32K148_lib/lib_S32K148_sdk.a(edma_hw_access.o)
                0x000168b0                EDMA_SetErrorIntCmd
 .text.EDMA_SetDmaRequestCmd
                0x000168ba        0xa ./bin/lib/40/S32K148_lib/lib_S32K148_sdk.a(edma_hw_access.o)
                0x000168ba                EDMA_SetDmaRequestCmd
 .text.EDMA_TCDClearReg
                0x000168c4       0x4a ./bin/lib/40/S32K148_lib/lib_S32K148_sdk.a(edma_hw_access.o)
                0x000168c4                EDMA_TCDClearReg
 .text.EDMA_Init
                0x0001690e       0x22 ./bin/lib/40/S32K148_lib/lib_S32K148_sdk.a(edma_hw_access.o)
                0x0001690e                EDMA_Init
 .text.EDMA_TCDSetAttribute
                0x00016930       0x30 ./bin/lib/40/S32K148_lib/lib_S32K148_sdk.a(edma_hw_access.o)
                0x00016930                EDMA_TCDSetAttribute
 .text.EDMA_TCDSetNbytes
                0x00016960       0x5c ./bin/lib/40/S32K148_lib/lib_S32K148_sdk.a(edma_hw_access.o)
                0x00016960                EDMA_TCDSetNbytes
 .text.EDMA_TCDSetMajorCount
                0x000169bc       0x5e ./bin/lib/40/S32K148_lib/lib_S32K148_sdk.a(edma_hw_access.o)
                0x000169bc                EDMA_TCDSetMajorCount
 .text.DMAMUX_Init
                0x00016a1a        0xe ./bin/lib/40/S32K148_lib/lib_S32K148_sdk.a(edma_hw_access.o)
                0x00016a1a                DMAMUX_Init
 .text.DMA0_IRQHandler
                0x00016a28        0xa ./bin/lib/40/S32K148_lib/lib_S32K148_sdk.a(edma_irq.o)
                0x00016a28                DMA0_IRQHandler
 .text.DMA1_IRQHandler
                0x00016a32        0xa ./bin/lib/40/S32K148_lib/lib_S32K148_sdk.a(edma_irq.o)
                0x00016a32                DMA1_IRQHandler
 .text.DMA2_IRQHandler
                0x00016a3c        0xa ./bin/lib/40/S32K148_lib/lib_S32K148_sdk.a(edma_irq.o)
                0x00016a3c                DMA2_IRQHandler
 .text.DMA3_IRQHandler
                0x00016a46        0xa ./bin/lib/40/S32K148_lib/lib_S32K148_sdk.a(edma_irq.o)
                0x00016a46                DMA3_IRQHandler
 .text.DMA4_IRQHandler
                0x00016a50        0xa ./bin/lib/40/S32K148_lib/lib_S32K148_sdk.a(edma_irq.o)
                0x00016a50                DMA4_IRQHandler
 .text.DMA5_IRQHandler
                0x00016a5a        0xa ./bin/lib/40/S32K148_lib/lib_S32K148_sdk.a(edma_irq.o)
                0x00016a5a                DMA5_IRQHandler
 .text.DMA6_IRQHandler
                0x00016a64        0xa ./bin/lib/40/S32K148_lib/lib_S32K148_sdk.a(edma_irq.o)
                0x00016a64                DMA6_IRQHandler
 .text.DMA7_IRQHandler
                0x00016a6e        0xa ./bin/lib/40/S32K148_lib/lib_S32K148_sdk.a(edma_irq.o)
                0x00016a6e                DMA7_IRQHandler
 .text.DMA8_IRQHandler
                0x00016a78        0xa ./bin/lib/40/S32K148_lib/lib_S32K148_sdk.a(edma_irq.o)
                0x00016a78                DMA8_IRQHandler
 .text.DMA9_IRQHandler
                0x00016a82        0xa ./bin/lib/40/S32K148_lib/lib_S32K148_sdk.a(edma_irq.o)
                0x00016a82                DMA9_IRQHandler
 .text.DMA10_IRQHandler
                0x00016a8c        0xa ./bin/lib/40/S32K148_lib/lib_S32K148_sdk.a(edma_irq.o)
                0x00016a8c                DMA10_IRQHandler
 .text.DMA11_IRQHandler
                0x00016a96        0xa ./bin/lib/40/S32K148_lib/lib_S32K148_sdk.a(edma_irq.o)
                0x00016a96                DMA11_IRQHandler
 .text.DMA12_IRQHandler
                0x00016aa0        0xa ./bin/lib/40/S32K148_lib/lib_S32K148_sdk.a(edma_irq.o)
                0x00016aa0                DMA12_IRQHandler
 .text.DMA13_IRQHandler
                0x00016aaa        0xa ./bin/lib/40/S32K148_lib/lib_S32K148_sdk.a(edma_irq.o)
                0x00016aaa                DMA13_IRQHandler
 .text.DMA14_IRQHandler
                0x00016ab4        0xa ./bin/lib/40/S32K148_lib/lib_S32K148_sdk.a(edma_irq.o)
                0x00016ab4                DMA14_IRQHandler
 .text.DMA15_IRQHandler
                0x00016abe        0xa ./bin/lib/40/S32K148_lib/lib_S32K148_sdk.a(edma_irq.o)
                0x00016abe                DMA15_IRQHandler
 .text.DMA_Error_IRQHandler
                0x00016ac8       0x28 ./bin/lib/40/S32K148_lib/lib_S32K148_sdk.a(edma_irq.o)
                0x00016ac8                DMA_Error_IRQHandler
 .text.FLASH_DRV_Init
                0x00016af0       0xd8 ./bin/lib/40/S32K148_lib/lib_S32K148_sdk.a(flash_driver.o)
                0x00016af0                FLASH_DRV_Init
 .text.FLASH_DRV_Program
                0x00016bc8       0xb4 ./bin/lib/40/S32K148_lib/lib_S32K148_sdk.a(flash_driver.o)
                0x00016bc8                FLASH_DRV_Program
 .text.FLASH_DRV_ProgramCheck
                0x00016c7c       0xe0 ./bin/lib/40/S32K148_lib/lib_S32K148_sdk.a(flash_driver.o)
                0x00016c7c                FLASH_DRV_ProgramCheck
 .text.FLASH_DRV_SetFlexRamFunction
                0x00016d5c       0x68 ./bin/lib/40/S32K148_lib/lib_S32K148_sdk.a(flash_driver.o)
                0x00016d5c                FLASH_DRV_SetFlexRamFunction
 .text.FLASH_DRV_EEEWrite
                0x00016dc4       0xc8 ./bin/lib/40/S32K148_lib/lib_S32K148_sdk.a(flash_driver.o)
                0x00016dc4                FLASH_DRV_EEEWrite
 .text.FLASH_DRV_DEFlashPartition
                0x00016e8c       0x3c ./bin/lib/40/S32K148_lib/lib_S32K148_sdk.a(flash_driver.o)
                0x00016e8c                FLASH_DRV_DEFlashPartition
 .text.FLEXCAN_StartSendData
                0x00016ec8       0xa0 ./bin/lib/40/S32K148_lib/lib_S32K148_sdk.a(flexcan_driver.o)
 .text.FLEXCAN_StartRxMessageBufferData
                0x00016f68       0x80 ./bin/lib/40/S32K148_lib/lib_S32K148_sdk.a(flexcan_driver.o)
 .text.FLEXCAN_CompleteRxMessageFifoData
                0x00016fe8       0xa8 ./bin/lib/40/S32K148_lib/lib_S32K148_sdk.a(flexcan_driver.o)
 .text.FLEXCAN_CompleteTransfer
                0x00017090       0x38 ./bin/lib/40/S32K148_lib/lib_S32K148_sdk.a(flexcan_driver.o)
 .text.FLEXCAN_DRV_SetBitrate
                0x000170c8       0xa0 ./bin/lib/40/S32K148_lib/lib_S32K148_sdk.a(flexcan_driver.o)
                0x000170c8                FLEXCAN_DRV_SetBitrate
 .text.FLEXCAN_DRV_SetBitrateCbt
                0x00017168       0x68 ./bin/lib/40/S32K148_lib/lib_S32K148_sdk.a(flexcan_driver.o)
                0x00017168                FLEXCAN_DRV_SetBitrateCbt
 .text.FLEXCAN_DRV_SetRxMaskType
                0x000171d0       0x30 ./bin/lib/40/S32K148_lib/lib_S32K148_sdk.a(flexcan_driver.o)
                0x000171d0                FLEXCAN_DRV_SetRxMaskType
 .text.FLEXCAN_DRV_SetRxIndividualMask
                0x00017200      0x118 ./bin/lib/40/S32K148_lib/lib_S32K148_sdk.a(flexcan_driver.o)
                0x00017200                FLEXCAN_DRV_SetRxIndividualMask
 .text.FLEXCAN_DRV_Init
                0x00017318      0x2f4 ./bin/lib/40/S32K148_lib/lib_S32K148_sdk.a(flexcan_driver.o)
                0x00017318                FLEXCAN_DRV_Init
 .text.FLEXCAN_DRV_ConfigTxMb
                0x0001760c       0x3c ./bin/lib/40/S32K148_lib/lib_S32K148_sdk.a(flexcan_driver.o)
                0x0001760c                FLEXCAN_DRV_ConfigTxMb
 .text.FLEXCAN_DRV_Send
                0x00017648       0x34 ./bin/lib/40/S32K148_lib/lib_S32K148_sdk.a(flexcan_driver.o)
                0x00017648                FLEXCAN_DRV_Send
 .text.FLEXCAN_DRV_ConfigRxMb
                0x0001767c       0x64 ./bin/lib/40/S32K148_lib/lib_S32K148_sdk.a(flexcan_driver.o)
                0x0001767c                FLEXCAN_DRV_ConfigRxMb
 .text.FLEXCAN_DRV_Receive
                0x000176e0        0xa ./bin/lib/40/S32K148_lib/lib_S32K148_sdk.a(flexcan_driver.o)
                0x000176e0                FLEXCAN_DRV_Receive
 *fill*         0x000176ea        0x2 
 .text.FLEXCAN_Error_IRQHandler
                0x000176ec       0x28 ./bin/lib/40/S32K148_lib/lib_S32K148_sdk.a(flexcan_driver.o)
                0x000176ec                FLEXCAN_Error_IRQHandler
 .text.FLEXCAN_WakeUpHandler
                0x00017714       0x6c ./bin/lib/40/S32K148_lib/lib_S32K148_sdk.a(flexcan_driver.o)
                0x00017714                FLEXCAN_WakeUpHandler
 .text.FLEXCAN_IRQHandler
                0x00017780      0x1c0 ./bin/lib/40/S32K148_lib/lib_S32K148_sdk.a(flexcan_driver.o)
                0x00017780                FLEXCAN_IRQHandler
 .text.FLEXCAN_DRV_GetTransferStatus
                0x00017940       0x24 ./bin/lib/40/S32K148_lib/lib_S32K148_sdk.a(flexcan_driver.o)
                0x00017940                FLEXCAN_DRV_GetTransferStatus
 .text.FLEXCAN_DRV_GetErrorStatus
                0x00017964       0x10 ./bin/lib/40/S32K148_lib/lib_S32K148_sdk.a(flexcan_driver.o)
                0x00017964                FLEXCAN_DRV_GetErrorStatus
 .text.FLEXCAN_DRV_AbortTransfer
                0x00017974      0x14c ./bin/lib/40/S32K148_lib/lib_S32K148_sdk.a(flexcan_driver.o)
                0x00017974                FLEXCAN_DRV_AbortTransfer
 .text.FLEXCAN_DRV_InstallEventCallback
                0x00017ac0       0x14 ./bin/lib/40/S32K148_lib/lib_S32K148_sdk.a(flexcan_driver.o)
                0x00017ac0                FLEXCAN_DRV_InstallEventCallback
 .text.FLEXCAN_DRV_InstallErrorCallback
                0x00017ad4       0x94 ./bin/lib/40/S32K148_lib/lib_S32K148_sdk.a(flexcan_driver.o)
                0x00017ad4                FLEXCAN_DRV_InstallErrorCallback
 .text.FLEXCAN_ComputePayloadSize
                0x00017b68       0x36 ./bin/lib/40/S32K148_lib/lib_S32K148_sdk.a(flexcan_hw_access.o)
 *fill*         0x00017b9e        0x2 
 .text.FLEXCAN_GetRxFifoMask
                0x00017ba0       0x60 ./bin/lib/40/S32K148_lib/lib_S32K148_sdk.a(flexcan_hw_access.o)
                0x00017ba0                FLEXCAN_GetRxFifoMask
 .text.FLEXCAN_GetMaxMbNum
                0x00017c00       0x2c ./bin/lib/40/S32K148_lib/lib_S32K148_sdk.a(flexcan_hw_access.o)
                0x00017c00                FLEXCAN_GetMaxMbNum
 .text.FLEXCAN_Enable
                0x00017c2c       0x2a ./bin/lib/40/S32K148_lib/lib_S32K148_sdk.a(flexcan_hw_access.o)
                0x00017c2c                FLEXCAN_Enable
 .text.FLEXCAN_Disable
                0x00017c56       0x18 ./bin/lib/40/S32K148_lib/lib_S32K148_sdk.a(flexcan_hw_access.o)
                0x00017c56                FLEXCAN_Disable
 *fill*         0x00017c6e        0x2 
 .text.FLEXCAN_Init
                0x00017c70       0x64 ./bin/lib/40/S32K148_lib/lib_S32K148_sdk.a(flexcan_hw_access.o)
                0x00017c70                FLEXCAN_Init
 .text.FLEXCAN_EnableRxFifo
                0x00017cd4       0x50 ./bin/lib/40/S32K148_lib/lib_S32K148_sdk.a(flexcan_hw_access.o)
                0x00017cd4                FLEXCAN_EnableRxFifo
 .text.FLEXCAN_SetMsgBuffIntCmd
                0x00017d24       0x3a ./bin/lib/40/S32K148_lib/lib_S32K148_sdk.a(flexcan_hw_access.o)
                0x00017d24                FLEXCAN_SetMsgBuffIntCmd
 .text.FLEXCAN_SetErrIntCmd
                0x00017d5e       0x58 ./bin/lib/40/S32K148_lib/lib_S32K148_sdk.a(flexcan_hw_access.o)
                0x00017d5e                FLEXCAN_SetErrIntCmd
 .text.FLEXCAN_ExitFreezeMode
                0x00017db6       0x1a ./bin/lib/40/S32K148_lib/lib_S32K148_sdk.a(flexcan_hw_access.o)
                0x00017db6                FLEXCAN_ExitFreezeMode
 .text.FLEXCAN_EnterFreezeMode
                0x00017dd0       0x40 ./bin/lib/40/S32K148_lib/lib_S32K148_sdk.a(flexcan_hw_access.o)
                0x00017dd0                FLEXCAN_EnterFreezeMode
 .text.FLEXCAN_ClearErrIntStatusFlag
                0x00017e10       0x14 ./bin/lib/40/S32K148_lib/lib_S32K148_sdk.a(flexcan_hw_access.o)
                0x00017e10                FLEXCAN_ClearErrIntStatusFlag
 .text.FLEXCAN_ReadRxFifo
                0x00017e24       0x4c ./bin/lib/40/S32K148_lib/lib_S32K148_sdk.a(flexcan_hw_access.o)
                0x00017e24                FLEXCAN_ReadRxFifo
 .text.FLEXCAN_SetOperationMode
                0x00017e70       0x5e ./bin/lib/40/S32K148_lib/lib_S32K148_sdk.a(flexcan_hw_access.o)
                0x00017e70                FLEXCAN_SetOperationMode
 .text.FLEXCAN_SetPayloadSize
                0x00017ece       0x1a ./bin/lib/40/S32K148_lib/lib_S32K148_sdk.a(flexcan_hw_access.o)
                0x00017ece                FLEXCAN_SetPayloadSize
 .text.FLEXCAN_GetPayloadSize
                0x00017ee8       0x1e ./bin/lib/40/S32K148_lib/lib_S32K148_sdk.a(flexcan_hw_access.o)
                0x00017ee8                FLEXCAN_GetPayloadSize
 .text.FLEXCAN_GetMsgBuffRegion
                0x00017f06       0x30 ./bin/lib/40/S32K148_lib/lib_S32K148_sdk.a(flexcan_hw_access.o)
                0x00017f06                FLEXCAN_GetMsgBuffRegion
 *fill*         0x00017f36        0x2 
 .text.FLEXCAN_SetTxMsgBuff
                0x00017f38      0x178 ./bin/lib/40/S32K148_lib/lib_S32K148_sdk.a(flexcan_hw_access.o)
                0x00017f38                FLEXCAN_SetTxMsgBuff
 .text.FLEXCAN_AbortTxMsgBuff
                0x000180b0       0x14 ./bin/lib/40/S32K148_lib/lib_S32K148_sdk.a(flexcan_hw_access.o)
                0x000180b0                FLEXCAN_AbortTxMsgBuff
 .text.FLEXCAN_ResetRxMsgBuff
                0x000180c4       0x16 ./bin/lib/40/S32K148_lib/lib_S32K148_sdk.a(flexcan_hw_access.o)
                0x000180c4                FLEXCAN_ResetRxMsgBuff
 *fill*         0x000180da        0x2 
 .text.FLEXCAN_SetRxMsgBuff
                0x000180dc       0xc8 ./bin/lib/40/S32K148_lib/lib_S32K148_sdk.a(flexcan_hw_access.o)
                0x000180dc                FLEXCAN_SetRxMsgBuff
 .text.FLEXCAN_GetMsgBuff
                0x000181a4       0x90 ./bin/lib/40/S32K148_lib/lib_S32K148_sdk.a(flexcan_hw_access.o)
                0x000181a4                FLEXCAN_GetMsgBuff
 .text.FLEXCAN_LockRxMsgBuff
                0x00018234        0xa ./bin/lib/40/S32K148_lib/lib_S32K148_sdk.a(flexcan_hw_access.o)
                0x00018234                FLEXCAN_LockRxMsgBuff
 .text.FLEXCAN_SetMaxMsgBuffNum
                0x0001823e       0x96 ./bin/lib/40/S32K148_lib/lib_S32K148_sdk.a(flexcan_hw_access.o)
                0x0001823e                FLEXCAN_SetMaxMsgBuffNum
 .text.CAN0_ORed_IRQHandler
                0x000182d4        0xa ./bin/lib/40/S32K148_lib/lib_S32K148_sdk.a(flexcan_irq.o)
                0x000182d4                CAN0_ORed_IRQHandler
 .text.CAN0_Error_IRQHandler
                0x000182de        0xa ./bin/lib/40/S32K148_lib/lib_S32K148_sdk.a(flexcan_irq.o)
                0x000182de                CAN0_Error_IRQHandler
 .text.CAN0_Wake_Up_IRQHandler
                0x000182e8        0xa ./bin/lib/40/S32K148_lib/lib_S32K148_sdk.a(flexcan_irq.o)
                0x000182e8                CAN0_Wake_Up_IRQHandler
 .text.CAN0_ORed_0_15_MB_IRQHandler
                0x000182f2        0xa ./bin/lib/40/S32K148_lib/lib_S32K148_sdk.a(flexcan_irq.o)
                0x000182f2                CAN0_ORed_0_15_MB_IRQHandler
 .text.CAN0_ORed_16_31_MB_IRQHandler
                0x000182fc        0xa ./bin/lib/40/S32K148_lib/lib_S32K148_sdk.a(flexcan_irq.o)
                0x000182fc                CAN0_ORed_16_31_MB_IRQHandler
 .text.CAN1_ORed_IRQHandler
                0x00018306        0xa ./bin/lib/40/S32K148_lib/lib_S32K148_sdk.a(flexcan_irq.o)
                0x00018306                CAN1_ORed_IRQHandler
 .text.CAN1_Error_IRQHandler
                0x00018310        0xa ./bin/lib/40/S32K148_lib/lib_S32K148_sdk.a(flexcan_irq.o)
                0x00018310                CAN1_Error_IRQHandler
 .text.CAN1_ORed_0_15_MB_IRQHandler
                0x0001831a        0xa ./bin/lib/40/S32K148_lib/lib_S32K148_sdk.a(flexcan_irq.o)
                0x0001831a                CAN1_ORed_0_15_MB_IRQHandler
 .text.CAN1_ORed_16_31_MB_IRQHandler
                0x00018324        0xa ./bin/lib/40/S32K148_lib/lib_S32K148_sdk.a(flexcan_irq.o)
                0x00018324                CAN1_ORed_16_31_MB_IRQHandler
 .text.CAN2_ORed_IRQHandler
                0x0001832e        0xa ./bin/lib/40/S32K148_lib/lib_S32K148_sdk.a(flexcan_irq.o)
                0x0001832e                CAN2_ORed_IRQHandler
 .text.CAN2_Error_IRQHandler
                0x00018338        0xa ./bin/lib/40/S32K148_lib/lib_S32K148_sdk.a(flexcan_irq.o)
                0x00018338                CAN2_Error_IRQHandler
 .text.CAN2_ORed_0_15_MB_IRQHandler
                0x00018342        0xa ./bin/lib/40/S32K148_lib/lib_S32K148_sdk.a(flexcan_irq.o)
                0x00018342                CAN2_ORed_0_15_MB_IRQHandler
 .text.CAN2_ORed_16_31_MB_IRQHandler
                0x0001834c        0xa ./bin/lib/40/S32K148_lib/lib_S32K148_sdk.a(flexcan_irq.o)
                0x0001834c                CAN2_ORed_16_31_MB_IRQHandler
 *fill*         0x00018356        0x2 
 .text.FTM_DRV_SetSync
                0x00018358      0x1b4 ./bin/lib/40/S32K148_lib/lib_S32K148_sdk.a(ftm_common.o)
                0x00018358                FTM_DRV_SetSync
 .text.FTM_DRV_ClearStatusFlags
                0x0001850c       0x8c ./bin/lib/40/S32K148_lib/lib_S32K148_sdk.a(ftm_common.o)
                0x0001850c                FTM_DRV_ClearStatusFlags
 .text.FTM_DRV_GetFrequency
                0x00018598       0x78 ./bin/lib/40/S32K148_lib/lib_S32K148_sdk.a(ftm_common.o)
                0x00018598                FTM_DRV_GetFrequency
 .text.FTM_DRV_Init
                0x00018610       0xe4 ./bin/lib/40/S32K148_lib/lib_S32K148_sdk.a(ftm_common.o)
                0x00018610                FTM_DRV_Init
 .text.FTM_DRV_ConvertFreqToPeriodTicks
                0x000186f4       0x14 ./bin/lib/40/S32K148_lib/lib_S32K148_sdk.a(ftm_common.o)
                0x000186f4                FTM_DRV_ConvertFreqToPeriodTicks
 .text.FTM_DRV_InitModule
                0x00018708       0x18 ./bin/lib/40/S32K148_lib/lib_S32K148_sdk.a(ftm_hw_access.o)
                0x00018708                FTM_DRV_InitModule
 .text.FTM_DRV_Reset
                0x00018720       0x9c ./bin/lib/40/S32K148_lib/lib_S32K148_sdk.a(ftm_hw_access.o)
                0x00018720                FTM_DRV_Reset
 .text.FTM_DRV_SetChnTriggerCmd
                0x000187bc       0x32 ./bin/lib/40/S32K148_lib/lib_S32K148_sdk.a(ftm_hw_access.o)
                0x000187bc                FTM_DRV_SetChnTriggerCmd
 .text.FTM_DRV_SetChnInputCaptureFilter
                0x000187ee       0x4e ./bin/lib/40/S32K148_lib/lib_S32K148_sdk.a(ftm_hw_access.o)
                0x000187ee                FTM_DRV_SetChnInputCaptureFilter
 .text.FTM_DRV_Overflow
                0x0001883c       0x54 ./bin/lib/40/S32K148_lib/lib_S32K148_sdk.a(ftm_ic_driver.o)
 .text.FTM_DRV_IrqHandler
                0x00018890      0x2c8 ./bin/lib/40/S32K148_lib/lib_S32K148_sdk.a(ftm_ic_driver.o)
 .text.FTM_DRV_InitInputCapture
                0x00018b58      0x2c0 ./bin/lib/40/S32K148_lib/lib_S32K148_sdk.a(ftm_ic_driver.o)
                0x00018b58                FTM_DRV_InitInputCapture
 .text.FTM0_Ch0_Ch1_IRQHandler
                0x00018e18        0xc ./bin/lib/40/S32K148_lib/lib_S32K148_sdk.a(ftm_ic_driver.o)
                0x00018e18                FTM0_Ch0_Ch1_IRQHandler
 .text.FTM0_Ch2_Ch3_IRQHandler
                0x00018e24        0xc ./bin/lib/40/S32K148_lib/lib_S32K148_sdk.a(ftm_ic_driver.o)
                0x00018e24                FTM0_Ch2_Ch3_IRQHandler
 .text.FTM0_Ch4_Ch5_IRQHandler
                0x00018e30        0xc ./bin/lib/40/S32K148_lib/lib_S32K148_sdk.a(ftm_ic_driver.o)
                0x00018e30                FTM0_Ch4_Ch5_IRQHandler
 .text.FTM0_Ch6_Ch7_IRQHandler
                0x00018e3c        0xc ./bin/lib/40/S32K148_lib/lib_S32K148_sdk.a(ftm_ic_driver.o)
                0x00018e3c                FTM0_Ch6_Ch7_IRQHandler
 .text.FTM1_Ch0_Ch1_IRQHandler
                0x00018e48        0xc ./bin/lib/40/S32K148_lib/lib_S32K148_sdk.a(ftm_ic_driver.o)
                0x00018e48                FTM1_Ch0_Ch1_IRQHandler
 .text.FTM1_Ch2_Ch3_IRQHandler
                0x00018e54        0xc ./bin/lib/40/S32K148_lib/lib_S32K148_sdk.a(ftm_ic_driver.o)
                0x00018e54                FTM1_Ch2_Ch3_IRQHandler
 .text.FTM1_Ch4_Ch5_IRQHandler
                0x00018e60        0xc ./bin/lib/40/S32K148_lib/lib_S32K148_sdk.a(ftm_ic_driver.o)
                0x00018e60                FTM1_Ch4_Ch5_IRQHandler
 .text.FTM1_Ch6_Ch7_IRQHandler
                0x00018e6c        0xc ./bin/lib/40/S32K148_lib/lib_S32K148_sdk.a(ftm_ic_driver.o)
                0x00018e6c                FTM1_Ch6_Ch7_IRQHandler
 .text.FTM0_Ovf_Reload_IRQHandler
                0x00018e78       0x1c ./bin/lib/40/S32K148_lib/lib_S32K148_sdk.a(ftm_ic_driver.o)
                0x00018e78                FTM0_Ovf_Reload_IRQHandler
 .text.FTM1_Ovf_Reload_IRQHandler
                0x00018e94       0x1c ./bin/lib/40/S32K148_lib/lib_S32K148_sdk.a(ftm_ic_driver.o)
                0x00018e94                FTM1_Ovf_Reload_IRQHandler
 .text.FTM2_Ch0_Ch1_IRQHandler
                0x00018eb0        0xc ./bin/lib/40/S32K148_lib/lib_S32K148_sdk.a(ftm_ic_driver.o)
                0x00018eb0                FTM2_Ch0_Ch1_IRQHandler
 .text.FTM2_Ch2_Ch3_IRQHandler
                0x00018ebc        0xc ./bin/lib/40/S32K148_lib/lib_S32K148_sdk.a(ftm_ic_driver.o)
                0x00018ebc                FTM2_Ch2_Ch3_IRQHandler
 .text.FTM2_Ch4_Ch5_IRQHandler
                0x00018ec8        0xc ./bin/lib/40/S32K148_lib/lib_S32K148_sdk.a(ftm_ic_driver.o)
                0x00018ec8                FTM2_Ch4_Ch5_IRQHandler
 .text.FTM2_Ch6_Ch7_IRQHandler
                0x00018ed4        0xc ./bin/lib/40/S32K148_lib/lib_S32K148_sdk.a(ftm_ic_driver.o)
                0x00018ed4                FTM2_Ch6_Ch7_IRQHandler
 .text.FTM3_Ch0_Ch1_IRQHandler
                0x00018ee0        0xc ./bin/lib/40/S32K148_lib/lib_S32K148_sdk.a(ftm_ic_driver.o)
                0x00018ee0                FTM3_Ch0_Ch1_IRQHandler
 .text.FTM3_Ch2_Ch3_IRQHandler
                0x00018eec        0xc ./bin/lib/40/S32K148_lib/lib_S32K148_sdk.a(ftm_ic_driver.o)
                0x00018eec                FTM3_Ch2_Ch3_IRQHandler
 .text.FTM3_Ch4_Ch5_IRQHandler
                0x00018ef8        0xc ./bin/lib/40/S32K148_lib/lib_S32K148_sdk.a(ftm_ic_driver.o)
                0x00018ef8                FTM3_Ch4_Ch5_IRQHandler
 .text.FTM3_Ch6_Ch7_IRQHandler
                0x00018f04        0xc ./bin/lib/40/S32K148_lib/lib_S32K148_sdk.a(ftm_ic_driver.o)
                0x00018f04                FTM3_Ch6_Ch7_IRQHandler
 .text.FTM2_Ovf_Reload_IRQHandler
                0x00018f10       0x1c ./bin/lib/40/S32K148_lib/lib_S32K148_sdk.a(ftm_ic_driver.o)
                0x00018f10                FTM2_Ovf_Reload_IRQHandler
 .text.FTM3_Ovf_Reload_IRQHandler
                0x00018f2c       0x1c ./bin/lib/40/S32K148_lib/lib_S32K148_sdk.a(ftm_ic_driver.o)
                0x00018f2c                FTM3_Ovf_Reload_IRQHandler
 .text.FTM4_Ch0_Ch1_IRQHandler
                0x00018f48        0xc ./bin/lib/40/S32K148_lib/lib_S32K148_sdk.a(ftm_ic_driver.o)
                0x00018f48                FTM4_Ch0_Ch1_IRQHandler
 .text.FTM4_Ch2_Ch3_IRQHandler
                0x00018f54        0xc ./bin/lib/40/S32K148_lib/lib_S32K148_sdk.a(ftm_ic_driver.o)
                0x00018f54                FTM4_Ch2_Ch3_IRQHandler
 .text.FTM4_Ch4_Ch5_IRQHandler
                0x00018f60        0xc ./bin/lib/40/S32K148_lib/lib_S32K148_sdk.a(ftm_ic_driver.o)
                0x00018f60                FTM4_Ch4_Ch5_IRQHandler
 .text.FTM4_Ch6_Ch7_IRQHandler
                0x00018f6c        0xc ./bin/lib/40/S32K148_lib/lib_S32K148_sdk.a(ftm_ic_driver.o)
                0x00018f6c                FTM4_Ch6_Ch7_IRQHandler
 .text.FTM5_Ch0_Ch1_IRQHandler
                0x00018f78        0xc ./bin/lib/40/S32K148_lib/lib_S32K148_sdk.a(ftm_ic_driver.o)
                0x00018f78                FTM5_Ch0_Ch1_IRQHandler
 .text.FTM5_Ch2_Ch3_IRQHandler
                0x00018f84        0xc ./bin/lib/40/S32K148_lib/lib_S32K148_sdk.a(ftm_ic_driver.o)
                0x00018f84                FTM5_Ch2_Ch3_IRQHandler
 .text.FTM5_Ch4_Ch5_IRQHandler
                0x00018f90        0xc ./bin/lib/40/S32K148_lib/lib_S32K148_sdk.a(ftm_ic_driver.o)
                0x00018f90                FTM5_Ch4_Ch5_IRQHandler
 .text.FTM5_Ch6_Ch7_IRQHandler
                0x00018f9c        0xc ./bin/lib/40/S32K148_lib/lib_S32K148_sdk.a(ftm_ic_driver.o)
                0x00018f9c                FTM5_Ch6_Ch7_IRQHandler
 .text.FTM4_Ovf_Reload_IRQHandler
                0x00018fa8       0x1c ./bin/lib/40/S32K148_lib/lib_S32K148_sdk.a(ftm_ic_driver.o)
                0x00018fa8                FTM4_Ovf_Reload_IRQHandler
 .text.FTM5_Ovf_Reload_IRQHandler
                0x00018fc4       0x1c ./bin/lib/40/S32K148_lib/lib_S32K148_sdk.a(ftm_ic_driver.o)
                0x00018fc4                FTM5_Ovf_Reload_IRQHandler
 .text.FTM6_Ch0_Ch1_IRQHandler
                0x00018fe0        0xc ./bin/lib/40/S32K148_lib/lib_S32K148_sdk.a(ftm_ic_driver.o)
                0x00018fe0                FTM6_Ch0_Ch1_IRQHandler
 .text.FTM6_Ch2_Ch3_IRQHandler
                0x00018fec        0xc ./bin/lib/40/S32K148_lib/lib_S32K148_sdk.a(ftm_ic_driver.o)
                0x00018fec                FTM6_Ch2_Ch3_IRQHandler
 .text.FTM6_Ch4_Ch5_IRQHandler
                0x00018ff8        0xc ./bin/lib/40/S32K148_lib/lib_S32K148_sdk.a(ftm_ic_driver.o)
                0x00018ff8                FTM6_Ch4_Ch5_IRQHandler
 .text.FTM6_Ch6_Ch7_IRQHandler
                0x00019004        0xc ./bin/lib/40/S32K148_lib/lib_S32K148_sdk.a(ftm_ic_driver.o)
                0x00019004                FTM6_Ch6_Ch7_IRQHandler
 .text.FTM7_Ch0_Ch1_IRQHandler
                0x00019010        0xc ./bin/lib/40/S32K148_lib/lib_S32K148_sdk.a(ftm_ic_driver.o)
                0x00019010                FTM7_Ch0_Ch1_IRQHandler
 .text.FTM7_Ch2_Ch3_IRQHandler
                0x0001901c        0xc ./bin/lib/40/S32K148_lib/lib_S32K148_sdk.a(ftm_ic_driver.o)
                0x0001901c                FTM7_Ch2_Ch3_IRQHandler
 .text.FTM7_Ch4_Ch5_IRQHandler
                0x00019028        0xc ./bin/lib/40/S32K148_lib/lib_S32K148_sdk.a(ftm_ic_driver.o)
                0x00019028                FTM7_Ch4_Ch5_IRQHandler
 .text.FTM7_Ch6_Ch7_IRQHandler
                0x00019034        0xc ./bin/lib/40/S32K148_lib/lib_S32K148_sdk.a(ftm_ic_driver.o)
                0x00019034                FTM7_Ch6_Ch7_IRQHandler
 .text.FTM6_Ovf_Reload_IRQHandler
                0x00019040       0x1c ./bin/lib/40/S32K148_lib/lib_S32K148_sdk.a(ftm_ic_driver.o)
                0x00019040                FTM6_Ovf_Reload_IRQHandler
 .text.FTM7_Ovf_Reload_IRQHandler
                0x0001905c       0x1c ./bin/lib/40/S32K148_lib/lib_S32K148_sdk.a(ftm_ic_driver.o)
                0x0001905c                FTM7_Ovf_Reload_IRQHandler
 .text.FTM_DRV_UpdatePwmChannel
                0x00019078       0xf8 ./bin/lib/40/S32K148_lib/lib_S32K148_sdk.a(ftm_pwm_driver.o)
                0x00019078                FTM_DRV_UpdatePwmChannel
 .text.FTM_DRV_InitPwm
                0x00019170      0x63c ./bin/lib/40/S32K148_lib/lib_S32K148_sdk.a(ftm_pwm_driver.o)
                0x00019170                FTM_DRV_InitPwm
 .text.INT_SYS_InstallHandler
                0x000197ac       0x30 ./bin/lib/40/S32K148_lib/lib_S32K148_sdk.a(interrupt_manager.o)
                0x000197ac                INT_SYS_InstallHandler
 .text.INT_SYS_EnableIRQ
                0x000197dc       0x18 ./bin/lib/40/S32K148_lib/lib_S32K148_sdk.a(interrupt_manager.o)
                0x000197dc                INT_SYS_EnableIRQ
 .text.INT_SYS_DisableIRQ
                0x000197f4       0x1c ./bin/lib/40/S32K148_lib/lib_S32K148_sdk.a(interrupt_manager.o)
                0x000197f4                INT_SYS_DisableIRQ
 .text.INT_SYS_EnableIRQGlobal
                0x00019810       0x1c ./bin/lib/40/S32K148_lib/lib_S32K148_sdk.a(interrupt_manager.o)
                0x00019810                INT_SYS_EnableIRQGlobal
 .text.INT_SYS_DisableIRQGlobal
                0x0001982c       0x10 ./bin/lib/40/S32K148_lib/lib_S32K148_sdk.a(interrupt_manager.o)
                0x0001982c                INT_SYS_DisableIRQGlobal
 .text.INT_SYS_SetPriority
                0x0001983c       0x58 ./bin/lib/40/S32K148_lib/lib_S32K148_sdk.a(interrupt_manager.o)
                0x0001983c                INT_SYS_SetPriority
 .text.INT_SYS_ClearPending
                0x00019894       0x1c ./bin/lib/40/S32K148_lib/lib_S32K148_sdk.a(interrupt_manager.o)
                0x00019894                INT_SYS_ClearPending
 .text.LPI2C_DRV_MasterQueueData
                0x000198b0       0x4c ./bin/lib/40/S32K148_lib/lib_S32K148_sdk.a(lpi2c_driver.o)
 .text.LPI2C_DRV_SlaveEndTransfer
                0x000198fc       0x4e ./bin/lib/40/S32K148_lib/lib_S32K148_sdk.a(lpi2c_driver.o)
 .text.LPI2C_DRV_MasterEndTransfer
                0x0001994a       0x68 ./bin/lib/40/S32K148_lib/lib_S32K148_sdk.a(lpi2c_driver.o)
 .text.LPI2C_DRV_SlaveEndTransferHandler
                0x000199b2       0x3a ./bin/lib/40/S32K148_lib/lib_S32K148_sdk.a(lpi2c_driver.o)
 .text.LPI2C_DRV_ConfigureDmaTransfer
                0x000199ec       0x68 ./bin/lib/40/S32K148_lib/lib_S32K148_sdk.a(lpi2c_driver.o)
 .text.LPI2C_DRV_SlaveStartDmaTransfer
                0x00019a54       0x9c ./bin/lib/40/S32K148_lib/lib_S32K148_sdk.a(lpi2c_driver.o)
 .text.LPI2C_DRV_MasterSetBaudRate
                0x00019af0      0x148 ./bin/lib/40/S32K148_lib/lib_S32K148_sdk.a(lpi2c_driver.o)
                0x00019af0                LPI2C_DRV_MasterSetBaudRate
 .text.LPI2C_DRV_MasterReinit
                0x00019c38       0x60 ./bin/lib/40/S32K148_lib/lib_S32K148_sdk.a(lpi2c_driver.o)
 .text.LPI2C_DRV_MasterIRQHandler
                0x00019c98      0x22c ./bin/lib/40/S32K148_lib/lib_S32K148_sdk.a(lpi2c_driver.o)
                0x00019c98                LPI2C_DRV_MasterIRQHandler
 .text.LPI2C_DRV_SlaveIRQHandler
                0x00019ec4      0x1b8 ./bin/lib/40/S32K148_lib/lib_S32K148_sdk.a(lpi2c_driver.o)
                0x00019ec4                LPI2C_DRV_SlaveIRQHandler
 .text.LPI2C_Init
                0x0001a07c       0x1e ./bin/lib/40/S32K148_lib/lib_S32K148_sdk.a(lpi2c_hw_access.o)
                0x0001a07c                LPI2C_Init
 .text.LPI2C0_Master_IRQHandler
                0x0001a09a        0xa ./bin/lib/40/S32K148_lib/lib_S32K148_sdk.a(lpi2c_irq.o)
                0x0001a09a                LPI2C0_Master_IRQHandler
 .text.LPI2C0_Slave_IRQHandler
                0x0001a0a4        0xa ./bin/lib/40/S32K148_lib/lib_S32K148_sdk.a(lpi2c_irq.o)
                0x0001a0a4                LPI2C0_Slave_IRQHandler
 .text.LPI2C1_Master_IRQHandler
                0x0001a0ae        0xa ./bin/lib/40/S32K148_lib/lib_S32K148_sdk.a(lpi2c_irq.o)
                0x0001a0ae                LPI2C1_Master_IRQHandler
 .text.LPI2C1_Slave_IRQHandler
                0x0001a0b8        0xa ./bin/lib/40/S32K148_lib/lib_S32K148_sdk.a(lpi2c_irq.o)
                0x0001a0b8                LPI2C1_Slave_IRQHandler
 .text.LPSPI_SetFlushFifoCmd
                0x0001a0c2        0xe ./bin/lib/40/S32K148_lib/lib_S32K148_sdk.a(lpspi_hw_access.o)
                0x0001a0c2                LPSPI_SetFlushFifoCmd
 .text.LPSPI_ClearStatusFlag
                0x0001a0d0       0x1e ./bin/lib/40/S32K148_lib/lib_S32K148_sdk.a(lpspi_hw_access.o)
                0x0001a0d0                LPSPI_ClearStatusFlag
 .text.LPSPI0_IRQHandler
                0x0001a0ee        0xa ./bin/lib/40/S32K148_lib/lib_S32K148_sdk.a(lpspi_irq.o)
                0x0001a0ee                LPSPI0_IRQHandler
 .text.LPSPI1_IRQHandler
                0x0001a0f8        0xa ./bin/lib/40/S32K148_lib/lib_S32K148_sdk.a(lpspi_irq.o)
                0x0001a0f8                LPSPI1_IRQHandler
 .text.LPSPI2_IRQHandler
                0x0001a102        0xa ./bin/lib/40/S32K148_lib/lib_S32K148_sdk.a(lpspi_irq.o)
                0x0001a102                LPSPI2_IRQHandler
 .text.LPSPI_DRV_MasterCompleteTransfer
                0x0001a10c       0x78 ./bin/lib/40/S32K148_lib/lib_S32K148_sdk.a(lpspi_master_driver.o)
 .text.LPSPI_DRV_MasterAbortTransfer
                0x0001a184       0x28 ./bin/lib/40/S32K148_lib/lib_S32K148_sdk.a(lpspi_master_driver.o)
                0x0001a184                LPSPI_DRV_MasterAbortTransfer
 .text.LPSPI_DRV_MasterIRQHandler
                0x0001a1ac       0xb4 ./bin/lib/40/S32K148_lib/lib_S32K148_sdk.a(lpspi_master_driver.o)
                0x0001a1ac                LPSPI_DRV_MasterIRQHandler
 .text.LPSPI_DRV_SlaveAbortTransfer
                0x0001a260       0x74 ./bin/lib/40/S32K148_lib/lib_S32K148_sdk.a(lpspi_slave_driver.o)
                0x0001a260                LPSPI_DRV_SlaveAbortTransfer
 .text.LPSPI_DRV_SlaveIRQHandler
                0x0001a2d4       0xdc ./bin/lib/40/S32K148_lib/lib_S32K148_sdk.a(lpspi_slave_driver.o)
                0x0001a2d4                LPSPI_DRV_SlaveIRQHandler
 .text.LPSPI_DRV_IRQHandler
                0x0001a3b0       0x28 ./bin/lib/40/S32K148_lib/lib_S32K148_sdk.a(lpspi_shared_function.o)
                0x0001a3b0                LPSPI_DRV_IRQHandler
 .text.LPSPI_DRV_FillupTxBuffer
                0x0001a3d8       0xc0 ./bin/lib/40/S32K148_lib/lib_S32K148_sdk.a(lpspi_shared_function.o)
                0x0001a3d8                LPSPI_DRV_FillupTxBuffer
 .text.LPSPI_DRV_ReadRXBuffer
                0x0001a498       0x88 ./bin/lib/40/S32K148_lib/lib_S32K148_sdk.a(lpspi_shared_function.o)
                0x0001a498                LPSPI_DRV_ReadRXBuffer
 .text.LPSPI_DRV_DisableTEIEInterrupts
                0x0001a520       0x30 ./bin/lib/40/S32K148_lib/lib_S32K148_sdk.a(lpspi_shared_function.o)
                0x0001a520                LPSPI_DRV_DisableTEIEInterrupts
 .text.LPUART_DRV_CompleteSendDataUsingInt
                0x0001a550       0x64 ./bin/lib/40/S32K148_lib/lib_S32K148_sdk.a(lpuart_driver.o)
 .text.LPUART_DRV_StopTxDma
                0x0001a5b4       0x64 ./bin/lib/40/S32K148_lib/lib_S32K148_sdk.a(lpuart_driver.o)
 .text.LPUART_DRV_PutData
                0x0001a618       0x44 ./bin/lib/40/S32K148_lib/lib_S32K148_sdk.a(lpuart_driver.o)
 .text.LPUART_DRV_StartReceiveDataUsingInt
                0x0001a65c       0x44 ./bin/lib/40/S32K148_lib/lib_S32K148_sdk.a(lpuart_driver.o)
 .text.LPUART_DRV_StartReceiveDataUsingDma
                0x0001a6a0       0x88 ./bin/lib/40/S32K148_lib/lib_S32K148_sdk.a(lpuart_driver.o)
 .text.LPUART_DRV_CompleteReceiveDataUsingInt
                0x0001a728       0x50 ./bin/lib/40/S32K148_lib/lib_S32K148_sdk.a(lpuart_driver.o)
 .text.LPUART_DRV_StopRxDma
                0x0001a778       0x54 ./bin/lib/40/S32K148_lib/lib_S32K148_sdk.a(lpuart_driver.o)
 .text.LPUART_DRV_RxDmaCallback
                0x0001a7cc       0xa0 ./bin/lib/40/S32K148_lib/lib_S32K148_sdk.a(lpuart_driver.o)
 .text.LPUART_DRV_GetData
                0x0001a86c       0x5c ./bin/lib/40/S32K148_lib/lib_S32K148_sdk.a(lpuart_driver.o)
 .text.LPUART_DRV_InstallRxCallback
                0x0001a8c8       0x14 ./bin/lib/40/S32K148_lib/lib_S32K148_sdk.a(lpuart_driver.o)
                0x0001a8c8                LPUART_DRV_InstallRxCallback
 .text.LPUART_DRV_InstallTxCallback
                0x0001a8dc       0x14 ./bin/lib/40/S32K148_lib/lib_S32K148_sdk.a(lpuart_driver.o)
                0x0001a8dc                LPUART_DRV_InstallTxCallback
 .text.LPUART_DRV_ReceiveData
                0x0001a8f0       0x24 ./bin/lib/40/S32K148_lib/lib_S32K148_sdk.a(lpuart_driver.o)
                0x0001a8f0                LPUART_DRV_ReceiveData
 .text.LPUART_DRV_SetBaudRate
                0x0001a914       0xd4 ./bin/lib/40/S32K148_lib/lib_S32K148_sdk.a(lpuart_driver.o)
                0x0001a914                LPUART_DRV_SetBaudRate
 .text.LPUART_DRV_Init
                0x0001a9e8      0x100 ./bin/lib/40/S32K148_lib/lib_S32K148_sdk.a(lpuart_driver.o)
                0x0001a9e8                LPUART_DRV_Init
 .text.LPUART_DRV_SetRxBuffer
                0x0001aae8       0x14 ./bin/lib/40/S32K148_lib/lib_S32K148_sdk.a(lpuart_driver.o)
                0x0001aae8                LPUART_DRV_SetRxBuffer
 .text.LPUART_DRV_IRQHandler
                0x0001aafc      0x2c8 ./bin/lib/40/S32K148_lib/lib_S32K148_sdk.a(lpuart_driver.o)
                0x0001aafc                LPUART_DRV_IRQHandler
 .text.LIN_MRS_DRV_IRQHandler
                0x0001adc4      0x13c ./bin/lib/40/S32K148_lib/lib_S32K148_sdk.a(lpuart_driver_mrs_lin.o)
                0x0001adc4                LIN_MRS_DRV_IRQHandler
 .text.LIN_MRS_DRV_LinIsActive
                0x0001af00        0xc ./bin/lib/40/S32K148_lib/lib_S32K148_sdk.a(lpuart_driver_mrs_lin.o)
                0x0001af00                LIN_MRS_DRV_LinIsActive
 .text.LPUART_Init
                0x0001af0c       0x24 ./bin/lib/40/S32K148_lib/lib_S32K148_sdk.a(lpuart_hw_access.o)
                0x0001af0c                LPUART_Init
 .text.LPUART_SetBitCountPerChar
                0x0001af30       0x30 ./bin/lib/40/S32K148_lib/lib_S32K148_sdk.a(lpuart_hw_access.o)
                0x0001af30                LPUART_SetBitCountPerChar
 .text.LPUART_SetParityMode
                0x0001af60       0x1e ./bin/lib/40/S32K148_lib/lib_S32K148_sdk.a(lpuart_hw_access.o)
                0x0001af60                LPUART_SetParityMode
 .text.LPUART_Putchar9
                0x0001af7e       0x16 ./bin/lib/40/S32K148_lib/lib_S32K148_sdk.a(lpuart_hw_access.o)
                0x0001af7e                LPUART_Putchar9
 .text.LPUART_Putchar10
                0x0001af94       0x22 ./bin/lib/40/S32K148_lib/lib_S32K148_sdk.a(lpuart_hw_access.o)
                0x0001af94                LPUART_Putchar10
 .text.LPUART_Getchar9
                0x0001afb6       0x12 ./bin/lib/40/S32K148_lib/lib_S32K148_sdk.a(lpuart_hw_access.o)
                0x0001afb6                LPUART_Getchar9
 .text.LPUART_Getchar10
                0x0001afc8       0x1e ./bin/lib/40/S32K148_lib/lib_S32K148_sdk.a(lpuart_hw_access.o)
                0x0001afc8                LPUART_Getchar10
 .text.LPUART_SetIntMode
                0x0001afe6       0x70 ./bin/lib/40/S32K148_lib/lib_S32K148_sdk.a(lpuart_hw_access.o)
                0x0001afe6                LPUART_SetIntMode
 .text.LPUART_GetIntMode
                0x0001b056       0x52 ./bin/lib/40/S32K148_lib/lib_S32K148_sdk.a(lpuart_hw_access.o)
                0x0001b056                LPUART_GetIntMode
 .text.LPUART_GetStatusFlag
                0x0001b0a8       0x50 ./bin/lib/40/S32K148_lib/lib_S32K148_sdk.a(lpuart_hw_access.o)
                0x0001b0a8                LPUART_GetStatusFlag
 .text.LPUART_ClearStatusFlag
                0x0001b0f8      0x13c ./bin/lib/40/S32K148_lib/lib_S32K148_sdk.a(lpuart_hw_access.o)
                0x0001b0f8                LPUART_ClearStatusFlag
 .text.LPUART_SetErrorInterrupts
                0x0001b234       0x4c ./bin/lib/40/S32K148_lib/lib_S32K148_sdk.a(lpuart_hw_access.o)
                0x0001b234                LPUART_SetErrorInterrupts
 .text.LPUART0_IrqHandler
                0x0001b280       0x1a ./bin/lib/40/S32K148_lib/lib_S32K148_sdk.a(lpuart_irq.o)
                0x0001b280                LPUART0_IrqHandler
 .text.LPUART1_IrqHandler
                0x0001b29a       0x1a ./bin/lib/40/S32K148_lib/lib_S32K148_sdk.a(lpuart_irq.o)
                0x0001b29a                LPUART1_IrqHandler
 .text.LPUART2_IrqHandler
                0x0001b2b4       0x1a ./bin/lib/40/S32K148_lib/lib_S32K148_sdk.a(lpuart_irq.o)
                0x0001b2b4                LPUART2_IrqHandler
 *fill*         0x0001b2ce        0x2 
 .text.PDB_DRV_Init
                0x0001b2d0       0x70 ./bin/lib/40/S32K148_lib/lib_S32K148_sdk.a(pdb_driver.o)
                0x0001b2d0                PDB_DRV_Init
 .text.PDB_DRV_Enable
                0x0001b340       0x14 ./bin/lib/40/S32K148_lib/lib_S32K148_sdk.a(pdb_driver.o)
                0x0001b340                PDB_DRV_Enable
 .text.PDB_DRV_SoftTriggerCmd
                0x0001b354       0x14 ./bin/lib/40/S32K148_lib/lib_S32K148_sdk.a(pdb_driver.o)
                0x0001b354                PDB_DRV_SoftTriggerCmd
 .text.PDB_DRV_LoadValuesCmd
                0x0001b368       0x14 ./bin/lib/40/S32K148_lib/lib_S32K148_sdk.a(pdb_driver.o)
                0x0001b368                PDB_DRV_LoadValuesCmd
 .text.PDB_DRV_SetTimerModulusValue
                0x0001b37c       0x18 ./bin/lib/40/S32K148_lib/lib_S32K148_sdk.a(pdb_driver.o)
                0x0001b37c                PDB_DRV_SetTimerModulusValue
 .text.PDB_DRV_ConfigAdcPreTrigger
                0x0001b394       0x44 ./bin/lib/40/S32K148_lib/lib_S32K148_sdk.a(pdb_driver.o)
                0x0001b394                PDB_DRV_ConfigAdcPreTrigger
 .text.PDB_DRV_SetAdcPreTriggerDelayValue
                0x0001b3d8       0x24 ./bin/lib/40/S32K148_lib/lib_S32K148_sdk.a(pdb_driver.o)
                0x0001b3d8                PDB_DRV_SetAdcPreTriggerDelayValue
 .text.PDB_Init
                0x0001b3fc       0x62 ./bin/lib/40/S32K148_lib/lib_S32K148_sdk.a(pdb_hw_access.o)
                0x0001b3fc                PDB_Init
 *fill*         0x0001b45e        0x2 
 .text.PDB_ConfigTimer
                0x0001b460       0x5c ./bin/lib/40/S32K148_lib/lib_S32K148_sdk.a(pdb_hw_access.o)
                0x0001b460                PDB_ConfigTimer
 .text.PDB_SetAdcPreTriggerBackToBackEnable
                0x0001b4bc       0x32 ./bin/lib/40/S32K148_lib/lib_S32K148_sdk.a(pdb_hw_access.o)
                0x0001b4bc                PDB_SetAdcPreTriggerBackToBackEnable
 .text.PDB_SetAdcPreTriggerOutputEnable
                0x0001b4ee       0x2e ./bin/lib/40/S32K148_lib/lib_S32K148_sdk.a(pdb_hw_access.o)
                0x0001b4ee                PDB_SetAdcPreTriggerOutputEnable
 .text.PDB_SetAdcPreTriggerEnable
                0x0001b51c       0x2a ./bin/lib/40/S32K148_lib/lib_S32K148_sdk.a(pdb_hw_access.o)
                0x0001b51c                PDB_SetAdcPreTriggerEnable
 .text.PINS_DRV_Init
                0x0001b546       0x22 ./bin/lib/40/S32K148_lib/lib_S32K148_sdk.a(pins_driver.o)
                0x0001b546                PINS_DRV_Init
 .text.PINS_DRV_GetPinsOutput
                0x0001b568        0x4 ./bin/lib/40/S32K148_lib/lib_S32K148_sdk.a(pins_driver.o)
                0x0001b568                PINS_DRV_GetPinsOutput
 .text.PINS_DRV_SetPins
                0x0001b56c        0x4 ./bin/lib/40/S32K148_lib/lib_S32K148_sdk.a(pins_driver.o)
                0x0001b56c                PINS_DRV_SetPins
 .text.PINS_DRV_ClearPins
                0x0001b570        0x4 ./bin/lib/40/S32K148_lib/lib_S32K148_sdk.a(pins_driver.o)
                0x0001b570                PINS_DRV_ClearPins
 .text.PINS_DRV_TogglePins
                0x0001b574        0x4 ./bin/lib/40/S32K148_lib/lib_S32K148_sdk.a(pins_driver.o)
                0x0001b574                PINS_DRV_TogglePins
 .text.PINS_Init
                0x0001b578       0xda ./bin/lib/40/S32K148_lib/lib_S32K148_sdk.a(pins_port_hw_access.o)
                0x0001b578                PINS_Init
 *fill*         0x0001b652        0x2 
 .text.RTC_DRV_IRQHandler
                0x0001b654       0x7c ./bin/lib/40/S32K148_lib/lib_S32K148_sdk.a(rtc_driver.o)
                0x0001b654                RTC_DRV_IRQHandler
 .text.RTC_DRV_SecondsIRQHandler
                0x0001b6d0       0x1c ./bin/lib/40/S32K148_lib/lib_S32K148_sdk.a(rtc_driver.o)
                0x0001b6d0                RTC_DRV_SecondsIRQHandler
 .text.RTC_IRQHandler
                0x0001b6ec        0xa ./bin/lib/40/S32K148_lib/lib_S32K148_sdk.a(rtc_irq.o)
                0x0001b6ec                RTC_IRQHandler
 .text.RTC_Seconds_IRQHandler
                0x0001b6f6        0xa ./bin/lib/40/S32K148_lib/lib_S32K148_sdk.a(rtc_irq.o)
                0x0001b6f6                RTC_Seconds_IRQHandler
 .text.irq_priority_get
                0x0001b700       0x50 ./bin/lib/40/S32K148_lib/lib_S32K148_sdk.a(irq_priority.o)
                0x0001b700                irq_priority_get
 .text.irq_priority_set_all_predefined
                0x0001b750       0x50 ./bin/lib/40/S32K148_lib/lib_S32K148_sdk.a(irq_priority.o)
                0x0001b750                irq_priority_set_all_predefined
 .text.init_data_bss
                0x0001b7a0       0xd0 ./bin/lib/40/S32K148_lib/lib_S32K148_bsp_cfg.a(startup.o)
                0x0001b7a0                init_data_bss
 .text.ext_osif_Tick
                0x0001b870       0x10 ./bin/lib/40/S32K148_lib/lib_S32K148_bsp_cfg.a(osif_baremetal.o)
                0x0001b870                ext_osif_Tick
 .text.OSIF_TimeDelay
                0x0001b880       0x48 ./bin/lib/40/S32K148_lib/lib_S32K148_bsp_cfg.a(osif_baremetal.o)
                0x0001b880                OSIF_TimeDelay
 .text.OSIF_SemaPost
                0x0001b8c8       0x26 ./bin/lib/40/S32K148_lib/lib_S32K148_bsp_cfg.a(osif_baremetal.o)
                0x0001b8c8                OSIF_SemaPost
 .text.OSIF_SemaCreate
                0x0001b8ee       0x14 ./bin/lib/40/S32K148_lib/lib_S32K148_bsp_cfg.a(osif_baremetal.o)
                0x0001b8ee                OSIF_SemaCreate
 .text.OSIF_SemaDestroy
                0x0001b902        0x4 ./bin/lib/40/S32K148_lib/lib_S32K148_bsp_cfg.a(osif_baremetal.o)
                0x0001b902                OSIF_SemaDestroy
 *fill*         0x0001b906        0x2 
 .text.can_handle_check
                0x0001b908       0x34 ./bin/lib/40/S32K148_lib/lib_S32K148_hal_impl_s32k.a(hal_can_s32k.o)
 .text.hal_can_init
                0x0001b93c       0xd8 ./bin/lib/40/S32K148_lib/lib_S32K148_hal_impl_s32k.a(hal_can_s32k.o)
                0x0001b93c                hal_can_init
 .text.hal_can_receive
                0x0001ba14       0x94 ./bin/lib/40/S32K148_lib/lib_S32K148_hal_impl_s32k.a(hal_can_s32k.o)
                0x0001ba14                hal_can_receive
 .text.hal_can_set_filter
                0x0001baa8       0x50 ./bin/lib/40/S32K148_lib/lib_S32K148_hal_impl_s32k.a(hal_can_s32k.o)
                0x0001baa8                hal_can_set_filter
 .text.hal_can_set_receive_callback
                0x0001baf8       0x16 ./bin/lib/40/S32K148_lib/lib_S32K148_hal_impl_s32k.a(hal_can_s32k.o)
                0x0001baf8                hal_can_set_receive_callback
 .text.hal_can_set_error_callback
                0x0001bb0e       0x16 ./bin/lib/40/S32K148_lib/lib_S32K148_hal_impl_s32k.a(hal_can_s32k.o)
                0x0001bb0e                hal_can_set_error_callback
 .text.hal_can_set_baudrate
                0x0001bb24       0x84 ./bin/lib/40/S32K148_lib/lib_S32K148_hal_impl_s32k.a(hal_can_s32k.o)
                0x0001bb24                hal_can_set_baudrate
 .text.hal_can_set_fd_data_baudrate
                0x0001bba8       0x5c ./bin/lib/40/S32K148_lib/lib_S32K148_hal_impl_s32k.a(hal_can_s32k.o)
                0x0001bba8                hal_can_set_fd_data_baudrate
 .text.hal_can_dlc_to_len
                0x0001bc04       0x36 ./bin/lib/40/S32K148_lib/lib_S32K148_hal_impl_s32k.a(hal_can_s32k.o)
                0x0001bc04                hal_can_dlc_to_len
 *fill*         0x0001bc3a        0x2 
 .text.hal_can_send
                0x0001bc3c       0xa0 ./bin/lib/40/S32K148_lib/lib_S32K148_hal_impl_s32k.a(hal_can_s32k.o)
                0x0001bc3c                hal_can_send
 .text.hal_can_len_to_dlc
                0x0001bcdc       0x64 ./bin/lib/40/S32K148_lib/lib_S32K148_hal_impl_s32k.a(hal_can_s32k.o)
                0x0001bcdc                hal_can_len_to_dlc
 .text.hal_io_init
                0x0001bd40       0xa8 ./bin/lib/40/S32K148_lib/lib_S32K148_hal_impl_s32k.a(hal_io_s32k.o)
                0x0001bd40                hal_io_init
 .text.hal_io_init_pin
                0x0001bde8       0x44 ./bin/lib/40/S32K148_lib/lib_S32K148_hal_impl_s32k.a(hal_io_s32k.o)
                0x0001bde8                hal_io_init_pin
 .text.hal_io_do_readback
                0x0001be2c       0x4c ./bin/lib/40/S32K148_lib/lib_S32K148_hal_impl_s32k.a(hal_io_s32k.o)
                0x0001be2c                hal_io_do_readback
 .text.hal_io_do_set
                0x0001be78       0x74 ./bin/lib/40/S32K148_lib/lib_S32K148_hal_impl_s32k.a(hal_io_s32k.o)
                0x0001be78                hal_io_do_set
 .text.hal_io_do_toggle
                0x0001beec       0x44 ./bin/lib/40/S32K148_lib/lib_S32K148_hal_impl_s32k.a(hal_io_s32k.o)
                0x0001beec                hal_io_do_toggle
 .text.hal_pwm_init
                0x0001bf30      0x170 ./bin/lib/40/S32K148_lib/lib_S32K148_hal_impl_s32k.a(hal_pwm_s32k.o)
                0x0001bf30                hal_pwm_init
 .text.hal_freq_init
                0x0001c0a0       0xe0 ./bin/lib/40/S32K148_lib/lib_S32K148_hal_impl_s32k.a(hal_pwm_s32k.o)
                0x0001c0a0                hal_freq_init
 .text.hal_pwm_set_duty
                0x0001c180       0x9c ./bin/lib/40/S32K148_lib/lib_S32K148_hal_impl_s32k.a(hal_pwm_s32k.o)
                0x0001c180                hal_pwm_set_duty
 .text.hal_pwm_readback_do
                0x0001c21c       0x3c ./bin/lib/40/S32K148_lib/lib_S32K148_hal_impl_s32k.a(hal_pwm_s32k.o)
                0x0001c21c                hal_pwm_readback_do
 .text.hal_sci_receive
                0x0001c258       0x18 ./bin/lib/40/S32K148_lib/lib_S32K148_hal_impl_s32k.a(hal_sci_s32k.o)
                0x0001c258                hal_sci_receive
 .text.hal_sci_set_callback
                0x0001c270       0x26 ./bin/lib/40/S32K148_lib/lib_S32K148_hal_impl_s32k.a(hal_sci_s32k.o)
                0x0001c270                hal_sci_set_callback
 .text.hal_sci_set_baudrate
                0x0001c296       0x1e ./bin/lib/40/S32K148_lib/lib_S32K148_hal_impl_s32k.a(hal_sci_s32k.o)
                0x0001c296                hal_sci_set_baudrate
 .text.hal_sci_init
                0x0001c2b4       0x8c ./bin/lib/40/S32K148_lib/lib_S32K148_hal_impl_s32k.a(hal_sci_s32k.o)
                0x0001c2b4                hal_sci_init
 .text.hal_nvm_init
                0x0001c340       0x88 ./bin/lib/40/S32K148_lib/lib_S32K148_hal_impl_s32k.a(hal_nvm_s32k.o)
                0x0001c340                hal_nvm_init
 .text.set_callback_timer_1ms
                0x0001c3c8        0xc ./bin/lib/40/S32K148_lib/lib_S32K148_hal_impl_s32k.a(hal_tick_s32k.o)
                0x0001c3c8                set_callback_timer_1ms
 .text.hal_tick_init
                0x0001c3d4        0xc ./bin/lib/40/S32K148_lib/lib_S32K148_hal_impl_s32k.a(hal_tick_s32k.o)
                0x0001c3d4                hal_tick_init
 .text.hal_get_timestamp
                0x0001c3e0       0x1c ./bin/lib/40/S32K148_lib/lib_S32K148_hal_impl_s32k.a(hal_tick_s32k.o)
                0x0001c3e0                hal_get_timestamp
 .text.hal_tick_set_tick_next
                0x0001c3fc       0x1e ./bin/lib/40/S32K148_lib/lib_S32K148_hal_impl_s32k.a(hal_tick_s32k.o)
                0x0001c3fc                hal_tick_set_tick_next
 *fill*         0x0001c41a        0x2 
 .text.hal_tick_set_tick
                0x0001c41c      0x228 ./bin/lib/40/S32K148_lib/lib_S32K148_hal_impl_s32k.a(hal_tick_s32k.o)
                0x0001c41c                hal_tick_set_tick
 .text.SysTick_Handler
                0x0001c644       0x28 ./bin/lib/40/S32K148_lib/lib_S32K148_hal_impl_s32k.a(hal_tick_s32k.o)
                0x0001c644                SysTick_Handler
 .text.kick_watchdog
                0x0001c66c       0x50 ./bin/lib/40/S32K148_lib/lib_S32K148_hal_impl_s32k.a(hal_watchdog_s32k.o)
 .text.hal_watchdog_start
                0x0001c6bc       0x78 ./bin/lib/40/S32K148_lib/lib_S32K148_hal_impl_s32k.a(hal_watchdog_s32k.o)
                0x0001c6bc                hal_watchdog_start
 .text.hal_watchdog_mask
                0x0001c734       0x1c ./bin/lib/40/S32K148_lib/lib_S32K148_hal_impl_s32k.a(hal_watchdog_s32k.o)
                0x0001c734                hal_watchdog_mask
 .text.hal_watchdog_signal
                0x0001c750       0x90 ./bin/lib/40/S32K148_lib/lib_S32K148_hal_impl_s32k.a(hal_watchdog_s32k.o)
                0x0001c750                hal_watchdog_signal
 .text.hal_sys_disable_all_interrupts
                0x0001c7e0        0x4 ./bin/lib/40/S32K148_lib/lib_S32K148_hal_impl_s32k.a(hal_sys_s32k.o)
                0x0001c7e0                hal_sys_disable_all_interrupts
 .text.hal_sys_enable_all_interrupts
                0x0001c7e4        0x4 ./bin/lib/40/S32K148_lib/lib_S32K148_hal_impl_s32k.a(hal_sys_s32k.o)
                0x0001c7e4                hal_sys_enable_all_interrupts
 .text.init     0x0001c7e8       0x28 ./bin/lib/40/S32K148_lib/lib_S32K148_bl_protocol.a(role.o)
 .text.role_constructor
                0x0001c810       0x30 ./bin/lib/40/S32K148_lib/lib_S32K148_bl_protocol.a(role.o)
 .text.role_dothis
                0x0001c840      0x198 ./bin/lib/40/S32K148_lib/lib_S32K148_bl_protocol.a(role.o)
                0x0001c840                role_dothis
 .text.role_play
                0x0001c9d8       0x34 ./bin/lib/40/S32K148_lib/lib_S32K148_bl_protocol.a(role.o)
                0x0001c9d8                role_play
 .text.role_private_play
                0x0001ca0c       0x40 ./bin/lib/40/S32K148_lib/lib_S32K148_bl_protocol.a(role_phy_can.o)
 .text.role_private_dothis
                0x0001ca4c      0xab0 ./bin/lib/40/S32K148_lib/lib_S32K148_bl_protocol.a(role_phy_can.o)
 .text.role_phy_can_constructor
                0x0001d4fc       0x44 ./bin/lib/40/S32K148_lib/lib_S32K148_bl_protocol.a(role_phy_can.o)
                0x0001d4fc                role_phy_can_constructor
 .text.role_phy_tick_update
                0x0001d540       0x50 ./bin/lib/40/S32K148_lib/lib_S32K148_bl_protocol.a(role_phy_tick.o)
 .text.role_private_play
                0x0001d590       0x20 ./bin/lib/40/S32K148_lib/lib_S32K148_bl_protocol.a(role_phy_tick.o)
 .text.role_phy_tick_timestamp
                0x0001d5b0       0x54 ./bin/lib/40/S32K148_lib/lib_S32K148_bl_protocol.a(role_phy_tick.o)
 .text.role_phy_tick_is_timeout
                0x0001d604       0x48 ./bin/lib/40/S32K148_lib/lib_S32K148_bl_protocol.a(role_phy_tick.o)
 .text.role_private_dothis
                0x0001d64c      0x2c8 ./bin/lib/40/S32K148_lib/lib_S32K148_bl_protocol.a(role_phy_tick.o)
 .text.role_phy_tick_constructor
                0x0001d914       0x2c ./bin/lib/40/S32K148_lib/lib_S32K148_bl_protocol.a(role_phy_tick.o)
                0x0001d914                role_phy_tick_constructor
 .text.role_private_play
                0x0001d940       0x1c ./bin/lib/40/S32K148_lib/lib_S32K148_bl_protocol.a(role_phy_sys.o)
 .text.role_private_dothis
                0x0001d95c      0x3f0 ./bin/lib/40/S32K148_lib/lib_S32K148_bl_protocol.a(role_phy_sys.o)
 .text.role_phy_sys_constructor
                0x0001dd4c       0x2c ./bin/lib/40/S32K148_lib/lib_S32K148_bl_protocol.a(role_phy_sys.o)
                0x0001dd4c                role_phy_sys_constructor
 .text.CCIF_Handler
                0x0001dd78       0x10 ./bin/lib/40/S32K148_lib/lib_S32K148_bl_protocol.a(role_phy_flash.o)
 .text.role_private_play
                0x0001dd88       0x1c ./bin/lib/40/S32K148_lib/lib_S32K148_bl_protocol.a(role_phy_flash.o)
 .text.role_private_dothis
                0x0001dda4      0x2c8 ./bin/lib/40/S32K148_lib/lib_S32K148_bl_protocol.a(role_phy_flash.o)
 .text.role_phy_flash_constructor
                0x0001e06c       0x2c ./bin/lib/40/S32K148_lib/lib_S32K148_bl_protocol.a(role_phy_flash.o)
                0x0001e06c                role_phy_flash_constructor
 .text.ee_version_get_compatible
                0x0001e098       0xf8 ./bin/lib/40/S32K148_lib/lib_S32K148_bl_protocol.a(ee_helper.o)
                0x0001e098                ee_version_get_compatible
 .text.ee_is_id_match
                0x0001e190       0x64 ./bin/lib/40/S32K148_lib/lib_S32K148_bl_protocol.a(ee_helper.o)
                0x0001e190                ee_is_id_match
 .text.ee_is_address_mapping_used
                0x0001e1f4       0x18 ./bin/lib/40/S32K148_lib/lib_S32K148_bl_protocol.a(ee_helper.o)
                0x0001e1f4                ee_is_address_mapping_used
 .text.bl_ee_binary_search
                0x0001e20c      0x130 ./bin/lib/40/S32K148_lib/lib_S32K148_bl_protocol.a(ee_helper.o)
 .text.bl_ee_transform_addr
                0x0001e33c       0x60 ./bin/lib/40/S32K148_lib/lib_S32K148_bl_protocol.a(ee_helper.o)
 .text.ee_read  0x0001e39c       0x60 ./bin/lib/40/S32K148_lib/lib_S32K148_bl_protocol.a(ee_helper.o)
                0x0001e39c                ee_read
 .text.ee_write
                0x0001e3fc       0xc0 ./bin/lib/40/S32K148_lib/lib_S32K148_bl_protocol.a(ee_helper.o)
                0x0001e3fc                ee_write
 .text.ee_write_max32
                0x0001e4bc       0x12 ./bin/lib/40/S32K148_lib/lib_S32K148_bl_protocol.a(ee_helper.o)
                0x0001e4bc                ee_write_max32
 .text.bl_ee_working_addr
                0x0001e4ce       0x1a ./bin/lib/40/S32K148_lib/lib_S32K148_bl_protocol.a(ee_helper.o)
                0x0001e4ce                bl_ee_working_addr
 .text.ee_set_defaults
                0x0001e4e8      0x260 ./bin/lib/40/S32K148_lib/lib_S32K148_bl_protocol.a(ee_helper.o)
                0x0001e4e8                ee_set_defaults
 .text.bl_protocol_bl_set_eeprom_access